Product: MDK-ARM Professional 5.10
Component: ARM Compiler 5.04 update 1 (build 49)
Tool: armlink [5040049]

==============================================================================

Section Cross References

    main.o(.text) refers to test.o(.text) for testMotor
    main.o(.text) refers to rt_cmsis.o(i.osKernelInitialize) for osKernelInitialize
    main.o(.text) refers to lcd.o(.text) for initializeLCD
    main.o(.text) refers to cc2500interface.o(.text) for initializeWireless
    main.o(.text) refers to proximitysensor.o(.text) for initializeProximitySensor
    main.o(.text) refers to motor.o(.text) for initializeMotor
    main.o(.text) refers to rt_cmsis.o(i.osMutexCreate) for osMutexCreate
    main.o(.text) refers to rt_cmsis.o(i.osThreadCreate) for osThreadCreate
    main.o(.text) refers to rt_cmsis.o(i.osKernelStart) for osKernelStart
    main.o(.text) refers to rt_cmsis.o(i.osDelay) for osDelay
    main.o(.text) refers to rt_cmsis.o(i.osTimerCreate) for osTimerCreate
    main.o(.text) refers to rt_cmsis.o(i.osTimerStart) for osTimerStart
    main.o(.text) refers to rt_cmsis.o(i.osSignalWait) for osSignalWait
    main.o(.text) refers to rt_cmsis.o(i.osMutexWait) for osMutexWait
    main.o(.text) refers to rt_cmsis.o(i.osMutexRelease) for osMutexRelease
    main.o(.text) refers to printf8.o(i.__0printf$8) for __2printf
    main.o(.text) refers to filter.o(.text) for filter_init
    main.o(.text) refers to dfltui.o(.text) for __aeabi_ui2d
    main.o(.text) refers to dmul.o(.text) for __aeabi_dmul
    main.o(.text) refers to ddiv.o(.text) for __aeabi_ddiv
    main.o(.text) refers to cos.o(i.__hardfp_cos) for __hardfp_cos
    main.o(.text) refers to d2f.o(.text) for __aeabi_d2f
    main.o(.text) refers to sin.o(i.__hardfp_sin) for __hardfp_sin
    main.o(.text) refers to cc2500.o(.text) for CC2500_Strobe
    main.o(.text) refers to stm32f4xx_gpio.o(.text) for GPIO_ToggleBits
    main.o(.text) refers to main.o(.data) for motorTest
    main.o(.text) refers to main.o(.constdata) for os_mutex_def_sensorCoordinates
    main.o(.text) refers to rt_cmsis.o(i.osSignalSet) for osSignalSet
    main.o(.text) refers to stm32f4xx_exti.o(.text) for EXTI_GetITStatus
    main.o(.constdata) refers to main.o(.text) for lcd
    main.o(.constdata) refers to main.o(.bss) for os_mutex_cb_sensorCoordinates
    stm32f429i_discovery_lcd.o(.text) refers to stm32f4xx_gpio.o(.text) for GPIO_ResetBits
    stm32f429i_discovery_lcd.o(.text) refers to stm32f4xx_spi.o(.text) for SPI_I2S_SendData
    stm32f429i_discovery_lcd.o(.text) refers to stm32f4xx_rcc.o(.text) for RCC_APB2PeriphClockCmd
    stm32f429i_discovery_lcd.o(.text) refers to stm32f429i_discovery_sdram.o(.text) for SDRAM_Init
    stm32f429i_discovery_lcd.o(.text) refers to stm32f4xx_ltdc.o(.text) for LTDC_Init
    stm32f429i_discovery_lcd.o(.text) refers to stm32f429i_discovery_lcd.o(.data) for LCD_Currentfonts
    stm32f429i_discovery_lcd.o(.text) refers to stm32f4xx_dma2d.o(.text) for DMA2D_DeInit
    stm32f429i_discovery_lcd.o(.data) refers to stm32f429i_discovery_lcd.o(.constdata) for ASCII16x24_Table
    stm32f429i_discovery_sdram.o(.text) refers to stm32f4xx_fmc.o(.text) for FMC_GetFlagStatus
    stm32f429i_discovery_sdram.o(.text) refers to stm32f4xx_rcc.o(.text) for RCC_AHB1PeriphClockCmd
    stm32f429i_discovery_sdram.o(.text) refers to stm32f4xx_gpio.o(.text) for GPIO_PinAFConfig
    proximitysensor.o(.text) refers to stm32f4xx_rcc.o(.text) for RCC_APB2PeriphClockCmd
    proximitysensor.o(.text) refers to stm32f4xx_adc.o(.text) for ADC_CommonStructInit
    proximitysensor.o(.text) refers to stm32f4xx_gpio.o(.text) for GPIO_Init
    proximitysensor.o(.text) refers to dfltui.o(.text) for __aeabi_ui2d
    proximitysensor.o(.text) refers to dadd.o(.text) for __aeabi_drsub
    proximitysensor.o(.text) refers to d2f.o(.text) for __aeabi_d2f
    proximitysensor.o(.text) refers to f2d.o(.text) for __aeabi_f2d
    proximitysensor.o(.text) refers to pow.o(i.__hardfp_pow) for __hardfp_pow
    proximitysensor.o(.text) refers to sqrt.o(i.__hardfp_sqrt) for __hardfp_sqrt
    proximitysensor.o(.text) refers to ddiv.o(.text) for __aeabi_ddiv
    motor.o(.text) refers to stm32f4xx_rcc.o(.text) for RCC_APB1PeriphClockCmd
    motor.o(.text) refers to stm32f4xx_tim.o(.text) for TIM_TimeBaseInit
    motor.o(.text) refers to stm32f4xx_gpio.o(.text) for GPIO_StructInit
    motor.o(.text) refers to system_stm32f4xx.o(.data) for SystemCoreClock
    motor.o(.text) refers to motor.o(.data) for pulseLength
    cc2500.o(.text) refers to stm32f4xx_spi.o(.text) for SPI_I2S_GetFlagStatus
    cc2500.o(.text) refers to stm32f4xx_gpio.o(.text) for GPIO_ResetBits
    cc2500.o(.text) refers to stm32f4xx_rcc.o(.text) for RCC_APB2PeriphClockCmd
    cc2500.o(.text) refers to rt_cmsis.o(i.osDelay) for osDelay
    cc2500interface.o(.text) refers to cc2500.o(.text) for CC2500_Init
[...]
    CC2500_Read                              0x08002ff9   Thumb Code    80  cc2500.o(.text)
    CC2500_TxPacket                          0x08003049   Thumb Code    42  cc2500.o(.text)
    CC2500_RxPackets                         0x08003073   Thumb Code    34  cc2500.o(.text)
    CC2500_StatusReg                         0x08003095   Thumb Code    40  cc2500.o(.text)
    CC2500_ComputeRssi                       0x080030bd   Thumb Code    62  cc2500.o(.text)
    initializeWireless                       0x0800310d   Thumb Code   138  cc2500interface.o(.text)
    testMotor                                0x080031bd   Thumb Code    18  test.o(.text)
    testProximitySensor                      0x080031cf   Thumb Code    30  test.o(.text)
    testLCD                                  0x080031ed   Thumb Code    66  test.o(.text)
    testMotorSpeed                           0x0800322f   Thumb Code   154  test.o(.text)
    drawGrid                                 0x080032ed   Thumb Code    64  lcd.o(.text)
    initializeLCD                            0x0800332d   Thumb Code    42  lcd.o(.text)
    clearPosition                            0x08003357   Thumb Code    26  lcd.o(.text)
    drawPosition                             0x08003371   Thumb Code    26  lcd.o(.text)
    os_idle_demon                            0x08003391   Thumb Code     4  rtx_conf_cm.o(.text)
    os_error                                 0x08003395   Thumb Code    26  rtx_conf_cm.o(.text)
    NVIC_PriorityGroupConfig                 0x080033b1   Thumb Code    10  misc.o(.text)
    NVIC_Init                                0x080033bb   Thumb Code   106  misc.o(.text)
    NVIC_SetVectorTable                      0x08003425   Thumb Code    14  misc.o(.text)
    NVIC_SystemLPConfig                      0x08003433   Thumb Code    34  misc.o(.text)
    SysTick_CLKSourceConfig                  0x08003455   Thumb Code    40  misc.o(.text)
    ADC_DeInit                               0x08003491   Thumb Code    22  stm32f4xx_adc.o(.text)
    ADC_Init                                 0x080034a7   Thumb Code    74  stm32f4xx_adc.o(.text)
    ADC_StructInit                           0x080034f1   Thumb Code    20  stm32f4xx_adc.o(.text)
    ADC_CommonInit                           0x08003505   Thumb Code    34  stm32f4xx_adc.o(.text)
    ADC_CommonStructInit                     0x08003527   Thumb Code    12  stm32f4xx_adc.o(.text)
    ADC_Cmd                                  0x08003533   Thumb Code    22  stm32f4xx_adc.o(.text)
    ADC_AnalogWatchdogCmd                    0x08003549   Thumb Code    16  stm32f4xx_adc.o(.text)
    ADC_AnalogWatchdogThresholdsConfig       0x08003559   Thumb Code     6  stm32f4xx_adc.o(.text)
    ADC_AnalogWatchdogSingleChannelConfig    0x0800355f   Thumb Code    16  stm32f4xx_adc.o(.text)
    ADC_TempSensorVrefintCmd                 0x0800356f   Thumb Code    34  stm32f4xx_adc.o(.text)
    ADC_VBATCmd                              0x08003591   Thumb Code    34  stm32f4xx_adc.o(.text)
    ADC_RegularChannelConfig                 0x080035b3   Thumb Code   184  stm32f4xx_adc.o(.text)
    ADC_SoftwareStartConv                    0x0800366b   Thumb Code    10  stm32f4xx_adc.o(.text)
    ADC_GetSoftwareStartConvStatus           0x08003675   Thumb Code    20  stm32f4xx_adc.o(.text)
    ADC_EOCOnEachRegularChannelCmd           0x08003689   Thumb Code    22  stm32f4xx_adc.o(.text)
    ADC_ContinuousModeCmd                    0x0800369f   Thumb Code    22  stm32f4xx_adc.o(.text)
    ADC_DiscModeChannelCountConfig           0x080036b5   Thumb Code    24  stm32f4xx_adc.o(.text)
    ADC_DiscModeCmd                          0x080036cd   Thumb Code    22  stm32f4xx_adc.o(.text)
    ADC_GetConversionValue                   0x080036e3   Thumb Code     8  stm32f4xx_adc.o(.text)
    ADC_GetMultiModeConversionValue          0x080036eb   Thumb Code     8  stm32f4xx_adc.o(.text)
    ADC_DMACmd                               0x080036f3   Thumb Code    22  stm32f4xx_adc.o(.text)
    ADC_DMARequestAfterLastTransferCmd       0x08003709   Thumb Code    22  stm32f4xx_adc.o(.text)
    ADC_MultiModeDMARequestAfterLastTransferCmd 0x0800371f   Thumb Code    34  stm32f4xx_adc.o(.text)
    ADC_InjectedChannelConfig                0x08003741   Thumb Code   130  stm32f4xx_adc.o(.text)
    ADC_InjectedSequencerLengthConfig        0x080037c3   Thumb Code    24  stm32f4xx_adc.o(.text)
    ADC_SetInjectedOffset                    0x080037db   Thumb Code    20  stm32f4xx_adc.o(.text)
    ADC_ExternalTrigInjectedConvConfig       0x080037ef   Thumb Code    16  stm32f4xx_adc.o(.text)
    ADC_ExternalTrigInjectedConvEdgeConfig   0x080037ff   Thumb Code    16  stm32f4xx_adc.o(.text)
    ADC_SoftwareStartInjectedConv            0x0800380f   Thumb Code    10  stm32f4xx_adc.o(.text)
    ADC_GetSoftwareStartInjectedConvCmdStatus 0x08003819   Thumb Code    20  stm32f4xx_adc.o(.text)
    ADC_AutoInjectedConvCmd                  0x0800382d   Thumb Code    22  stm32f4xx_adc.o(.text)
    ADC_InjectedDiscModeCmd                  0x08003843   Thumb Code    22  stm32f4xx_adc.o(.text)
    ADC_GetInjectedConversionValue           0x08003859   Thumb Code    28  stm32f4xx_adc.o(.text)
    ADC_ITConfig                             0x08003875   Thumb Code    56  stm32f4xx_adc.o(.text)
    ADC_GetFlagStatus                        0x080038ad   Thumb Code    18  stm32f4xx_adc.o(.text)
    ADC_ClearFlag                            0x080038bf   Thumb Code     6  stm32f4xx_adc.o(.text)
    ADC_GetITStatus                          0x080038c5   Thumb Code    38  stm32f4xx_adc.o(.text)
    ADC_ClearITPendingBit                    0x080038eb   Thumb Code    10  stm32f4xx_adc.o(.text)
    DMA2D_DeInit                             0x080038f5   Thumb Code    22  stm32f4xx_dma2d.o(.text)
    DMA2D_Init                               0x0800390b   Thumb Code   218  stm32f4xx_dma2d.o(.text)
    DMA2D_StructInit                         0x080039e5   Thumb Code    24  stm32f4xx_dma2d.o(.text)
    DMA2D_StartTransfer                      0x080039fd   Thumb Code    14  stm32f4xx_dma2d.o(.text)
    DMA2D_AbortTransfer                      0x08003a0b   Thumb Code    14  stm32f4xx_dma2d.o(.text)
    DMA2D_Suspend                            0x08003a19   Thumb Code    30  stm32f4xx_dma2d.o(.text)
    DMA2D_FGConfig                           0x08003a37   Thumb Code   174  stm32f4xx_dma2d.o(.text)
    DMA2D_FG_StructInit                      0x08003ae5   Thumb Code    26  stm32f4xx_dma2d.o(.text)
    DMA2D_BGConfig                           0x08003aff   Thumb Code   174  stm32f4xx_dma2d.o(.text)
    DMA2D_BG_StructInit                      0x08003bad   Thumb Code    26  stm32f4xx_dma2d.o(.text)
    DMA2D_FGStart                            0x08003bc7   Thumb Code    30  stm32f4xx_dma2d.o(.text)
    DMA2D_BGStart                            0x08003be5   Thumb Code    30  stm32f4xx_dma2d.o(.text)
    DMA2D_DeadTimeConfig                     0x08003c03   Thumb Code    50  stm32f4xx_dma2d.o(.text)
    DMA2D_LineWatermarkConfig                0x08003c35   Thumb Code     6  stm32f4xx_dma2d.o(.text)
    DMA2D_ITConfig                           0x08003c3b   Thumb Code    26  stm32f4xx_dma2d.o(.text)
    DMA2D_GetFlagStatus                      0x08003c55   Thumb Code    20  stm32f4xx_dma2d.o(.text)
    DMA2D_ClearFlag                          0x08003c69   Thumb Code     6  stm32f4xx_dma2d.o(.text)
    DMA2D_GetITStatus                        0x08003c6f   Thumb Code    38  stm32f4xx_dma2d.o(.text)
    DMA2D_ClearITPendingBit                  0x08003c95   Thumb Code     8  stm32f4xx_dma2d.o(.text)
    EXTI_DeInit                              0x08003ca9   Thumb Code    28  stm32f4xx_exti.o(.text)
    EXTI_Init                                0x08003cc5   Thumb Code   142  stm32f4xx_exti.o(.text)
    EXTI_StructInit                          0x08003d53   Thumb Code    16  stm32f4xx_exti.o(.text)
    EXTI_GenerateSWInterrupt                 0x08003d63   Thumb Code    16  stm32f4xx_exti.o(.text)
    EXTI_GetFlagStatus                       0x08003d73   Thumb Code    22  stm32f4xx_exti.o(.text)
    EXTI_ClearFlag                           0x08003d89   Thumb Code     8  stm32f4xx_exti.o(.text)
    EXTI_GetITStatus                         0x08003d91   Thumb Code    22  stm32f4xx_exti.o(.text)
    EXTI_ClearITPendingBit                   0x08003da7   Thumb Code     8  stm32f4xx_exti.o(.text)
    FMC_NORSRAMDeInit                        0x08003db9   Thumb Code    54  stm32f4xx_fmc.o(.text)
    FMC_NORSRAMInit                          0x08003def   Thumb Code   296  stm32f4xx_fmc.o(.text)
    FMC_NORSRAMStructInit                    0x08003f17   Thumb Code   120  stm32f4xx_fmc.o(.text)
    FMC_NORSRAMCmd                           0x08003f8f   Thumb Code    46  stm32f4xx_fmc.o(.text)
    FMC_NANDDeInit                           0x08003fbd   Thumb Code    62  stm32f4xx_fmc.o(.text)
    FMC_NANDInit                             0x08003ffb   Thumb Code   132  stm32f4xx_fmc.o(.text)
    FMC_NANDStructInit                       0x0800407f   Thumb Code    58  stm32f4xx_fmc.o(.text)
    FMC_NANDCmd                              0x080040b9   Thumb Code    86  stm32f4xx_fmc.o(.text)
    FMC_NANDECCCmd                           0x0800410f   Thumb Code    86  stm32f4xx_fmc.o(.text)
    FMC_GetECC                               0x08004165   Thumb Code    24  stm32f4xx_fmc.o(.text)
    FMC_PCCARDDeInit                         0x0800417d   Thumb Code    36  stm32f4xx_fmc.o(.text)
    FMC_PCCARDInit                           0x080041a1   Thumb Code   130  stm32f4xx_fmc.o(.text)
    FMC_PCCARDStructInit                     0x08004223   Thumb Code    60  stm32f4xx_fmc.o(.text)
    FMC_PCCARDCmd                            0x0800425f   Thumb Code    44  stm32f4xx_fmc.o(.text)
    FMC_SDRAMDeInit                          0x0800428b   Thumb Code    48  stm32f4xx_fmc.o(.text)
    FMC_SDRAMInit                            0x080042bb   Thumb Code   254  stm32f4xx_fmc.o(.text)
    FMC_SDRAMStructInit                      0x080043b9   Thumb Code    64  stm32f4xx_fmc.o(.text)
    FMC_SDRAMCmdConfig                       0x080043f9   Thumb Code    28  stm32f4xx_fmc.o(.text)
    FMC_GetModeStatus                        0x08004415   Thumb Code    32  stm32f4xx_fmc.o(.text)
    FMC_SetRefreshCount                      0x08004435   Thumb Code    20  stm32f4xx_fmc.o(.text)
    FMC_SetAutoRefresh_Number                0x08004449   Thumb Code    18  stm32f4xx_fmc.o(.text)
    FMC_SDRAMWriteProtectionConfig           0x0800445b   Thumb Code    56  stm32f4xx_fmc.o(.text)
    FMC_ITConfig                             0x08004493   Thumb Code   176  stm32f4xx_fmc.o(.text)
    FMC_GetFlagStatus                        0x08004543   Thumb Code    70  stm32f4xx_fmc.o(.text)
    FMC_ClearFlag                            0x08004589   Thumb Code    86  stm32f4xx_fmc.o(.text)
    FMC_GetITStatus                          0x080045df   Thumb Code    98  stm32f4xx_fmc.o(.text)
    FMC_ClearITPendingBit                    0x08004641   Thumb Code    94  stm32f4xx_fmc.o(.text)
    GPIO_DeInit                              0x080046a5   Thumb Code   268  stm32f4xx_gpio.o(.text)
    GPIO_Init                                0x080047b1   Thumb Code   144  stm32f4xx_gpio.o(.text)
    GPIO_StructInit                          0x08004841   Thumb Code    18  stm32f4xx_gpio.o(.text)
    GPIO_PinLockConfig                       0x08004853   Thumb Code    34  stm32f4xx_gpio.o(.text)
    GPIO_ReadInputDataBit                    0x08004875   Thumb Code    18  stm32f4xx_gpio.o(.text)
    GPIO_ReadInputData                       0x08004887   Thumb Code     8  stm32f4xx_gpio.o(.text)
    GPIO_ReadOutputDataBit                   0x0800488f   Thumb Code    18  stm32f4xx_gpio.o(.text)
    GPIO_ReadOutputData                      0x080048a1   Thumb Code     8  stm32f4xx_gpio.o(.text)
    GPIO_SetBits                             0x080048a9   Thumb Code     4  stm32f4xx_gpio.o(.text)
    GPIO_ResetBits                           0x080048ad   Thumb Code     4  stm32f4xx_gpio.o(.text)
    GPIO_WriteBit                            0x080048b1   Thumb Code    10  stm32f4xx_gpio.o(.text)
    GPIO_Write                               0x080048bb   Thumb Code     4  stm32f4xx_gpio.o(.text)
    GPIO_ToggleBits                          0x080048bf   Thumb Code     8  stm32f4xx_gpio.o(.text)
    GPIO_PinAFConfig                         0x080048c7   Thumb Code    70  stm32f4xx_gpio.o(.text)
    LTDC_DeInit                              0x08004939   Thumb Code    22  stm32f4xx_ltdc.o(.text)
    LTDC_Init                                0x0800494f   Thumb Code   378  stm32f4xx_ltdc.o(.text)
    LTDC_StructInit                          0x08004ac9   Thumb Code    34  stm32f4xx_ltdc.o(.text)
    LTDC_Cmd                                 0x08004aeb   Thumb Code    38  stm32f4xx_ltdc.o(.text)
    LTDC_DitherCmd                           0x08004b11   Thumb Code    38  stm32f4xx_ltdc.o(.text)
    LTDC_GetRGBWidth                         0x08004b37   Thumb Code    58  stm32f4xx_ltdc.o(.text)
    LTDC_RGBStructInit                       0x08004b71   Thumb Code    10  stm32f4xx_ltdc.o(.text)
    LTDC_LIPConfig                           0x08004b7b   Thumb Code     8  stm32f4xx_ltdc.o(.text)
    LTDC_ReloadConfig                        0x08004b83   Thumb Code     8  stm32f4xx_ltdc.o(.text)
    LTDC_LayerInit                           0x08004b8b   Thumb Code   276  stm32f4xx_ltdc.o(.text)
    LTDC_LayerStructInit                     0x08004c9f   Thumb Code    48  stm32f4xx_ltdc.o(.text)
    LTDC_LayerCmd                            0x08004ccf   Thumb Code    22  stm32f4xx_ltdc.o(.text)
    LTDC_GetPosStatus                        0x08004ce5   Thumb Code    42  stm32f4xx_ltdc.o(.text)
    LTDC_PosStructInit                       0x08004d0f   Thumb Code     8  stm32f4xx_ltdc.o(.text)
    LTDC_GetCDStatus                         0x08004d17   Thumb Code    20  stm32f4xx_ltdc.o(.text)
    LTDC_ColorKeyingConfig                   0x08004d2b   Thumb Code    74  stm32f4xx_ltdc.o(.text)
    LTDC_ColorKeyingStructInit               0x08004d75   Thumb Code    10  stm32f4xx_ltdc.o(.text)
    LTDC_CLUTCmd                             0x08004d7f   Thumb Code    28  stm32f4xx_ltdc.o(.text)
    LTDC_CLUTInit                            0x08004d9b   Thumb Code    32  stm32f4xx_ltdc.o(.text)
    LTDC_CLUTStructInit                      0x08004dbb   Thumb Code    12  stm32f4xx_ltdc.o(.text)
    LTDC_LayerPosition                       0x08004dc7   Thumb Code   158  stm32f4xx_ltdc.o(.text)
    LTDC_LayerAlpha                          0x08004e65   Thumb Code     4  stm32f4xx_ltdc.o(.text)
    LTDC_LayerAddress                        0x08004e69   Thumb Code     4  stm32f4xx_ltdc.o(.text)
    LTDC_LayerSize                           0x08004e6d   Thumb Code   116  stm32f4xx_ltdc.o(.text)
    LTDC_LayerPixelFormat                    0x08004ee1   Thumb Code   106  stm32f4xx_ltdc.o(.text)
    LTDC_ITConfig                            0x08004f4b   Thumb Code    34  stm32f4xx_ltdc.o(.text)
    LTDC_GetFlagStatus                       0x08004f6d   Thumb Code    22  stm32f4xx_ltdc.o(.text)
    LTDC_ClearFlag                           0x08004f83   Thumb Code     8  stm32f4xx_ltdc.o(.text)
    LTDC_GetITStatus                         0x08004f8b   Thumb Code    40  stm32f4xx_ltdc.o(.text)
    LTDC_ClearITPendingBit                   0x08004fb3   Thumb Code     8  stm32f4xx_ltdc.o(.text)
    RCC_DeInit                               0x08004fc1   Thumb Code    82  stm32f4xx_rcc.o(.text)
    RCC_HSEConfig                            0x08005013   Thumb Code    14  stm32f4xx_rcc.o(.text)
    RCC_GetFlagStatus                        0x08005021   Thumb Code    60  stm32f4xx_rcc.o(.text)
    RCC_WaitForHSEStartUp                    0x0800505d   Thumb Code    56  stm32f4xx_rcc.o(.text)
    RCC_AdjustHSICalibrationValue            0x08005095   Thumb Code    20  stm32f4xx_rcc.o(.text)
    RCC_HSICmd                               0x080050a9   Thumb Code     6  stm32f4xx_rcc.o(.text)
    RCC_LSEConfig                            0x080050af   Thumb Code    46  stm32f4xx_rcc.o(.text)
    RCC_LSICmd                               0x080050dd   Thumb Code     6  stm32f4xx_rcc.o(.text)
    RCC_PLLConfig                            0x080050e3   Thumb Code    32  stm32f4xx_rcc.o(.text)
    RCC_PLLCmd                               0x08005103   Thumb Code     6  stm32f4xx_rcc.o(.text)
    RCC_PLLI2SConfig                         0x08005109   Thumb Code    20  stm32f4xx_rcc.o(.text)
    RCC_PLLI2SCmd                            0x0800511d   Thumb Code     6  stm32f4xx_rcc.o(.text)
    RCC_PLLSAIConfig                         0x08005123   Thumb Code    20  stm32f4xx_rcc.o(.text)
    RCC_PLLSAICmd                            0x08005137   Thumb Code     6  stm32f4xx_rcc.o(.text)
    RCC_ClockSecuritySystemCmd               0x0800513d   Thumb Code     6  stm32f4xx_rcc.o(.text)
    RCC_MCO1Config                           0x08005143   Thumb Code    28  stm32f4xx_rcc.o(.text)
    RCC_MCO2Config                           0x0800515f   Thumb Code    28  stm32f4xx_rcc.o(.text)
    RCC_SYSCLKConfig                         0x0800517b   Thumb Code    20  stm32f4xx_rcc.o(.text)
    RCC_GetSYSCLKSource                      0x0800518f   Thumb Code    12  stm32f4xx_rcc.o(.text)
    RCC_HCLKConfig                           0x0800519b   Thumb Code    20  stm32f4xx_rcc.o(.text)
    RCC_PCLK1Config                          0x080051af   Thumb Code    20  stm32f4xx_rcc.o(.text)
    RCC_PCLK2Config                          0x080051c3   Thumb Code    22  stm32f4xx_rcc.o(.text)
    RCC_GetClocksFreq                        0x080051d9   Thumb Code   222  stm32f4xx_rcc.o(.text)
    RCC_RTCCLKConfig                         0x080052b7   Thumb Code    54  stm32f4xx_rcc.o(.text)
    RCC_RTCCLKCmd                            0x080052ed   Thumb Code     8  stm32f4xx_rcc.o(.text)
    RCC_BackupResetCmd                       0x080052f5   Thumb Code     8  stm32f4xx_rcc.o(.text)
    RCC_I2SCLKConfig                         0x080052fd   Thumb Code     6  stm32f4xx_rcc.o(.text)
    RCC_SAIPLLI2SClkDivConfig                0x08005303   Thumb Code    26  stm32f4xx_rcc.o(.text)
    RCC_SAIPLLSAIClkDivConfig                0x0800531d   Thumb Code    28  stm32f4xx_rcc.o(.text)
    RCC_SAIBlockACLKConfig                   0x08005339   Thumb Code    20  stm32f4xx_rcc.o(.text)
    RCC_SAIBlockBCLKConfig                   0x0800534d   Thumb Code    20  stm32f4xx_rcc.o(.text)
    RCC_LTDCCLKDivConfig                     0x08005361   Thumb Code    20  stm32f4xx_rcc.o(.text)
    RCC_TIMCLKPresConfig                     0x08005375   Thumb Code     6  stm32f4xx_rcc.o(.text)
    RCC_AHB1PeriphClockCmd                   0x0800537b   Thumb Code    82  stm32f4xx_rcc.o(.text)
    RCC_AHB2PeriphClockCmd                   0x080053cd   Thumb Code    26  stm32f4xx_rcc.o(.text)
    RCC_AHB3PeriphClockCmd                   0x080053e7   Thumb Code    34  stm32f4xx_rcc.o(.text)
    RCC_APB1PeriphClockCmd                   0x08005409   Thumb Code    34  stm32f4xx_rcc.o(.text)
    RCC_APB2PeriphClockCmd                   0x0800542b   Thumb Code    34  stm32f4xx_rcc.o(.text)
    RCC_AHB1PeriphResetCmd                   0x0800544d   Thumb Code    34  stm32f4xx_rcc.o(.text)
    RCC_AHB2PeriphResetCmd                   0x0800546f   Thumb Code    34  stm32f4xx_rcc.o(.text)
    RCC_AHB3PeriphResetCmd                   0x08005491   Thumb Code    34  stm32f4xx_rcc.o(.text)
    RCC_APB1PeriphResetCmd                   0x080054b3   Thumb Code    34  stm32f4xx_rcc.o(.text)
    RCC_APB2PeriphResetCmd                   0x080054d5   Thumb Code    34  stm32f4xx_rcc.o(.text)
    RCC_AHB1PeriphClockLPModeCmd             0x080054f7   Thumb Code    34  stm32f4xx_rcc.o(.text)
    RCC_AHB2PeriphClockLPModeCmd             0x08005519   Thumb Code    34  stm32f4xx_rcc.o(.text)
    RCC_AHB3PeriphClockLPModeCmd             0x0800553b   Thumb Code    34  stm32f4xx_rcc.o(.text)
    RCC_APB1PeriphClockLPModeCmd             0x0800555d   Thumb Code    34  stm32f4xx_rcc.o(.text)
    RCC_APB2PeriphClockLPModeCmd             0x0800557f   Thumb Code    34  stm32f4xx_rcc.o(.text)
    RCC_ITConfig                             0x080055a1   Thumb Code    34  stm32f4xx_rcc.o(.text)
    RCC_ClearFlag                            0x080055c3   Thumb Code    18  stm32f4xx_rcc.o(.text)
    RCC_GetITStatus                          0x080055d5   Thumb Code    22  stm32f4xx_rcc.o(.text)
    RCC_ClearITPendingBit                    0x080055eb   Thumb Code     8  stm32f4xx_rcc.o(.text)
    SPI_I2S_DeInit                           0x080055f9   Thumb Code   152  stm32f4xx_spi.o(.text)
    SPI_Init                                 0x08005691   Thumb Code    60  stm32f4xx_spi.o(.text)
    I2S_Init                                 0x080056cd   Thumb Code   350  stm32f4xx_spi.o(.text)
    SPI_StructInit                           0x0800582b   Thumb Code    24  stm32f4xx_spi.o(.text)
    I2S_StructInit                           0x08005843   Thumb Code    20  stm32f4xx_spi.o(.text)
    SPI_Cmd                                  0x08005857   Thumb Code    24  stm32f4xx_spi.o(.text)
    I2S_Cmd                                  0x0800586f   Thumb Code    24  stm32f4xx_spi.o(.text)
    SPI_DataSizeConfig                       0x08005887   Thumb Code    18  stm32f4xx_spi.o(.text)
    SPI_BiDirectionalLineConfig              0x08005899   Thumb Code    28  stm32f4xx_spi.o(.text)
    SPI_NSSInternalSoftwareConfig            0x080058b5   Thumb Code    30  stm32f4xx_spi.o(.text)
    SPI_SSOutputCmd                          0x080058d3   Thumb Code    24  stm32f4xx_spi.o(.text)
    SPI_TIModeCmd                            0x080058eb   Thumb Code    24  stm32f4xx_spi.o(.text)
    I2S_FullDuplexConfig                     0x08005903   Thumb Code    80  stm32f4xx_spi.o(.text)
    SPI_I2S_ReceiveData                      0x08005953   Thumb Code     6  stm32f4xx_spi.o(.text)
    SPI_I2S_SendData                         0x08005959   Thumb Code     4  stm32f4xx_spi.o(.text)
    SPI_CalculateCRC                         0x0800595d   Thumb Code    24  stm32f4xx_spi.o(.text)
    SPI_TransmitCRC                          0x08005975   Thumb Code    10  stm32f4xx_spi.o(.text)
    SPI_GetCRC                               0x0800597f   Thumb Code    16  stm32f4xx_spi.o(.text)
    SPI_GetCRCPolynomial                     0x0800598f   Thumb Code     6  stm32f4xx_spi.o(.text)
    SPI_I2S_DMACmd                           0x08005995   Thumb Code    18  stm32f4xx_spi.o(.text)
    SPI_I2S_ITConfig                         0x080059a7   Thumb Code    32  stm32f4xx_spi.o(.text)
    SPI_I2S_GetFlagStatus                    0x080059c7   Thumb Code    50  stm32f4xx_spi.o(.text)
    SPI_I2S_ClearFlag                        0x080059f9   Thumb Code     6  stm32f4xx_spi.o(.text)
    SPI_I2S_GetITStatus                      0x080059ff   Thumb Code    52  stm32f4xx_spi.o(.text)
    SPI_I2S_ClearITPendingBit                0x08005a33   Thumb Code    20  stm32f4xx_spi.o(.text)
    SYSCFG_DeInit                            0x08005a49   Thumb Code    22  stm32f4xx_syscfg.o(.text)
    SYSCFG_MemoryRemapConfig                 0x08005a5f   Thumb Code     6  stm32f4xx_syscfg.o(.text)
    SYSCFG_MemorySwappingBank                0x08005a65   Thumb Code     6  stm32f4xx_syscfg.o(.text)
    SYSCFG_EXTILineConfig                    0x08005a6b   Thumb Code    66  stm32f4xx_syscfg.o(.text)
    SYSCFG_ETH_MediaInterfaceConfig          0x08005aad   Thumb Code     8  stm32f4xx_syscfg.o(.text)
    SYSCFG_CompensationCellCmd               0x08005ab5   Thumb Code     6  stm32f4xx_syscfg.o(.text)
    SYSCFG_GetCompensationCellStatus         0x08005abb   Thumb Code    22  stm32f4xx_syscfg.o(.text)
    TIM_DeInit                               0x08005add   Thumb Code   346  stm32f4xx_tim.o(.text)
    TIM_TimeBaseInit                         0x08005c37   Thumb Code   104  stm32f4xx_tim.o(.text)
    TIM_TimeBaseStructInit                   0x08005c9f   Thumb Code    18  stm32f4xx_tim.o(.text)
    TIM_PrescalerConfig                      0x08005cb1   Thumb Code     6  stm32f4xx_tim.o(.text)
    TIM_CounterModeConfig                    0x08005cb7   Thumb Code    18  stm32f4xx_tim.o(.text)
    TIM_SetCounter                           0x08005cc9   Thumb Code     4  stm32f4xx_tim.o(.text)
    TIM_SetAutoreload                        0x08005ccd   Thumb Code     4  stm32f4xx_tim.o(.text)
    TIM_GetCounter                           0x08005cd1   Thumb Code     6  stm32f4xx_tim.o(.text)
    TIM_GetPrescaler                         0x08005cd7   Thumb Code     6  stm32f4xx_tim.o(.text)
    TIM_UpdateDisableConfig                  0x08005cdd   Thumb Code    24  stm32f4xx_tim.o(.text)
    TIM_UpdateRequestConfig                  0x08005cf5   Thumb Code    24  stm32f4xx_tim.o(.text)
    TIM_ARRPreloadConfig                     0x08005d0d   Thumb Code    24  stm32f4xx_tim.o(.text)
    TIM_SelectOnePulseMode                   0x08005d25   Thumb Code    18  stm32f4xx_tim.o(.text)
    TIM_SetClockDivision                     0x08005d37   Thumb Code    18  stm32f4xx_tim.o(.text)
    TIM_Cmd                                  0x08005d49   Thumb Code    24  stm32f4xx_tim.o(.text)
    TIM_OC1Init                              0x08005d61   Thumb Code   114  stm32f4xx_tim.o(.text)
    TIM_OC2Init                              0x08005dd3   Thumb Code   154  stm32f4xx_tim.o(.text)
    TIM_OC3Init                              0x08005e6d   Thumb Code   204  stm32f4xx_tim.o(.text)
    TIM_OC4Init                              0x08005f39   Thumb Code   112  stm32f4xx_tim.o(.text)
    TIM_OCStructInit                         0x08005fa9   Thumb Code    20  stm32f4xx_tim.o(.text)
    TIM_SelectOCxM                           0x08005fbd   Thumb Code    86  stm32f4xx_tim.o(.text)
    TIM_SetCompare1                          0x08006013   Thumb Code     4  stm32f4xx_tim.o(.text)
    TIM_SetCompare2                          0x08006017   Thumb Code     4  stm32f4xx_tim.o(.text)
    TIM_SetCompare3                          0x0800601b   Thumb Code     4  stm32f4xx_tim.o(.text)
    TIM_SetCompare4                          0x0800601f   Thumb Code     4  stm32f4xx_tim.o(.text)
    TIM_ForcedOC1Config                      0x08006023   Thumb Code    18  stm32f4xx_tim.o(.text)
    TIM_ForcedOC2Config                      0x08006035   Thumb Code    26  stm32f4xx_tim.o(.text)
    TIM_ForcedOC3Config                      0x0800604f   Thumb Code    18  stm32f4xx_tim.o(.text)
    TIM_ForcedOC4Config                      0x08006061   Thumb Code    26  stm32f4xx_tim.o(.text)
    TIM_OC1PreloadConfig                     0x0800607b   Thumb Code    18  stm32f4xx_tim.o(.text)
    TIM_OC2PreloadConfig                     0x0800608d   Thumb Code    26  stm32f4xx_tim.o(.text)
    TIM_OC3PreloadConfig                     0x080060a7   Thumb Code    18  stm32f4xx_tim.o(.text)
    TIM_OC4PreloadConfig                     0x080060b9   Thumb Code    26  stm32f4xx_tim.o(.text)
    TIM_OC1FastConfig                        0x080060d3   Thumb Code    18  stm32f4xx_tim.o(.text)
    TIM_OC2FastConfig                        0x080060e5   Thumb Code    26  stm32f4xx_tim.o(.text)
    TIM_OC3FastConfig                        0x080060ff   Thumb Code    18  stm32f4xx_tim.o(.text)
    TIM_OC4FastConfig                        0x08006111   Thumb Code    26  stm32f4xx_tim.o(.text)
    TIM_ClearOC1Ref                          0x0800612b   Thumb Code    18  stm32f4xx_tim.o(.text)
    TIM_ClearOC2Ref                          0x0800613d   Thumb Code    24  stm32f4xx_tim.o(.text)
    TIM_ClearOC3Ref                          0x08006155   Thumb Code    18  stm32f4xx_tim.o(.text)
    TIM_ClearOC4Ref                          0x08006167   Thumb Code    24  stm32f4xx_tim.o(.text)
    TIM_OC1PolarityConfig                    0x0800617f   Thumb Code    18  stm32f4xx_tim.o(.text)
    TIM_OC1NPolarityConfig                   0x08006191   Thumb Code    18  stm32f4xx_tim.o(.text)
    TIM_OC2PolarityConfig                    0x080061a3   Thumb Code    26  stm32f4xx_tim.o(.text)
    TIM_OC2NPolarityConfig                   0x080061bd   Thumb Code    26  stm32f4xx_tim.o(.text)
    TIM_OC3PolarityConfig                    0x080061d7   Thumb Code    26  stm32f4xx_tim.o(.text)
    TIM_OC3NPolarityConfig                   0x080061f1   Thumb Code    26  stm32f4xx_tim.o(.text)
    TIM_OC4PolarityConfig                    0x0800620b   Thumb Code    26  stm32f4xx_tim.o(.text)
    TIM_CCxCmd                               0x08006225   Thumb Code    30  stm32f4xx_tim.o(.text)
    TIM_CCxNCmd                              0x08006243   Thumb Code    30  stm32f4xx_tim.o(.text)
    TIM_SetIC4Prescaler                      0x08006261   Thumb Code    26  stm32f4xx_tim.o(.text)
    TIM_SetIC3Prescaler                      0x080062cb   Thumb Code    18  stm32f4xx_tim.o(.text)
    TIM_SetIC2Prescaler                      0x08006325   Thumb Code    26  stm32f4xx_tim.o(.text)
    TIM_SetIC1Prescaler                      0x08006399   Thumb Code    18  stm32f4xx_tim.o(.text)
    TIM_ICInit                               0x080063e5   Thumb Code   110  stm32f4xx_tim.o(.text)
    TIM_ICStructInit                         0x08006453   Thumb Code    18  stm32f4xx_tim.o(.text)
    TIM_PWMIConfig                           0x08006465   Thumb Code   124  stm32f4xx_tim.o(.text)
    TIM_GetCapture1                          0x080064e1   Thumb Code     6  stm32f4xx_tim.o(.text)
    TIM_GetCapture2                          0x080064e7   Thumb Code     6  stm32f4xx_tim.o(.text)
    TIM_GetCapture3                          0x080064ed   Thumb Code     6  stm32f4xx_tim.o(.text)
    TIM_GetCapture4                          0x080064f3   Thumb Code     6  stm32f4xx_tim.o(.text)
    TIM_BDTRConfig                           0x080064f9   Thumb Code    32  stm32f4xx_tim.o(.text)
    TIM_BDTRStructInit                       0x08006519   Thumb Code    18  stm32f4xx_tim.o(.text)
    TIM_CtrlPWMOutputs                       0x0800652b   Thumb Code    30  stm32f4xx_tim.o(.text)
    TIM_SelectCOM                            0x08006549   Thumb Code    24  stm32f4xx_tim.o(.text)
    TIM_CCPreloadControl                     0x08006561   Thumb Code    24  stm32f4xx_tim.o(.text)
    TIM_ITConfig                             0x08006579   Thumb Code    18  stm32f4xx_tim.o(.text)
    TIM_GenerateEvent                        0x0800658b   Thumb Code     4  stm32f4xx_tim.o(.text)
    TIM_GetFlagStatus                        0x0800658f   Thumb Code    18  stm32f4xx_tim.o(.text)
    TIM_ClearFlag                            0x080065a1   Thumb Code     6  stm32f4xx_tim.o(.text)
    TIM_GetITStatus                          0x080065a7   Thumb Code    34  stm32f4xx_tim.o(.text)
    TIM_ClearITPendingBit                    0x080065c9   Thumb Code     6  stm32f4xx_tim.o(.text)
    TIM_DMAConfig                            0x080065cf   Thumb Code    10  stm32f4xx_tim.o(.text)
    TIM_DMACmd                               0x080065d9   Thumb Code    18  stm32f4xx_tim.o(.text)
    TIM_SelectCCDMA                          0x080065eb   Thumb Code    24  stm32f4xx_tim.o(.text)
    TIM_InternalClockConfig                  0x08006603   Thumb Code    12  stm32f4xx_tim.o(.text)
    TIM_SelectInputTrigger                   0x0800660f   Thumb Code    18  stm32f4xx_tim.o(.text)
    TIM_ITRxExternalClockConfig              0x08006621   Thumb Code    24  stm32f4xx_tim.o(.text)
    TIM_TIxExternalClockConfig               0x08006639   Thumb Code    62  stm32f4xx_tim.o(.text)
    TIM_ETRConfig                            0x08006677   Thumb Code    28  stm32f4xx_tim.o(.text)
    TIM_ETRClockMode1Config                  0x08006693   Thumb Code    54  stm32f4xx_tim.o(.text)
    TIM_ETRClockMode2Config                  0x080066c9   Thumb Code    32  stm32f4xx_tim.o(.text)
    TIM_SelectOutputTrigger                  0x080066e9   Thumb Code    18  stm32f4xx_tim.o(.text)
    TIM_SelectSlaveMode                      0x080066fb   Thumb Code    18  stm32f4xx_tim.o(.text)
    TIM_SelectMasterSlaveMode                0x0800670d   Thumb Code    18  stm32f4xx_tim.o(.text)
    TIM_EncoderInterfaceConfig               0x0800671f   Thumb Code    66  stm32f4xx_tim.o(.text)
    TIM_SelectHallSensor                     0x08006761   Thumb Code    24  stm32f4xx_tim.o(.text)
    TIM_RemapConfig                          0x08006779   Thumb Code     6  stm32f4xx_tim.o(.text)
    Reset_Handler                            0x08006781   Thumb Code     8  startup_stm32f429_439xx.o(.text)
    NMI_Handler                              0x08006789   Thumb Code     2  startup_stm32f429_439xx.o(.text)
    HardFault_Handler                        0x0800678b   Thumb Code     2  startup_stm32f429_439xx.o(.text)
    MemManage_Handler                        0x0800678d   Thumb Code     2  startup_stm32f429_439xx.o(.text)
    BusFault_Handler                         0x0800678f   Thumb Code     2  startup_stm32f429_439xx.o(.text)
    UsageFault_Handler                       0x08006791   Thumb Code     2  startup_stm32f429_439xx.o(.text)
    DebugMon_Handler                         0x08006795   Thumb Code     2  startup_stm32f429_439xx.o(.text)
    ADC_IRQHandler                           0x0800679b   Thumb Code     0  startup_stm32f429_439xx.o(.text)
    CAN1_RX0_IRQHandler                      0x0800679b   Thumb Code     0  startup_stm32f429_439xx.o(.text)
    CAN1_RX1_IRQHandler                      0x0800679b   Thumb Code     0  startup_stm32f429_439xx.o(.text)
    CAN1_SCE_IRQHandler                      0x0800679b   Thumb Code     0  startup_stm32f429_439xx.o(.text)
    CAN1_TX_IRQHandler                       0x0800679b   Thumb Code     0  startup_stm32f429_439xx.o(.text)
    CAN2_RX0_IRQHandler                      0x0800679b   Thumb Code     0  startup_stm32f429_439xx.o(.text)
    CAN2_RX1_IRQHandler                      0x0800679b   Thumb Code     0  startup_stm32f429_439xx.o(.text)
    CAN2_SCE_IRQHandler                      0x0800679b   Thumb Code     0  startup_stm32f429_439xx.o(.text)
    CAN2_TX_IRQHandler                       0x0800679b   Thumb Code     0  startup_stm32f429_439xx.o(.text)
    CRYP_IRQHandler                          0x0800679b   Thumb Code     0  startup_stm32f429_439xx.o(.text)
    DCMI_IRQHandler                          0x0800679b   Thumb Code     0  startup_stm32f429_439xx.o(.text)
    DMA1_Stream0_IRQHandler                  0x0800679b   Thumb Code     0  startup_stm32f429_439xx.o(.text)
    DMA1_Stream1_IRQHandler                  0x0800679b   Thumb Code     0  startup_stm32f429_439xx.o(.text)
    DMA1_Stream2_IRQHandler                  0x0800679b   Thumb Code     0  startup_stm32f429_439xx.o(.text)
    DMA1_Stream3_IRQHandler                  0x0800679b   Thumb Code     0  startup_stm32f429_439xx.o(.text)
    DMA1_Stream4_IRQHandler                  0x0800679b   Thumb Code     0  startup_stm32f429_439xx.o(.text)
    DMA1_Stream5_IRQHandler                  0x0800679b   Thumb Code     0  startup_stm32f429_439xx.o(.text)
    DMA1_Stream6_IRQHandler                  0x0800679b   Thumb Code     0  startup_stm32f429_439xx.o(.text)
    DMA1_Stream7_IRQHandler                  0x0800679b   Thumb Code     0  startup_stm32f429_439xx.o(.text)
    DMA2D_IRQHandler                         0x0800679b   Thumb Code     0  startup_stm32f429_439xx.o(.text)
    DMA2_Stream0_IRQHandler                  0x0800679b   Thumb Code     0  startup_stm32f429_439xx.o(.text)
    DMA2_Stream1_IRQHandler                  0x0800679b   Thumb Code     0  startup_stm32f429_439xx.o(.text)
    DMA2_Stream2_IRQHandler                  0x0800679b   Thumb Code     0  startup_stm32f429_439xx.o(.text)
    DMA2_Stream3_IRQHandler                  0x0800679b   Thumb Code     0  startup_stm32f429_439xx.o(.text)
    DMA2_Stream4_IRQHandler                  0x0800679b   Thumb Code     0  startup_stm32f429_439xx.o(.text)
    DMA2_Stream5_IRQHandler                  0x0800679b   Thumb Code     0  startup_stm32f429_439xx.o(.text)
    DMA2_Stream6_IRQHandler                  0x0800679b   Thumb Code     0  startup_stm32f429_439xx.o(.text)
    DMA2_Stream7_IRQHandler                  0x0800679b   Thumb Code     0  startup_stm32f429_439xx.o(.text)
    ETH_IRQHandler                           0x0800679b   Thumb Code     0  startup_stm32f429_439xx.o(.text)
    ETH_WKUP_IRQHandler                      0x0800679b   Thumb Code     0  startup_stm32f429_439xx.o(.text)
    EXTI0_IRQHandler                         0x0800679b   Thumb Code     0  startup_stm32f429_439xx.o(.text)
    EXTI15_10_IRQHandler                     0x0800679b   Thumb Code     0  startup_stm32f429_439xx.o(.text)
    EXTI1_IRQHandler                         0x0800679b   Thumb Code     0  startup_stm32f429_439xx.o(.text)
    EXTI2_IRQHandler                         0x0800679b   Thumb Code     0  startup_stm32f429_439xx.o(.text)
    EXTI3_IRQHandler                         0x0800679b   Thumb Code     0  startup_stm32f429_439xx.o(.text)
    EXTI9_5_IRQHandler                       0x0800679b   Thumb Code     0  startup_stm32f429_439xx.o(.text)
    FLASH_IRQHandler                         0x0800679b   Thumb Code     0  startup_stm32f429_439xx.o(.text)
    FMC_IRQHandler                           0x0800679b   Thumb Code     0  startup_stm32f429_439xx.o(.text)
    FPU_IRQHandler                           0x0800679b   Thumb Code     0  startup_stm32f429_439xx.o(.text)
    HASH_RNG_IRQHandler                      0x0800679b   Thumb Code     0  startup_stm32f429_439xx.o(.text)
    I2C1_ER_IRQHandler                       0x0800679b   Thumb Code     0  startup_stm32f429_439xx.o(.text)
    I2C1_EV_IRQHandler                       0x0800679b   Thumb Code     0  startup_stm32f429_439xx.o(.text)
    I2C2_ER_IRQHandler                       0x0800679b   Thumb Code     0  startup_stm32f429_439xx.o(.text)
    I2C2_EV_IRQHandler                       0x0800679b   Thumb Code     0  startup_stm32f429_439xx.o(.text)
    I2C3_ER_IRQHandler                       0x0800679b   Thumb Code     0  startup_stm32f429_439xx.o(.text)
    I2C3_EV_IRQHandler                       0x0800679b   Thumb Code     0  startup_stm32f429_439xx.o(.text)
    LTDC_ER_IRQHandler                       0x0800679b   Thumb Code     0  startup_stm32f429_439xx.o(.text)
    LTDC_IRQHandler                          0x0800679b   Thumb Code     0  startup_stm32f429_439xx.o(.text)
    OTG_FS_IRQHandler                        0x0800679b   Thumb Code     0  startup_stm32f429_439xx.o(.text)
    OTG_FS_WKUP_IRQHandler                   0x0800679b   Thumb Code     0  startup_stm32f429_439xx.o(.text)
    OTG_HS_EP1_IN_IRQHandler                 0x0800679b   Thumb Code     0  startup_stm32f429_439xx.o(.text)
    OTG_HS_EP1_OUT_IRQHandler                0x0800679b   Thumb Code     0  startup_stm32f429_439xx.o(.text)
    OTG_HS_IRQHandler                        0x0800679b   Thumb Code     0  startup_stm32f429_439xx.o(.text)
    OTG_HS_WKUP_IRQHandler                   0x0800679b   Thumb Code     0  startup_stm32f429_439xx.o(.text)
    PVD_IRQHandler                           0x0800679b   Thumb Code     0  startup_stm32f429_439xx.o(.text)
    RCC_IRQHandler                           0x0800679b   Thumb Code     0  startup_stm32f429_439xx.o(.text)
    RTC_Alarm_IRQHandler                     0x0800679b   Thumb Code     0  startup_stm32f429_439xx.o(.text)
    RTC_WKUP_IRQHandler                      0x0800679b   Thumb Code     0  startup_stm32f429_439xx.o(.text)
    SAI1_IRQHandler                          0x0800679b   Thumb Code     0  startup_stm32f429_439xx.o(.text)
    SDIO_IRQHandler                          0x0800679b   Thumb Code     0  startup_stm32f429_439xx.o(.text)
    SPI1_IRQHandler                          0x0800679b   Thumb Code     0  startup_stm32f429_439xx.o(.text)
    SPI2_IRQHandler                          0x0800679b   Thumb Code     0  startup_stm32f429_439xx.o(.text)
    SPI3_IRQHandler                          0x0800679b   Thumb Code     0  startup_stm32f429_439xx.o(.text)
    SPI4_IRQHandler                          0x0800679b   Thumb Code     0  startup_stm32f429_439xx.o(.text)
    SPI5_IRQHandler                          0x0800679b   Thumb Code     0  startup_stm32f429_439xx.o(.text)
    SPI6_IRQHandler                          0x0800679b   Thumb Code     0  startup_stm32f429_439xx.o(.text)
    TAMP_STAMP_IRQHandler                    0x0800679b   Thumb Code     0  startup_stm32f429_439xx.o(.text)
    TIM1_BRK_TIM9_IRQHandler                 0x0800679b   Thumb Code     0  startup_stm32f429_439xx.o(.text)
    TIM1_CC_IRQHandler                       0x0800679b   Thumb Code     0  startup_stm32f429_439xx.o(.text)
    TIM1_TRG_COM_TIM11_IRQHandler            0x0800679b   Thumb Code     0  startup_stm32f429_439xx.o(.text)
    TIM1_UP_TIM10_IRQHandler                 0x0800679b   Thumb Code     0  startup_stm32f429_439xx.o(.text)
    TIM2_IRQHandler                          0x0800679b   Thumb Code     0  startup_stm32f429_439xx.o(.text)
    TIM3_IRQHandler                          0x0800679b   Thumb Code     0  startup_stm32f429_439xx.o(.text)
    TIM4_IRQHandler                          0x0800679b   Thumb Code     0  startup_stm32f429_439xx.o(.text)
    TIM5_IRQHandler                          0x0800679b   Thumb Code     0  startup_stm32f429_439xx.o(.text)
    TIM6_DAC_IRQHandler                      0x0800679b   Thumb Code     0  startup_stm32f429_439xx.o(.text)
    TIM7_IRQHandler                          0x0800679b   Thumb Code     0  startup_stm32f429_439xx.o(.text)
    TIM8_BRK_TIM12_IRQHandler                0x0800679b   Thumb Code     0  startup_stm32f429_439xx.o(.text)
    TIM8_CC_IRQHandler                       0x0800679b   Thumb Code     0  startup_stm32f429_439xx.o(.text)
    TIM8_TRG_COM_TIM14_IRQHandler            0x0800679b   Thumb Code     0  startup_stm32f429_439xx.o(.text)
    TIM8_UP_TIM13_IRQHandler                 0x0800679b   Thumb Code     0  startup_stm32f429_439xx.o(.text)
    UART4_IRQHandler                         0x0800679b   Thumb Code     0  startup_stm32f429_439xx.o(.text)
    UART5_IRQHandler                         0x0800679b   Thumb Code     0  startup_stm32f429_439xx.o(.text)
    UART7_IRQHandler                         0x0800679b   Thumb Code     0  startup_stm32f429_439xx.o(.text)
    UART8_IRQHandler                         0x0800679b   Thumb Code     0  startup_stm32f429_439xx.o(.text)
    USART1_IRQHandler                        0x0800679b   Thumb Code     0  startup_stm32f429_439xx.o(.text)
    USART2_IRQHandler                        0x0800679b   Thumb Code     0  startup_stm32f429_439xx.o(.text)
    USART3_IRQHandler                        0x0800679b   Thumb Code     0  startup_stm32f429_439xx.o(.text)
    USART6_IRQHandler                        0x0800679b   Thumb Code     0  startup_stm32f429_439xx.o(.text)
    WWDG_IRQHandler                          0x0800679b   Thumb Code     0  startup_stm32f429_439xx.o(.text)
    SystemInit                               0x080068b5   Thumb Code    88  system_stm32f4xx.o(.text)
    SystemCoreClockUpdate                    0x0800690d   Thumb Code   174  system_stm32f4xx.o(.text)
    __aeabi_dadd                             0x080069e9   Thumb Code   322  dadd.o(.text)
    __aeabi_dsub                             0x08006b2b   Thumb Code     6  dadd.o(.text)
    __aeabi_drsub                            0x08006b31   Thumb Code     6  dadd.o(.text)
    __aeabi_dmul                             0x08006b37   Thumb Code   228  dmul.o(.text)
    __aeabi_ddiv                             0x08006c1b   Thumb Code   222  ddiv.o(.text)
    __aeabi_ui2d                             0x08006cf9   Thumb Code    26  dfltui.o(.text)
    __aeabi_f2d                              0x08006d13   Thumb Code    38  f2d.o(.text)
    __aeabi_d2f                              0x08006d39   Thumb Code    56  d2f.o(.text)
    __aeabi_uldivmod                         0x08006d71   Thumb Code    98  uldiv.o(.text)
    __aeabi_llsl                             0x08006dd3   Thumb Code    30  llshl.o(.text)
    _ll_shift_l                              0x08006dd3   Thumb Code     0  llshl.o(.text)
    __aeabi_lasr                             0x08006df1   Thumb Code    36  llsshr.o(.text)
    _ll_sshift_r                             0x08006df1   Thumb Code     0  llsshr.o(.text)
    __I$use$fp                               0x08006e15   Thumb Code     0  iusefp.o(.text)
    _float_round                             0x08006e15   Thumb Code    18  fepilogue.o(.text)
    _float_epilogue                          0x08006e27   Thumb Code    92  fepilogue.o(.text)
    _double_round                            0x08006e83   Thumb Code    26  depilogue.o(.text)
    _double_epilogue                         0x08006e9d   Thumb Code   156  depilogue.o(.text)
    __ARM_scalbn                             0x08006f39   Thumb Code    46  dscalb.o(.text)
    scalbn                                   0x08006f39   Thumb Code     0  dscalb.o(.text)
    _dsqrt                                   0x08006f67   Thumb Code   162  dsqrt.o(.text)
    __aeabi_i2d                              0x08007009   Thumb Code    34  dflti.o(.text)
    __aeabi_cdrcmple                         0x0800702d   Thumb Code    38  cdrcmple.o(.text)
    __scatterload                            0x08007055   Thumb Code    28  init.o(.text)
    __scatterload_rt2                        0x08007055   Thumb Code     0  init.o(.text)
    __aeabi_llsr                             0x08007079   Thumb Code    32  llushr.o(.text)
    _ll_ushift_r                             0x08007079   Thumb Code     0  llushr.o(.text)
    __aeabi_d2iz                             0x08007099   Thumb Code    62  dfixi.o(.text)
    SVC_Count                                0x080070d8   Data           4  svc_table.o(SVC_TABLE)
    SVC_Table                                0x080070dc   Data           0  svc_table.o(SVC_TABLE)
    __0printf$8                              0x080070dd   Thumb Code    22  printf8.o(i.__0printf$8)
    __1printf$8                              0x080070dd   Thumb Code     0  printf8.o(i.__0printf$8)
    __2printf                                0x080070dd   Thumb Code     0  printf8.o(i.__0printf$8)
    __ARM_fpclassify                         0x080070fd   Thumb Code    48  fpclassify.o(i.__ARM_fpclassify)
    __hardfp_cos                             0x08007131   Thumb Code   200  cos.o(i.__hardfp_cos)
    __hardfp_pow                             0x08007209   Thumb Code  3048  pow.o(i.__hardfp_pow)
    __hardfp_sin                             0x08007e41   Thumb Code   200  sin.o(i.__hardfp_sin)
    __hardfp_sqrt                            0x08007f19   Thumb Code   122  sqrt.o(i.__hardfp_sqrt)
    __ieee754_rem_pio2                       0x08007f99   Thumb Code   938  rred.o(i.__ieee754_rem_pio2)
    __kernel_cos                             0x080083d1   Thumb Code   322  cos_i.o(i.__kernel_cos)
    __kernel_poly                            0x08008541   Thumb Code   248  poly.o(i.__kernel_poly)
    __kernel_sin                             0x08008639   Thumb Code   280  sin_i.o(i.__kernel_sin)
    __mathlib_dbl_underflow                  0x08008769   Thumb Code    24  dunder.o(i.__mathlib_dbl_underflow)
    __scatterload_copy                       0x08008789   Thumb Code    14  handlers.o(i.__scatterload_copy)
    __scatterload_null                       0x08008797   Thumb Code     2  handlers.o(i.__scatterload_null)
    __scatterload_zeroinit                   0x08008799   Thumb Code    14  handlers.o(i.__scatterload_zeroinit)
    __set_errno                              0x080087a9   Thumb Code     6  errno.o(i.__set_errno)
    _init_box                                0x080087b5   Thumb Code    70  rt_membox.o(i._init_box)
    dbg_init                                 0x08008c59   Thumb Code    34  hal_cm.o(i.dbg_init)
    dbg_task_notify                          0x08008c89   Thumb Code    32  hal_cm.o(i.dbg_task_notify)
    dbg_task_switch                          0x08008ca9   Thumb Code    16  hal_cm.o(i.dbg_task_switch)
    fabs                                     0x08008cb9   Thumb Code    24  fabs.o(i.fabs)
    isr_evt_set                              0x08008cfd   Thumb Code    34  rt_event.o(i.isr_evt_set)
    isr_mbx_receive                          0x08008d25   Thumb Code    80  rt_mailbox.o(i.isr_mbx_receive)
    isr_mbx_send                             0x08008d75   Thumb Code    14  rt_mailbox.o(i.isr_mbx_send)
    osDelay                                  0x08008d85   Thumb Code    18  rt_cmsis.o(i.osDelay)
    osKernelInitialize                       0x08008d9d   Thumb Code    30  rt_cmsis.o(i.osKernelInitialize)
    osKernelStart                            0x08008dc1   Thumb Code    98  rt_cmsis.o(i.osKernelStart)
    osMessageGet                             0x08008e2d   Thumb Code    62  rt_cmsis.o(i.osMessageGet)
    osMutexCreate                            0x08008e71   Thumb Code    38  rt_cmsis.o(i.osMutexCreate)
    osMutexRelease                           0x08008ea1   Thumb Code    18  rt_cmsis.o(i.osMutexRelease)
    osMutexWait                              0x08008eb9   Thumb Code    18  rt_cmsis.o(i.osMutexWait)
    osSignalSet                              0x08008ed1   Thumb Code    48  rt_cmsis.o(i.osSignalSet)
    osSignalWait                             0x08008f05   Thumb Code    18  rt_cmsis.o(i.osSignalWait)
    osThreadCreate                           0x08008f1d   Thumb Code    38  rt_cmsis.o(i.osThreadCreate)
    osThreadExit                             0x08008f4d   Thumb Code    14  rt_cmsis.o(i.osThreadExit)
    osTimerCall                              0x08008f65   Thumb Code     8  rt_cmsis.o(i.osTimerCall)
    osTimerCreate                            0x08008f71   Thumb Code    44  rt_cmsis.o(i.osTimerCreate)
    osTimerStart                             0x08008fa5   Thumb Code    18  rt_cmsis.o(i.osTimerStart)
    osTimerThread                            0x08008fbd   Thumb Code    38  rt_cmsis.o(i.osTimerThread)
    os_tick_init                             0x08008fe9   Thumb Code    32  rt_system.o(i.os_tick_init)
    os_tick_irqack                           0x08009011   Thumb Code     2  rt_system.o(i.os_tick_irqack)
    rt_alloc_box                             0x08009013   Thumb Code    26  rt_membox.o(i.rt_alloc_box)
    rt_alloc_mem                             0x0800902d   Thumb Code    60  rt_memory.o(i.rt_alloc_mem)
    rt_block                                 0x08009069   Thumb Code    48  rt_task.o(i.rt_block)
    rt_chk_robin                             0x080090a1   Thumb Code    60  rt_robin.o(i.rt_chk_robin)
    rt_dec_dly                               0x080090e9   Thumb Code   102  rt_list.o(i.rt_dec_dly)
    rt_dispatch                              0x08009159   Thumb Code    60  rt_task.o(i.rt_dispatch)
    rt_dly_wait                              0x0800919d   Thumb Code     6  rt_time.o(i.rt_dly_wait)
    rt_evt_psh                               0x080091a5   Thumb Code    76  rt_event.o(i.rt_evt_psh)
    rt_evt_set                               0x080091f5   Thumb Code    88  rt_event.o(i.rt_evt_set)
    rt_evt_wait                              0x08009251   Thumb Code    56  rt_event.o(i.rt_evt_wait)
    rt_free_box                              0x0800928d   Thumb Code    32  rt_membox.o(i.rt_free_box)
    rt_free_mem                              0x080092ad   Thumb Code    40  rt_memory.o(i.rt_free_mem)
    rt_get_first                             0x080092d5   Thumb Code    40  rt_list.o(i.rt_get_first)
    rt_init_mem                              0x0800934d   Thumb Code    26  rt_memory.o(i.rt_init_mem)
    rt_init_robin                            0x08009369   Thumb Code    14  rt_robin.o(i.rt_init_robin)
    rt_init_stack                            0x08009381   Thumb Code    70  hal_cm.o(i.rt_init_stack)
    rt_mbx_check                             0x080093d1   Thumb Code     8  rt_mailbox.o(i.rt_mbx_check)
    rt_mbx_init                              0x080093d9   Thumb Code    28  rt_mailbox.o(i.rt_mbx_init)
    rt_mbx_psh                               0x080093f5   Thumb Code   234  rt_mailbox.o(i.rt_mbx_psh)
    rt_mbx_wait                              0x080094e5   Thumb Code   172  rt_mailbox.o(i.rt_mbx_wait)
    rt_mut_init                              0x080095d1   Thumb Code    16  rt_mutex.o(i.rt_mut_init)
    rt_mut_release                           0x080095e1   Thumb Code   208  rt_mutex.o(i.rt_mut_release)
    rt_mut_wait                              0x080096b9   Thumb Code   100  rt_mutex.o(i.rt_mut_wait)
    rt_pop_req                               0x08009721   Thumb Code   110  rt_system.o(i.rt_pop_req)
    rt_psh_req                               0x0800979d   Thumb Code    22  rt_system.o(i.rt_psh_req)
    rt_psq_enq                               0x080097bd   Thumb Code    82  rt_list.o(i.rt_psq_enq)
    rt_put_dly                               0x08009815   Thumb Code    68  rt_list.o(i.rt_put_dly)
    rt_put_prio                              0x0800985d   Thumb Code    54  rt_list.o(i.rt_put_prio)
    rt_put_rdy_first                         0x08009895   Thumb Code    14  rt_list.o(i.rt_put_rdy_first)
    rt_resort_prio                           0x080098a9   Thumb Code    46  rt_list.o(i.rt_resort_prio)
    rt_ret_val                               0x080098ed   Thumb Code    12  hal_cm.o(i.rt_ret_val)
    rt_ret_val2                              0x080098f9   Thumb Code    16  hal_cm.o(i.rt_ret_val2)
    rt_rmv_dly                               0x08009909   Thumb Code    40  rt_list.o(i.rt_rmv_dly)
    rt_rmv_list                              0x08009931   Thumb Code    44  rt_list.o(i.rt_rmv_list)
    rt_sem_psh                               0x08009961   Thumb Code    48  rt_semaphore.o(i.rt_sem_psh)
    rt_stk_check                             0x08009995   Thumb Code    28  rt_system.o(i.rt_stk_check)
    rt_switch_req                            0x080099b9   Thumb Code    30  rt_task.o(i.rt_switch_req)
    rt_sys_init                              0x080099e1   Thumb Code   200  rt_task.o(i.rt_sys_init)
    rt_sys_start                             0x08009aed   Thumb Code    44  rt_task.o(i.rt_sys_start)
    rt_systick                               0x08009b21   Thumb Code    50  rt_system.o(i.rt_systick)
    rt_tsk_create                            0x08009be9   Thumb Code   116  rt_task.o(i.rt_tsk_create)
    rt_tsk_delete                            0x08009c6d   Thumb Code   342  rt_task.o(i.rt_tsk_delete)
    rt_tsk_prio                              0x08009de1   Thumb Code   108  rt_task.o(i.rt_tsk_prio)
    rt_tsk_self                              0x08009e5d   Thumb Code    12  rt_task.o(i.rt_tsk_self)
    sqrt                                     0x08009e6d   Thumb Code   110  sqrt.o(i.sqrt)
    svcDelay                                 0x08009edb   Thumb Code    20  rt_cmsis.o(i.svcDelay)
    svcKernelInitialize                      0x08009ef1   Thumb Code    80  rt_cmsis.o(i.svcKernelInitialize)
    svcKernelStart                           0x08009f61   Thumb Code    62  rt_cmsis.o(i.svcKernelStart)
    svcMessageCreate                         0x08009fa9   Thumb Code    36  rt_cmsis.o(i.svcMessageCreate)
    svcMessageGet                            0x08009fcd   Thumb Code    58  rt_cmsis.o(i.svcMessageGet)
    svcMutexCreate                           0x0800a007   Thumb Code    28  rt_cmsis.o(i.svcMutexCreate)
    svcMutexRelease                          0x0800a023   Thumb Code    34  rt_cmsis.o(i.svcMutexRelease)
    svcMutexWait                             0x0800a045   Thumb Code    54  rt_cmsis.o(i.svcMutexWait)
    svcSignalSet                             0x0800a07b   Thumb Code    36  rt_cmsis.o(i.svcSignalSet)
    svcSignalWait                            0x0800a0a1   Thumb Code    80  rt_cmsis.o(i.svcSignalWait)
    svcThreadCreate                          0x0800a0f5   Thumb Code   100  rt_cmsis.o(i.svcThreadCreate)
    svcThreadGetId                           0x0800a165   Thumb Code    22  rt_cmsis.o(i.svcThreadGetId)
    svcThreadTerminate                       0x0800a181   Thumb Code    50  rt_cmsis.o(i.svcThreadTerminate)
    svcTimerCall                             0x0800a1b9   Thumb Code    24  rt_cmsis.o(i.svcTimerCall)
    svcTimerCreate                           0x0800a1d1   Thumb Code    52  rt_cmsis.o(i.svcTimerCreate)
    svcTimerStart                            0x0800a209   Thumb Code    72  rt_cmsis.o(i.svcTimerStart)
    sysTimerTick                             0x0800a251   Thumb Code    76  rt_cmsis.o(i.sysTimerTick)
    os_thread_def_lcd                        0x0800a2a4   Data          16  main.o(.constdata)
    os_thread_def_proximitySensor            0x0800a2b4   Data          16  main.o(.constdata)
    os_thread_def_wireless                   0x0800a2c4   Data          16  main.o(.constdata)
    os_mutex_def_sensorCoordinates           0x0800a2d4   Data           4  main.o(.constdata)
    os_mutex_def_wirelessCoordinates         0x0800a2d8   Data           4  main.o(.constdata)
    os_timer_def_displayTimer                0x0800a2dc   Data           8  main.o(.constdata)
    os_timer_def_proximitySensorTimer        0x0800a2e4   Data           8  main.o(.constdata)
    ASCII16x24_Table                         0x0800a2ec   Data        4560  stm32f429i_discovery_lcd.o(.constdata)
    ASCII12x12_Table                         0x0800b4bc   Data        2304  stm32f429i_discovery_lcd.o(.constdata)
    ASCII8x12_Table                          0x0800bdbc   Data        2304  stm32f429i_discovery_lcd.o(.constdata)
    ASCII8x8_Table                           0x0800c6bc   Data        1536  stm32f429i_discovery_lcd.o(.constdata)
    os_maxtaskrun                            0x0800ccbc   Data           2  rtx_conf_cm.o(.constdata)
    os_stackinfo                             0x0800ccc0   Data           4  rtx_conf_cm.o(.constdata)
    os_rrobin                                0x0800ccc4   Data           4  rtx_conf_cm.o(.constdata)
    os_tickfreq                              0x0800ccc8   Data           4  rtx_conf_cm.o(.constdata)
    os_tickus_i                              0x0800cccc   Data           2  rtx_conf_cm.o(.constdata)
    os_tickus_f                              0x0800ccce   Data           2  rtx_conf_cm.o(.constdata)
    os_trv                                   0x0800ccd0   Data           4  rtx_conf_cm.o(.constdata)
    os_flags                                 0x0800ccd4   Data           1  rtx_conf_cm.o(.constdata)
    CMSIS_RTOS_API_Version                   0x0800ccd8   Data           4  rtx_conf_cm.o(.constdata)
    CMSIS_RTOS_RTX_Version                   0x0800ccdc   Data           4  rtx_conf_cm.o(.constdata)
    os_clockrate                             0x0800cce0   Data           4  rtx_conf_cm.o(.constdata)
    os_timernum                              0x0800cce4   Data           4  rtx_conf_cm.o(.constdata)
    mp_tcb_size                              0x0800cce8   Data           2  rtx_conf_cm.o(.constdata)
    mp_stk_size                              0x0800ccec   Data           4  rtx_conf_cm.o(.constdata)
    os_stack_sz                              0x0800ccf0   Data           4  rtx_conf_cm.o(.constdata)
    os_fifo_size                             0x0800ccf4   Data           1  rtx_conf_cm.o(.constdata)
    os_thread_def_osTimerThread              0x0800ccf8   Data          16  rtx_conf_cm.o(.constdata)
    os_messageQ_def_osTimerMessageQ          0x0800cd08   Data           8  rtx_conf_cm.o(.constdata)
    mp_tmr_size                              0x0800cd10   Data           2  rtx_conf_cm.o(.constdata)
    __mathlib_zero                           0x0800cdd0   Data           8  qnan.o(.constdata)
    Region$$Table$$Base                      0x0800cec8   Number         0  anon$$obj.o(Region$$Table)
    Region$$Table$$Limit                     0x0800cee8   Number         0  anon$$obj.o(Region$$Table)
    motorTest                                0x20000000   Data           4  main.o(.data)
    sensorTest                               0x20000004   Data           4  main.o(.data)
    lcdDisplayTest                           0x20000008   Data           4  main.o(.data)
    motorSpeedTest                           0x2000000c   Data           4  main.o(.data)
    lcd_thread                               0x20000010   Data           4  main.o(.data)
    proximity_sensor_thread                  0x20000014   Data           4  main.o(.data)
    wireless_thread                          0x20000018   Data           4  main.o(.data)
    sensorCoordinatesId                      0x2000001c   Data           4  main.o(.data)
    wirelessCoordinatesId                    0x20000020   Data           4  main.o(.data)
    sensorCoordinates                        0x20000024   Data           8  main.o(.data)
    wirelessCoordinates                      0x2000002c   Data           8  main.o(.data)
    Font16x24                                0x20000034   Data           8  stm32f429i_discovery_lcd.o(.data)
    Font12x12                                0x2000003c   Data           8  stm32f429i_discovery_lcd.o(.data)
    Font8x12                                 0x20000044   Data           8  stm32f429i_discovery_lcd.o(.data)
    Font8x8                                  0x2000004c   Data           8  stm32f429i_discovery_lcd.o(.data)
    pulseLength                              0x20000064   Data           2  motor.o(.data)
    increasingAngle                          0x20000068   Data           4  motor.o(.data)
    ticks                                    0x2000006c   Data           4  test.o(.data)
    osThreadId_osTimerThread                 0x20000070   Data           4  rtx_conf_cm.o(.data)
    osMessageQId_osTimerMessageQ             0x20000074   Data           4  rtx_conf_cm.o(.data)
    os_tmr                                   0x20000078   Data           4  rtx_conf_cm.o(.data)
    m_tmr                                    0x2000007c   Data           4  rtx_conf_cm.o(.data)
    os_thread_def_main                       0x20000080   Data          16  rtx_conf_cm.o(.data)
    SystemCoreClock                          0x200000a0   Data           4  system_stm32f4xx.o(.data)
    AHBPrescTable                            0x200000a4   Data          16  system_stm32f4xx.o(.data)
    os_initialized                           0x200000b4   Data           1  rt_cmsis.o(.data)
    os_running                               0x200000b5   Data           1  rt_cmsis.o(.data)
    os_timer_head                            0x200000b8   Data           4  rt_cmsis.o(.data)
    os_tsk                                   0x200000bc   Data           8  rt_task.o(.data)
    os_tick_irqn                             0x200000c8   Data           4  rt_system.o(.data)
    os_time                                  0x200000cc   Data           4  rt_time.o(.data)
    dbg_msg                                  0x200000d0   Data           1  hal_cm.o(.data)
    os_robin                                 0x200000d4   Data           8  rt_robin.o(.data)
    __stdout                                 0x200000dc   Data           4  stdout.o(.data)
    os_mutex_cb_sensorCoordinates            0x200000e4   Data          16  main.o(.bss)
    os_mutex_cb_wirelessCoordinates          0x200000f4   Data          16  main.o(.bss)
    os_timer_cb_displayTimer                 0x20000104   Data          20  main.o(.bss)
    os_timer_cb_proximitySensorTimer         0x20000118   Data          20  main.o(.bss)
    mp_tcb                                   0x20000130   Data         376  rtx_conf_cm.o(.bss)
    mp_stk                                   0x200002a8   Data        4816  rtx_conf_cm.o(.bss)
    os_stack_mem                             0x20001578   Data        1032  rtx_conf_cm.o(.bss)
    os_fifo                                  0x20001980   Data         132  rtx_conf_cm.o(.bss)
    os_active_TCB                            0x20001a04   Data          28  rtx_conf_cm.o(.bss)
    os_messageQ_q_osTimerMessageQ            0x20001a20   Data          32  rtx_conf_cm.o(.bss)
    os_idle_TCB                              0x20001a40   Data          52  rt_task.o(.bss)
    os_rdy                                   0x20001a74   Data          24  rt_list.o(.bss)
    os_dly                                   0x20001a8c   Data          24  rt_list.o(.bss)
    __initial_sp                             0x20001ea8   Data           0  startup_stm32f429_439xx.o(STACK)



==============================================================================

Memory Map of the image

  Image Entry point : 0x080001ad

  Load Region LR_IROM1 (Base: 0x08000000, Size: 0x0000cfcc, Max: 0x00200000, ABSOLUTE)

    Execution Region ER_IROM1 (Base: 0x08000000, Size: 0x0000cee8, Max: 0x00200000, ABSOLUTE)

    Base Addr    Size         Type   Attr      Idx    E Section Name        Object

    0x08000000   0x000001ac   Data   RO         1174    RESET               startup_stm32f429_439xx.o
    0x080001ac   0x00000000   Code   RO         2446  * .ARM.Collect$$$$00000000  mc_w.l(entry.o)
    0x080001ac   0x00000004   Code   RO         2749    .ARM.Collect$$$$00000001  mc_w.l(entry2.o)
    0x080001b0   0x00000004   Code   RO         2752    .ARM.Collect$$$$00000004  mc_w.l(entry5.o)
    0x080001b4   0x00000000   Code   RO         2754    .ARM.Collect$$$$00000008  mc_w.l(entry7b.o)
    0x080001b4   0x00000000   Code   RO         2756    .ARM.Collect$$$$0000000A  mc_w.l(entry8b.o)
    0x080001b4   0x00000000   Code   RO         2757    .ARM.Collect$$$$0000000D  mc_w.l(entry10a.o)
    0x080001b4   0x00000000   Code   RO         2759    .ARM.Collect$$$$0000000F  mc_w.l(entry11a.o)
    0x080001b4   0x00000018   Code   RO          461    .ARM.Collect$$$$000000FF  rtx_conf_cm.o
    0x080001cc   0x00000004   Code   RO         2750    .ARM.Collect$$$$00002712  mc_w.l(entry2.o)
    0x080001d0   0x00000180   Code   RO         2383    .emb_text           RTX_CM4.lib(hal_cm4.o)
    0x08000350   0x0000059c   Code   RO            3    .text               main.o
    0x080008ec   0x00001b3c   Code   RO          193    .text               stm32f429i_discovery_lcd.o
    0x08002428   0x000003c4   Code   RO          223    .text               stm32f429i_discovery_sdram.o
    0x080027ec   0x00000038   Code   RO          243    .text               fputc_debug.o
    0x08002824   0x000002b4   Code   RO          271    .text               proximitysensor.o
    0x08002ad8   0x00000130   Code   RO          291    .text               motor.o
    0x08002c08   0x00000048   Code   RO          314    .text               filter.o
    0x08002c50   0x000004bc   Code   RO          334    .text               cc2500.o
    0x0800310c   0x00000090   Code   RO          361    .text               cc2500interface.o
    0x0800319c   0x00000150   Code   RO          388    .text               test.o
    0x080032ec   0x000000a4   Code   RO          411    .text               lcd.o
    0x08003390   0x0000001e   Code   RO          462    .text               rtx_conf_cm.o
    0x080033ae   0x00000002   PAD
    0x080033b0   0x000000e0   Code   RO          492    .text               misc.o
    0x08003490   0x00000464   Code   RO          512    .text               stm32f4xx_adc.o
    0x080038f4   0x000003b4   Code   RO          732    .text               stm32f4xx_dma2d.o
    0x08003ca8   0x00000110   Code   RO          752    .text               stm32f4xx_exti.o
    0x08003db8   0x000008ec   Code   RO          792    .text               stm32f4xx_fmc.o
    0x080046a4   0x00000294   Code   RO          812    .text               stm32f4xx_gpio.o
    0x08004938   0x00000688   Code   RO          932    .text               stm32f4xx_ltdc.o
    0x08004fc0   0x00000638   Code   RO          972    .text               stm32f4xx_rcc.o
    0x080055f8   0x0000044e   Code   RO         1074    .text               stm32f4xx_spi.o
    0x08005a46   0x00000002   PAD
    0x08005a48   0x00000094   Code   RO         1094    .text               stm32f4xx_syscfg.o
    0x08005adc   0x00000ca2   Code   RO         1114    .text               stm32f4xx_tim.o
    0x0800677e   0x00000002   PAD
    0x08006780   0x00000024   Code   RO         1175    .text               startup_stm32f429_439xx.o
    0x080067a4   0x00000244   Code   RO         1181    .text               system_stm32f4xx.o
    0x080069e8   0x0000014e   Code   RO         2710    .text               mf_w.l(dadd.o)
    0x08006b36   0x000000e4   Code   RO         2712    .text               mf_w.l(dmul.o)
    0x08006c1a   0x000000de   Code   RO         2714    .text               mf_w.l(ddiv.o)
    0x08006cf8   0x0000001a   Code   RO         2716    .text               mf_w.l(dfltui.o)
    0x08006d12   0x00000026   Code   RO         2718    .text               mf_w.l(f2d.o)
    0x08006d38   0x00000038   Code   RO         2720    .text               mf_w.l(d2f.o)
    0x08006d70   0x00000062   Code   RO         2764    .text               mc_w.l(uldiv.o)
    0x08006dd2   0x0000001e   Code   RO         2766    .text               mc_w.l(llshl.o)
    0x08006df0   0x00000024   Code   RO         2768    .text               mc_w.l(llsshr.o)
    0x08006e14   0x00000000   Code   RO         2777    .text               mc_w.l(iusefp.o)
    0x08006e14   0x0000006e   Code   RO         2778    .text               mf_w.l(fepilogue.o)
    0x08006e82   0x000000b6   Code   RO         2780    .text               mf_w.l(depilogue.o)
    0x08006f38   0x0000002e   Code   RO         2784    .text               mf_w.l(dscalb.o)
    0x08006f66   0x000000a2   Code   RO         2786    .text               mf_w.l(dsqrt.o)
    0x08007008   0x00000022   Code   RO         2788    .text               mf_w.l(dflti.o)
    0x0800702a   0x00000002   PAD
    0x0800702c   0x00000028   Code   RO         2794    .text               mf_w.l(cdrcmple.o)
    0x08007054   0x00000024   Code   RO         2796    .text               mc_w.l(init.o)
    0x08007078   0x00000020   Code   RO         2798    .text               mc_w.l(llushr.o)
    0x08007098   0x0000003e   Code   RO         2800    .text               mf_w.l(dfixi.o)
    0x080070d6   0x00000002   PAD
    0x080070d8   0x00000004   Code   RO         2393    SVC_TABLE           RTX_CM4.lib(svc_table.o)
    0x080070dc   0x00000020   Code   RO         2656    i.__0printf$8       mc_w.l(printf8.o)
    0x080070fc   0x00000030   Code   RO         2733    i.__ARM_fpclassify  m_wm.l(fpclassify.o)
    0x0800712c   0x00000004   PAD
    0x08007130   0x000000d8   Code   RO         2396    i.__hardfp_cos      m_wm.l(cos.o)
    0x08007208   0x00000c38   Code   RO         2408    i.__hardfp_pow      m_wm.l(pow.o)
    0x08007e40   0x000000d8   Code   RO         2422    i.__hardfp_sin      m_wm.l(sin.o)
    0x08007f18   0x0000007a   Code   RO         2434    i.__hardfp_sqrt     m_wm.l(sqrt.o)
    0x08007f92   0x00000006   PAD
    0x08007f98   0x00000438   Code   RO         2738    i.__ieee754_rem_pio2  m_wm.l(rred.o)
    0x080083d0   0x00000170   Code   RO         2722    i.__kernel_cos      m_wm.l(cos_i.o)
    0x08008540   0x000000f8   Code   RO         2735    i.__kernel_poly     m_wm.l(poly.o)
    0x08008638   0x00000130   Code   RO         2743    i.__kernel_sin      m_wm.l(sin_i.o)
    0x08008768   0x00000020   Code   RO         2725    i.__mathlib_dbl_underflow  m_wm.l(dunder.o)
    0x08008788   0x0000000e   Code   RO         2804    i.__scatterload_copy  mc_w.l(handlers.o)
    0x08008796   0x00000002   Code   RO         2805    i.__scatterload_null  mc_w.l(handlers.o)
    0x08008798   0x0000000e   Code   RO         2806    i.__scatterload_zeroinit  mc_w.l(handlers.o)
    0x080087a6   0x00000002   PAD
    0x080087a8   0x0000000c   Code   RO         2772    i.__set_errno       mc_w.l(errno.o)
    0x080087b4   0x00000046   Code   RO         2256    i._init_box         RTX_CM4.lib(rt_membox.o)
    0x080087fa   0x00000002   PAD
    0x080087fc   0x00000408   Code   RO         2663    i._printf_core      mc_w.l(printf8.o)
    0x08008c04   0x00000024   Code   RO         2664    i._printf_post_padding  mc_w.l(printf8.o)
    0x08008c28   0x0000002e   Code   RO         2665    i._printf_pre_padding  mc_w.l(printf8.o)
    0x08008c56   0x00000002   PAD
    0x08008c58   0x00000030   Code   RO         2309    i.dbg_init          RTX_CM4.lib(hal_cm.o)
    0x08008c88   0x00000020   Code   RO         2310    i.dbg_task_notify   RTX_CM4.lib(hal_cm.o)
    0x08008ca8   0x00000010   Code   RO         2311    i.dbg_task_switch   RTX_CM4.lib(hal_cm.o)
    0x08008cb8   0x00000018   Code   RO         2729    i.fabs              m_wm.l(fabs.o)
    0x08008cd0   0x0000002c   Code   RO         1207    i.isrMessagePut     RTX_CM4.lib(rt_cmsis.o)
    0x08008cfc   0x00000028   Code   RO         1984    i.isr_evt_set       RTX_CM4.lib(rt_event.o)
    0x08008d24   0x00000050   Code   RO         2102    i.isr_mbx_receive   RTX_CM4.lib(rt_mailbox.o)
    0x08008d74   0x0000000e   Code   RO         2103    i.isr_mbx_send      RTX_CM4.lib(rt_mailbox.o)
    0x08008d82   0x00000002   PAD
    0x08008d84   0x00000018   Code   RO         1208    i.osDelay           RTX_CM4.lib(rt_cmsis.o)
    0x08008d9c   0x00000024   Code   RO         1209    i.osKernelInitialize  RTX_CM4.lib(rt_cmsis.o)
    0x08008dc0   0x0000006c   Code   RO         1211    i.osKernelStart     RTX_CM4.lib(rt_cmsis.o)
    0x08008e2c   0x00000044   Code   RO         1220    i.osMessageGet      RTX_CM4.lib(rt_cmsis.o)
    0x08008e70   0x00000030   Code   RO         1222    i.osMutexCreate     RTX_CM4.lib(rt_cmsis.o)
    0x08008ea0   0x00000018   Code   RO         1224    i.osMutexRelease    RTX_CM4.lib(rt_cmsis.o)
    0x08008eb8   0x00000018   Code   RO         1225    i.osMutexWait       RTX_CM4.lib(rt_cmsis.o)
    0x08008ed0   0x00000034   Code   RO         1235    i.osSignalSet       RTX_CM4.lib(rt_cmsis.o)
    0x08008f04   0x00000018   Code   RO         1236    i.osSignalWait      RTX_CM4.lib(rt_cmsis.o)
    0x08008f1c   0x00000030   Code   RO         1237    i.osThreadCreate    RTX_CM4.lib(rt_cmsis.o)
    0x08008f4c   0x00000018   Code   RO         1238    i.osThreadExit      RTX_CM4.lib(rt_cmsis.o)
    0x08008f64   0x0000000c   Code   RO         1244    i.osTimerCall       RTX_CM4.lib(rt_cmsis.o)
    0x08008f70   0x00000034   Code   RO         1245    i.osTimerCreate     RTX_CM4.lib(rt_cmsis.o)
    0x08008fa4   0x00000018   Code   RO         1247    i.osTimerStart      RTX_CM4.lib(rt_cmsis.o)
    0x08008fbc   0x0000002c   Code   RO         1249    i.osTimerThread     RTX_CM4.lib(rt_cmsis.o)
    0x08008fe8   0x00000028   Code   RO         1894    i.os_tick_init      RTX_CM4.lib(rt_system.o)
    0x08009010   0x00000002   Code   RO         1895    i.os_tick_irqack    RTX_CM4.lib(rt_system.o)
    0x08009012   0x0000001a   Code   RO         2257    i.rt_alloc_box      RTX_CM4.lib(rt_membox.o)
    0x0800902c   0x0000003c   Code   RO         2285    i.rt_alloc_mem      RTX_CM4.lib(rt_memory.o)
    0x08009068   0x00000038   Code   RO         1809    i.rt_block          RTX_CM4.lib(rt_task.o)
    0x080090a0   0x00000048   Code   RO         2362    i.rt_chk_robin      RTX_CM4.lib(rt_robin.o)
    0x080090e8   0x00000070   Code   RO         2026    i.rt_dec_dly        RTX_CM4.lib(rt_list.o)
    0x08009158   0x00000044   Code   RO         1810    i.rt_dispatch       RTX_CM4.lib(rt_task.o)
    0x0800919c   0x00000006   Code   RO         2192    i.rt_dly_wait       RTX_CM4.lib(rt_time.o)
    0x080091a2   0x00000002   PAD
    0x080091a4   0x00000050   Code   RO         1987    i.rt_evt_psh        RTX_CM4.lib(rt_event.o)
    0x080091f4   0x0000005c   Code   RO         1988    i.rt_evt_set        RTX_CM4.lib(rt_event.o)
    0x08009250   0x0000003c   Code   RO         1989    i.rt_evt_wait       RTX_CM4.lib(rt_event.o)
    0x0800928c   0x00000020   Code   RO         2258    i.rt_free_box       RTX_CM4.lib(rt_membox.o)
    0x080092ac   0x00000028   Code   RO         2286    i.rt_free_mem       RTX_CM4.lib(rt_memory.o)
    0x080092d4   0x00000028   Code   RO         2027    i.rt_get_first      RTX_CM4.lib(rt_list.o)
    0x080092fc   0x00000008   Code   RO         1254    i.rt_id2obj         RTX_CM4.lib(rt_cmsis.o)
    0x08009304   0x00000048   Code   RO         1811    i.rt_init_context   RTX_CM4.lib(rt_task.o)
    0x0800934c   0x0000001a   Code   RO         2287    i.rt_init_mem       RTX_CM4.lib(rt_memory.o)
    0x08009366   0x00000002   PAD
    0x08009368   0x00000018   Code   RO         2363    i.rt_init_robin     RTX_CM4.lib(rt_robin.o)
    0x08009380   0x00000050   Code   RO         2312    i.rt_init_stack     RTX_CM4.lib(hal_cm.o)
    0x080093d0   0x00000008   Code   RO         2104    i.rt_mbx_check      RTX_CM4.lib(rt_mailbox.o)
    0x080093d8   0x0000001c   Code   RO         2105    i.rt_mbx_init       RTX_CM4.lib(rt_mailbox.o)
    0x080093f4   0x000000f0   Code   RO         2106    i.rt_mbx_psh        RTX_CM4.lib(rt_mailbox.o)
    0x080094e4   0x000000b0   Code   RO         2108    i.rt_mbx_wait       RTX_CM4.lib(rt_mailbox.o)
    0x08009594   0x0000003c   Code   RO         1255    i.rt_ms2tick        RTX_CM4.lib(rt_cmsis.o)
    0x080095d0   0x00000010   Code   RO         2226    i.rt_mut_init       RTX_CM4.lib(rt_mutex.o)
    0x080095e0   0x000000d8   Code   RO         2227    i.rt_mut_release    RTX_CM4.lib(rt_mutex.o)
    0x080096b8   0x00000068   Code   RO         2228    i.rt_mut_wait       RTX_CM4.lib(rt_mutex.o)
    0x08009720   0x0000007c   Code   RO         1898    i.rt_pop_req        RTX_CM4.lib(rt_system.o)
    0x0800979c   0x00000020   Code   RO         1899    i.rt_psh_req        RTX_CM4.lib(rt_system.o)
    0x080097bc   0x00000058   Code   RO         2029    i.rt_psq_enq        RTX_CM4.lib(rt_list.o)
    0x08009814   0x00000048   Code   RO         2030    i.rt_put_dly        RTX_CM4.lib(rt_list.o)
    0x0800985c   0x00000036   Code   RO         2031    i.rt_put_prio       RTX_CM4.lib(rt_list.o)
    0x08009892   0x00000002   PAD
    0x08009894   0x00000014   Code   RO         2032    i.rt_put_rdy_first  RTX_CM4.lib(rt_list.o)
    0x080098a8   0x00000034   Code   RO         2033    i.rt_resort_prio    RTX_CM4.lib(rt_list.o)
    0x080098dc   0x00000010   Code   RO         2313    i.rt_ret_regs       RTX_CM4.lib(hal_cm.o)
    0x080098ec   0x0000000c   Code   RO         2314    i.rt_ret_val        RTX_CM4.lib(hal_cm.o)
    0x080098f8   0x00000010   Code   RO         2315    i.rt_ret_val2       RTX_CM4.lib(hal_cm.o)
    0x08009908   0x00000028   Code   RO         2034    i.rt_rmv_dly        RTX_CM4.lib(rt_list.o)
    0x08009930   0x00000030   Code   RO         2035    i.rt_rmv_list       RTX_CM4.lib(rt_list.o)
    0x08009960   0x00000034   Code   RO         2153    i.rt_sem_psh        RTX_CM4.lib(rt_semaphore.o)
    0x08009994   0x00000024   Code   RO         1901    i.rt_stk_check      RTX_CM4.lib(rt_system.o)
    0x080099b8   0x00000028   Code   RO         1812    i.rt_switch_req     RTX_CM4.lib(rt_task.o)
    0x080099e0   0x0000010c   Code   RO         1813    i.rt_sys_init       RTX_CM4.lib(rt_task.o)
    0x08009aec   0x00000034   Code   RO         1814    i.rt_sys_start      RTX_CM4.lib(rt_task.o)
    0x08009b20   0x00000040   Code   RO         1903    i.rt_systick        RTX_CM4.lib(rt_system.o)
    0x08009b60   0x00000012   Code   RO         1256    i.rt_tid2ptcb       RTX_CM4.lib(rt_cmsis.o)
    0x08009b72   0x00000002   PAD
    0x08009b74   0x00000038   Code   RO         1257    i.rt_timer_insert   RTX_CM4.lib(rt_cmsis.o)
    0x08009bac   0x0000003c   Code   RO         1258    i.rt_timer_remove   RTX_CM4.lib(rt_cmsis.o)
    0x08009be8   0x00000084   Code   RO         1815    i.rt_tsk_create     RTX_CM4.lib(rt_task.o)
    0x08009c6c   0x00000174   Code   RO         1816    i.rt_tsk_delete     RTX_CM4.lib(rt_task.o)
    0x08009de0   0x0000007c   Code   RO         1818    i.rt_tsk_prio       RTX_CM4.lib(rt_task.o)
    0x08009e5c   0x00000010   Code   RO         1819    i.rt_tsk_self       RTX_CM4.lib(rt_task.o)
    0x08009e6c   0x0000006e   Code   RO         2436    i.sqrt              m_wm.l(sqrt.o)
    0x08009eda   0x00000014   Code   RO         1259    i.svcDelay          RTX_CM4.lib(rt_cmsis.o)
    0x08009eee   0x00000002   PAD
    0x08009ef0   0x00000070   Code   RO         1260    i.svcKernelInitialize  RTX_CM4.lib(rt_cmsis.o)
    0x08009f60   0x00000048   Code   RO         1262    i.svcKernelStart    RTX_CM4.lib(rt_cmsis.o)
    0x08009fa8   0x00000024   Code   RO         1265    i.svcMessageCreate  RTX_CM4.lib(rt_cmsis.o)
    0x08009fcc   0x0000003a   Code   RO         1266    i.svcMessageGet     RTX_CM4.lib(rt_cmsis.o)
    0x0800a006   0x0000001c   Code   RO         1268    i.svcMutexCreate    RTX_CM4.lib(rt_cmsis.o)
    0x0800a022   0x00000022   Code   RO         1270    i.svcMutexRelease   RTX_CM4.lib(rt_cmsis.o)
    0x0800a044   0x00000036   Code   RO         1271    i.svcMutexWait      RTX_CM4.lib(rt_cmsis.o)
    0x0800a07a   0x00000024   Code   RO         1278    i.svcSignalSet      RTX_CM4.lib(rt_cmsis.o)
    0x0800a09e   0x00000002   PAD
    0x0800a0a0   0x00000054   Code   RO         1279    i.svcSignalWait     RTX_CM4.lib(rt_cmsis.o)
    0x0800a0f4   0x00000070   Code   RO         1280    i.svcThreadCreate   RTX_CM4.lib(rt_cmsis.o)
    0x0800a164   0x0000001c   Code   RO         1281    i.svcThreadGetId    RTX_CM4.lib(rt_cmsis.o)
    0x0800a180   0x00000038   Code   RO         1284    i.svcThreadTerminate  RTX_CM4.lib(rt_cmsis.o)
    0x0800a1b8   0x00000018   Code   RO         1286    i.svcTimerCall      RTX_CM4.lib(rt_cmsis.o)
    0x0800a1d0   0x00000038   Code   RO         1287    i.svcTimerCreate    RTX_CM4.lib(rt_cmsis.o)
    0x0800a208   0x00000048   Code   RO         1289    i.svcTimerStart     RTX_CM4.lib(rt_cmsis.o)
    0x0800a250   0x00000054   Code   RO         1295    i.sysTimerTick      RTX_CM4.lib(rt_cmsis.o)
    0x0800a2a4   0x00000048   Data   RO            5    .constdata          main.o
    0x0800a2ec   0x000029d0   Data   RO          194    .constdata          stm32f429i_discovery_lcd.o
    0x0800ccbc   0x00000056   Data   RO          464    .constdata          rtx_conf_cm.o
    0x0800cd12   0x00000006   PAD
    0x0800cd18   0x00000088   Data   RO         2411    .constdata          m_wm.l(pow.o)
    0x0800cda0   0x00000030   Data   RO         2723    .constdata          m_wm.l(cos_i.o)
    0x0800cdd0   0x00000008   Data   RO         2737    .constdata          m_wm.l(qnan.o)
    0x0800cdd8   0x000000c8   Data   RO         2740    .constdata          m_wm.l(rred.o)
    0x0800cea0   0x00000028   Data   RO         2744    .constdata          m_wm.l(sin_i.o)
    0x0800cec8   0x00000020   Data   RO         2802    Region$$Table       anon$$obj.o


    Execution Region RW_IRAM1 (Base: 0x20000000, Size: 0x00001ea8, Max: 0x00030000, ABSOLUTE)

    Base Addr    Size         Type   Attr      Idx    E Section Name        Object

    0x20000000   0x00000034   Data   RW            6    .data               main.o
    0x20000034   0x00000030   Data   RW          195    .data               stm32f429i_discovery_lcd.o
    0x20000064   0x00000008   Data   RW          292    .data               motor.o
    0x2000006c   0x00000004   Data   RW          389    .data               test.o
    0x20000070   0x00000020   Data   RW          465    .data               rtx_conf_cm.o
    0x20000090   0x00000010   Data   RW          973    .data               stm32f4xx_rcc.o
    0x200000a0   0x00000014   Data   RW         1182    .data               system_stm32f4xx.o
    0x200000b4   0x00000008   Data   RW         1298    .data               RTX_CM4.lib(rt_cmsis.o)
    0x200000bc   0x00000008   Data   RW         1821    .data               RTX_CM4.lib(rt_task.o)
    0x200000c4   0x00000008   Data   RW         1906    .data               RTX_CM4.lib(rt_system.o)
    0x200000cc   0x00000004   Data   RW         2196    .data               RTX_CM4.lib(rt_time.o)
    0x200000d0   0x00000001   Data   RW         2316    .data               RTX_CM4.lib(hal_cm.o)
    0x200000d1   0x00000003   PAD
    0x200000d4   0x00000008   Data   RW         2364    .data               RTX_CM4.lib(rt_robin.o)
    0x200000dc   0x00000004   Data   RW         2761    .data               mc_w.l(stdout.o)
    0x200000e0   0x00000004   Data   RW         2773    .data               mc_w.l(errno.o)
    0x200000e4   0x00000048   Zero   RW            4    .bss                main.o
    0x2000012c   0x00000004   PAD
    0x20000130   0x00001910   Zero   RW          463    .bss                rtx_conf_cm.o
    0x20001a40   0x00000034   Zero   RW         1820    .bss                RTX_CM4.lib(rt_task.o)
    0x20001a74   0x00000030   Zero   RW         2036    .bss                RTX_CM4.lib(rt_list.o)
    0x20001aa4   0x00000004   PAD
    0x20001aa8   0x00000400   Zero   RW         1172    STACK               startup_stm32f429_439xx.o


==============================================================================

Image component sizes


      Code (inc. data)   RO Data    RW Data    ZI Data      Debug   Object Name

      1212         32          0          0          0       3774   cc2500.o
       144          6          0          0          0      27280   cc2500interface.o
        72          0          0          0          0       1372   filter.o
        56          6          0          0          0      28419   fputc_debug.o
       164          6          0          0          0       1128   lcd.o
      1436        238         72         52         72     370704   main.o
       224         20          0          0          0       2025   misc.o
       304         16          0          8          0       1653   motor.o
       692         36          0          0          0       1666   proximitysensor.o
        54          6         86         32       6416       7522   rtx_conf_cm.o
        36          8        428          0       1024        928   startup_stm32f429_439xx.o
      6972        122      10704         48          0      19217   stm32f429i_discovery_lcd.o
       964         28          0          0          0       2724   stm32f429i_discovery_sdram.o
      1124         24          0          0          0      10698   stm32f4xx_adc.o
       948         12          0          0          0       5131   stm32f4xx_dma2d.o
       272         10          0          0          0       2467   stm32f4xx_exti.o
      2284         14          0          0          0       7612   stm32f4xx_fmc.o
       660         44          0          0          0       4301   stm32f4xx_gpio.o
      1672         18          0          0          0       8032   stm32f4xx_ltdc.o
      1592         54          0         16          0      13010   stm32f4xx_rcc.o
      1102         32          0          0          0       7069   stm32f4xx_spi.o
       148         12          0          0          0       1917   stm32f4xx_syscfg.o
      3234         60          0          0          0      22504   stm32f4xx_tim.o
       580         46          0         20          0       2187   system_stm32f4xx.o
       336         36          0          4          0       2507   test.o

    ----------------------------------------------------------------------
     26288        886      11328        180       7516     555847   Object Totals
         0          0         32          0          0          0   (incl. Generated)
         6          0          6          0          4          0   (incl. Padding)

    ----------------------------------------------------------------------

      Code (inc. data)   RO Data    RW Data    ZI Data      Debug   Library Member Name

       220         24          0          1          0       3528   hal_cm.o
       384         28          0          0          0        728   hal_cm4.o
      1824        206          0          8          0      37359   rt_cmsis.o
       272         18          0          0          0       2230   rt_event.o
       526         36          0          0         48       7069   rt_list.o
       546         10          0          0          0       3285   rt_mailbox.o
       128          0          0          0          0       1621   rt_membox.o
       126          0          0          0          0       1935   rt_memory.o
       336         12          0          0          0       1789   rt_mutex.o
        96         22          0          8          0       1050   rt_robin.o
        52          4          0          0          0        497   rt_semaphore.o
       298         54          0          8          0       5667   rt_system.o
      1200        174          0          8         52       8409   rt_task.o
         6          0          0          4          0        548   rt_time.o
         4          4          0          0          0        132   svc_table.o
       216         16          0          0          0        152   cos.o
       368         46         48          0          0        200   cos_i.o
        32          8          0          0          0        124   dunder.o
        24          0          0          0          0        124   fabs.o
        48          0          0          0          0        124   fpclassify.o
       248          0          0          0          0        152   poly.o
      3128        304        136          0          0        216   pow.o
         0          0          8          0          0          0   qnan.o
      1080        142        200          0          0        188   rred.o
       216         16          0          0          0        152   sin.o
       304         24         40          0          0        208   sin_i.o
       232          0          0          0          0        296   sqrt.o
         0          0          0          0          0          0   entry.o
         0          0          0          0          0          0   entry10a.o
         0          0          0          0          0          0   entry11a.o
         8          4          0          0          0          0   entry2.o
         4          0          0          0          0          0   entry5.o
         0          0          0          0          0          0   entry7b.o
         0          0          0          0          0          0   entry8b.o
        12          6          0          4          0         68   errno.o
        30          0          0          0          0          0   handlers.o
        36          8          0          0          0         68   init.o
         0          0          0          0          0          0   iusefp.o
        30          0          0          0          0         68   llshl.o
        36          0          0          0          0         68   llsshr.o
        32          0          0          0          0         68   llushr.o
      1146         54          0          0          0        352   printf8.o
         0          0          0          4          0          0   stdout.o
        98          0          0          0          0         92   uldiv.o
        40          2          0          0          0         68   cdrcmple.o
        56          0          0          0          0         88   d2f.o
       334          0          0          0          0        148   dadd.o
       222          0          0          0          0        100   ddiv.o
       182          0          0          0          0        176   depilogue.o
        62          0          0          0          0         80   dfixi.o
        34          0          0          0          0         76   dflti.o
        26          0          0          0          0         76   dfltui.o
       228          0          0          0          0         96   dmul.o
        46          0          0          0          0         80   dscalb.o
       162          0          0          0          0        100   dsqrt.o
        38          0          0          0          0         68   f2d.o
       110          0          0          0          0        168   fepilogue.o

    ----------------------------------------------------------------------
     14920       1222        432         48        104      79891   Library Totals
        34          0          0          3          4          0   (incl. Padding)

    ----------------------------------------------------------------------

      Code (inc. data)   RO Data    RW Data    ZI Data      Debug   Library Name

      6018        592          0         37        100      75847   RTX_CM4.lib
      5896        556        432          0          0       1936   m_wm.l
      1432         72          0          8          0        784   mc_w.l
      1540          2          0          0          0       1324   mf_w.l

    ----------------------------------------------------------------------
     14920       1222        432         48        104      79891   Library Totals

    ----------------------------------------------------------------------

==============================================================================


      Code (inc. data)   RO Data    RW Data    ZI Data      Debug   

     41208       2108      11760        228       7620     619102   Grand Totals
     41208       2108      11760        228       7620     619102   ELF Image Totals
     41208       2108      11760        228          0          0   ROM Totals

==============================================================================

    Total RO  Size (Code + RO Data)                52968 (  51.73kB)
    Total RW  Size (RW Data + ZI Data)              7848 (   7.66kB)
    Total ROM Size (Code + RO Data + RW Data)      53196 (  51.95kB)

==============================================================================

