Product: MDK-ARM Standard 5.10
Component: ARM Compiler 5.04 update 1 (build 49)
Tool: armlink [5040049]

==============================================================================

Section Cross References

    main.o(.text) refers to rt_cmsis.o(i.osKernelInitialize) for osKernelInitialize
    main.o(.text) refers to stm32f429i_discovery_lcd.o(.text) for LCD_Init
    main.o(.text) refers to stm32f4xx_ltdc.o(.text) for LTDC_Cmd
    main.o(.text) refers to stm32f4xx_rcc.o(.text) for RCC_AHB1PeriphClockCmd
    main.o(.text) refers to proximitysensor.o(.text) for initializeProximitySensor
    main.o(.text) refers to motor.o(.text) for initializeMotor
    main.o(.text) refers to rt_cmsis.o(i.osMutexCreate) for osMutexCreate
    main.o(.text) refers to rt_cmsis.o(i.osThreadCreate) for osThreadCreate
    main.o(.text) refers to rt_cmsis.o(i.osKernelStart) for osKernelStart
    main.o(.text) refers to rt_cmsis.o(i.osDelay) for osDelay
    main.o(.text) refers to rt_cmsis.o(i.osTimerCreate) for osTimerCreate
    main.o(.text) refers to rt_cmsis.o(i.osTimerStart) for osTimerStart
    main.o(.text) refers to rt_cmsis.o(i.osSignalWait) for osSignalWait
    main.o(.text) refers to rt_cmsis.o(i.osMutexWait) for osMutexWait
    main.o(.text) refers to rt_cmsis.o(i.osMutexRelease) for osMutexRelease
    main.o(.text) refers to printf1.o(i.__0printf$1) for __2printf
    main.o(.text) refers to filter.o(.text) for initializeFilter
    main.o(.text) refers to dfltui.o(.text) for __aeabi_ui2d
    main.o(.text) refers to dmul.o(.text) for __aeabi_dmul
    main.o(.text) refers to ddiv.o(.text) for __aeabi_ddiv
    main.o(.text) refers to cos.o(i.__hardfp_cos) for __hardfp_cos
    main.o(.text) refers to d2f.o(.text) for __aeabi_d2f
    main.o(.text) refers to sin.o(i.__hardfp_sin) for __hardfp_sin
    main.o(.text) refers to rt_cmsis.o(i.osSignalSet) for osSignalSet
    main.o(.text) refers to main.o(.constdata) for os_mutex_def_sensorCoordinates
    main.o(.text) refers to main.o(.data) for sensorCoordinatesId
    main.o(.text) refers to stm32f429i_discovery_lcd.o(.data) for Font8x8
    main.o(.constdata) refers to main.o(.text) for lcd
    main.o(.constdata) refers to main.o(.bss) for os_mutex_cb_sensorCoordinates
    stm32f429i_discovery_lcd.o(.text) refers to stm32f4xx_gpio.o(.text) for GPIO_ResetBits
    stm32f429i_discovery_lcd.o(.text) refers to stm32f4xx_spi.o(.text) for SPI_I2S_SendData
    stm32f429i_discovery_lcd.o(.text) refers to stm32f4xx_rcc.o(.text) for RCC_APB2PeriphClockCmd
    stm32f429i_discovery_lcd.o(.text) refers to stm32f429i_discovery_sdram.o(.text) for SDRAM_Init
    stm32f429i_discovery_lcd.o(.text) refers to stm32f4xx_ltdc.o(.text) for LTDC_Init
    stm32f429i_discovery_lcd.o(.text) refers to stm32f429i_discovery_lcd.o(.data) for LCD_Currentfonts
    stm32f429i_discovery_lcd.o(.text) refers to stm32f4xx_dma2d.o(.text) for DMA2D_DeInit
    stm32f429i_discovery_lcd.o(.data) refers to stm32f429i_discovery_lcd.o(.constdata) for ASCII16x24_Table
    stm32f429i_discovery_sdram.o(.text) refers to stm32f4xx_fmc.o(.text) for FMC_GetFlagStatus
    stm32f429i_discovery_sdram.o(.text) refers to stm32f4xx_rcc.o(.text) for RCC_AHB1PeriphClockCmd
    stm32f429i_discovery_sdram.o(.text) refers to stm32f4xx_gpio.o(.text) for GPIO_PinAFConfig
    proximitysensor.o(.text) refers to stm32f4xx_rcc.o(.text) for RCC_APB2PeriphClockCmd
    proximitysensor.o(.text) refers to stm32f4xx_adc.o(.text) for ADC_CommonStructInit
    proximitysensor.o(.text) refers to stm32f4xx_gpio.o(.text) for GPIO_Init
    proximitysensor.o(.text) refers to dfltui.o(.text) for __aeabi_ui2d
    proximitysensor.o(.text) refers to dadd.o(.text) for __aeabi_drsub
    proximitysensor.o(.text) refers to d2f.o(.text) for __aeabi_d2f
    proximitysensor.o(.text) refers to f2d.o(.text) for __aeabi_f2d
    proximitysensor.o(.text) refers to pow.o(i.__hardfp_pow) for __hardfp_pow
    proximitysensor.o(.text) refers to sqrt.o(i.__hardfp_sqrt) for __hardfp_sqrt
    proximitysensor.o(.text) refers to ddiv.o(.text) for __aeabi_ddiv
    motor.o(.text) refers to stm32f4xx_rcc.o(.text) for RCC_APB1PeriphClockCmd
    motor.o(.text) refers to stm32f4xx_tim.o(.text) for TIM_TimeBaseInit
    motor.o(.text) refers to stm32f4xx_gpio.o(.text) for GPIO_StructInit
    motor.o(.text) refers to system_stm32f4xx.o(.data) for SystemCoreClock
    motor.o(.text) refers to motor.o(.data) for pulseLength
    stm32f429i_discovery_l3gd20.o(.text) refers to stm32f4xx_spi.o(.text) for SPI_I2S_GetFlagStatus
    stm32f429i_discovery_l3gd20.o(.text) refers to stm32f4xx_gpio.o(.text) for GPIO_ResetBits
    stm32f429i_discovery_l3gd20.o(.text) refers to stm32f4xx_rcc.o(.text) for RCC_APB2PeriphClockCmd
    stm32f429i_discovery_l3gd20.o(.text) refers to stm32f429i_discovery_l3gd20.o(.data) for L3GD20Timeout
    cc2500.o(.text) refers to stm32f4xx_spi.o(.text) for SPI_I2S_GetFlagStatus
    cc2500.o(.text) refers to stm32f4xx_gpio.o(.text) for GPIO_ResetBits
[...]
    LCD_CtrlLinesConfig                      0x08000edd   Thumb Code    56  stm32f429i_discovery_lcd.o(.text)
    LCD_Init                                 0x08000f15   Thumb Code   198  stm32f429i_discovery_lcd.o(.text)
    LCD_SetFont                              0x08000fdb   Thumb Code     6  stm32f429i_discovery_lcd.o(.text)
    LCD_LayerInit                            0x08000fe1   Thumb Code   152  stm32f429i_discovery_lcd.o(.text)
    LCD_SetLayer                             0x08001079   Thumb Code    36  stm32f429i_discovery_lcd.o(.text)
    LCD_SetColors                            0x0800109d   Thumb Code    20  stm32f429i_discovery_lcd.o(.text)
    LCD_GetColors                            0x080010b1   Thumb Code    14  stm32f429i_discovery_lcd.o(.text)
    LCD_SetTextColor                         0x080010bf   Thumb Code    12  stm32f429i_discovery_lcd.o(.text)
    LCD_SetBackColor                         0x080010cb   Thumb Code    12  stm32f429i_discovery_lcd.o(.text)
    LCD_SetTransparency                      0x080010d7   Thumb Code    38  stm32f429i_discovery_lcd.o(.text)
    LCD_GetFont                              0x080010fd   Thumb Code     6  stm32f429i_discovery_lcd.o(.text)
    LCD_DrawChar                             0x08001103   Thumb Code   200  stm32f429i_discovery_lcd.o(.text)
    LCD_DisplayChar                          0x080011cb   Thumb Code    42  stm32f429i_discovery_lcd.o(.text)
    LCD_ClearLine                            0x080011f5   Thumb Code   104  stm32f429i_discovery_lcd.o(.text)
    LCD_Clear                                0x0800125d   Thumb Code    26  stm32f429i_discovery_lcd.o(.text)
    LCD_SetCursor                            0x08001277   Thumb Code    22  stm32f429i_discovery_lcd.o(.text)
    LCD_SetColorKeying                       0x0800128d   Thumb Code    68  stm32f429i_discovery_lcd.o(.text)
    LCD_ReSetColorKeying                     0x080012d1   Thumb Code    46  stm32f429i_discovery_lcd.o(.text)
    LCD_DisplayStringLine                    0x080012ff   Thumb Code    80  stm32f429i_discovery_lcd.o(.text)
    LCD_SetDisplayWindow                     0x0800134f   Thumb Code    92  stm32f429i_discovery_lcd.o(.text)
    LCD_WindowModeDisable                    0x080013ab   Thumb Code    18  stm32f429i_discovery_lcd.o(.text)
    LCD_DrawLine                             0x080013bd   Thumb Code   158  stm32f429i_discovery_lcd.o(.text)
    LCD_DrawRect                             0x0800145b   Thumb Code    68  stm32f429i_discovery_lcd.o(.text)
    LCD_DrawCircle                           0x0800149f   Thumb Code   194  stm32f429i_discovery_lcd.o(.text)
    LCD_DrawFullEllipse                      0x08001561   Thumb Code   534  stm32f429i_discovery_lcd.o(.text)
    LCD_DrawEllipse                          0x08001777   Thumb Code   702  stm32f429i_discovery_lcd.o(.text)
    LCD_DrawMonoPict                         0x08001a35   Thumb Code    66  stm32f429i_discovery_lcd.o(.text)
    LCD_WriteBMP                             0x08001a77   Thumb Code   320  stm32f429i_discovery_lcd.o(.text)
    LCD_DrawFullRect                         0x08001bb7   Thumb Code   152  stm32f429i_discovery_lcd.o(.text)
    LCD_DrawFullCircle                       0x08001c4f   Thumb Code   146  stm32f429i_discovery_lcd.o(.text)
    LCD_DrawUniLine                          0x08001d0b   Thumb Code   306  stm32f429i_discovery_lcd.o(.text)
    LCD_Triangle                             0x08001e3d   Thumb Code   108  stm32f429i_discovery_lcd.o(.text)
    LCD_FillTriangle                         0x08001ea9   Thumb Code   296  stm32f429i_discovery_lcd.o(.text)
    LCD_PolyLine                             0x08001fd1   Thumb Code    68  stm32f429i_discovery_lcd.o(.text)
    LCD_ClosedPolyLine                       0x0800208b   Thumb Code    48  stm32f429i_discovery_lcd.o(.text)
    LCD_PolyLineRelative                     0x080020bb   Thumb Code    18  stm32f429i_discovery_lcd.o(.text)
    LCD_ClosedPolyLineRelative               0x080020cd   Thumb Code    18  stm32f429i_discovery_lcd.o(.text)
    LCD_FillPolyLine                         0x080020df   Thumb Code   432  stm32f429i_discovery_lcd.o(.text)
    LCD_DisplayOn                            0x0800228f   Thumb Code    10  stm32f429i_discovery_lcd.o(.text)
    SDRAM_InitSequence                       0x080022b9   Thumb Code   200  stm32f429i_discovery_sdram.o(.text)
    SDRAM_GPIOConfig                         0x08002381   Thumb Code   492  stm32f429i_discovery_sdram.o(.text)
    SDRAM_Init                               0x0800256d   Thumb Code   104  stm32f429i_discovery_sdram.o(.text)
    SDRAM_WriteBuffer                        0x080025d5   Thumb Code    58  stm32f429i_discovery_sdram.o(.text)
    SDRAM_ReadBuffer                         0x0800260f   Thumb Code    50  stm32f429i_discovery_sdram.o(.text)
    fputc                                    0x0800265d   Thumb Code    50  fputc_debug.o(.text)
    initializeADC1                           0x08002695   Thumb Code    42  proximitysensor.o(.text)
    initializeProximitySensor                0x080026bf   Thumb Code    56  proximitysensor.o(.text)
    measureProximity                         0x080026f7   Thumb Code    42  proximitysensor.o(.text)
    getSensorDistance                        0x08002721   Thumb Code   472  proximitysensor.o(.text)
    initializeTIM2                           0x08002919   Thumb Code   108  motor.o(.text)
    initializeMotor                          0x08002985   Thumb Code    70  motor.o(.text)
    updateMotor                              0x080029cb   Thumb Code    74  motor.o(.text)
    getMotorAngle                            0x08002a15   Thumb Code    20  motor.o(.text)
    initializeFilter                         0x08002a39   Thumb Code    38  filter.o(.text)
    calculateMovingAverage                   0x08002a5f   Thumb Code   120  filter.o(.text)
    os_idle_demon                            0x08002ae1   Thumb Code     4  rtx_conf_cm.o(.text)
    os_error                                 0x08002ae5   Thumb Code    26  rtx_conf_cm.o(.text)
    ADC_DeInit                               0x08002b01   Thumb Code    22  stm32f4xx_adc.o(.text)
    ADC_Init                                 0x08002b17   Thumb Code    74  stm32f4xx_adc.o(.text)
    ADC_StructInit                           0x08002b61   Thumb Code    20  stm32f4xx_adc.o(.text)
    ADC_CommonInit                           0x08002b75   Thumb Code    34  stm32f4xx_adc.o(.text)
    ADC_CommonStructInit                     0x08002b97   Thumb Code    12  stm32f4xx_adc.o(.text)
    ADC_Cmd                                  0x08002ba3   Thumb Code    22  stm32f4xx_adc.o(.text)
    ADC_AnalogWatchdogCmd                    0x08002bb9   Thumb Code    16  stm32f4xx_adc.o(.text)
    ADC_AnalogWatchdogThresholdsConfig       0x08002bc9   Thumb Code     6  stm32f4xx_adc.o(.text)
    ADC_AnalogWatchdogSingleChannelConfig    0x08002bcf   Thumb Code    16  stm32f4xx_adc.o(.text)
    ADC_TempSensorVrefintCmd                 0x08002bdf   Thumb Code    34  stm32f4xx_adc.o(.text)
    ADC_VBATCmd                              0x08002c01   Thumb Code    34  stm32f4xx_adc.o(.text)
    ADC_RegularChannelConfig                 0x08002c23   Thumb Code   184  stm32f4xx_adc.o(.text)
    ADC_SoftwareStartConv                    0x08002cdb   Thumb Code    10  stm32f4xx_adc.o(.text)
    ADC_GetSoftwareStartConvStatus           0x08002ce5   Thumb Code    20  stm32f4xx_adc.o(.text)
    ADC_EOCOnEachRegularChannelCmd           0x08002cf9   Thumb Code    22  stm32f4xx_adc.o(.text)
    ADC_ContinuousModeCmd                    0x08002d0f   Thumb Code    22  stm32f4xx_adc.o(.text)
    ADC_DiscModeChannelCountConfig           0x08002d25   Thumb Code    24  stm32f4xx_adc.o(.text)
    ADC_DiscModeCmd                          0x08002d3d   Thumb Code    22  stm32f4xx_adc.o(.text)
    ADC_GetConversionValue                   0x08002d53   Thumb Code     8  stm32f4xx_adc.o(.text)
    ADC_GetMultiModeConversionValue          0x08002d5b   Thumb Code     8  stm32f4xx_adc.o(.text)
    ADC_DMACmd                               0x08002d63   Thumb Code    22  stm32f4xx_adc.o(.text)
    ADC_DMARequestAfterLastTransferCmd       0x08002d79   Thumb Code    22  stm32f4xx_adc.o(.text)
    ADC_MultiModeDMARequestAfterLastTransferCmd 0x08002d8f   Thumb Code    34  stm32f4xx_adc.o(.text)
    ADC_InjectedChannelConfig                0x08002db1   Thumb Code   130  stm32f4xx_adc.o(.text)
    ADC_InjectedSequencerLengthConfig        0x08002e33   Thumb Code    24  stm32f4xx_adc.o(.text)
    ADC_SetInjectedOffset                    0x08002e4b   Thumb Code    20  stm32f4xx_adc.o(.text)
    ADC_ExternalTrigInjectedConvConfig       0x08002e5f   Thumb Code    16  stm32f4xx_adc.o(.text)
    ADC_ExternalTrigInjectedConvEdgeConfig   0x08002e6f   Thumb Code    16  stm32f4xx_adc.o(.text)
    ADC_SoftwareStartInjectedConv            0x08002e7f   Thumb Code    10  stm32f4xx_adc.o(.text)
    ADC_GetSoftwareStartInjectedConvCmdStatus 0x08002e89   Thumb Code    20  stm32f4xx_adc.o(.text)
    ADC_AutoInjectedConvCmd                  0x08002e9d   Thumb Code    22  stm32f4xx_adc.o(.text)
    ADC_InjectedDiscModeCmd                  0x08002eb3   Thumb Code    22  stm32f4xx_adc.o(.text)
    ADC_GetInjectedConversionValue           0x08002ec9   Thumb Code    28  stm32f4xx_adc.o(.text)
    ADC_ITConfig                             0x08002ee5   Thumb Code    56  stm32f4xx_adc.o(.text)
    ADC_GetFlagStatus                        0x08002f1d   Thumb Code    18  stm32f4xx_adc.o(.text)
    ADC_ClearFlag                            0x08002f2f   Thumb Code     6  stm32f4xx_adc.o(.text)
    ADC_GetITStatus                          0x08002f35   Thumb Code    38  stm32f4xx_adc.o(.text)
    ADC_ClearITPendingBit                    0x08002f5b   Thumb Code    10  stm32f4xx_adc.o(.text)
    DMA2D_DeInit                             0x08002f65   Thumb Code    22  stm32f4xx_dma2d.o(.text)
    DMA2D_Init                               0x08002f7b   Thumb Code   218  stm32f4xx_dma2d.o(.text)
    DMA2D_StructInit                         0x08003055   Thumb Code    24  stm32f4xx_dma2d.o(.text)
    DMA2D_StartTransfer                      0x0800306d   Thumb Code    14  stm32f4xx_dma2d.o(.text)
    DMA2D_AbortTransfer                      0x0800307b   Thumb Code    14  stm32f4xx_dma2d.o(.text)
    DMA2D_Suspend                            0x08003089   Thumb Code    30  stm32f4xx_dma2d.o(.text)
    DMA2D_FGConfig                           0x080030a7   Thumb Code   174  stm32f4xx_dma2d.o(.text)
    DMA2D_FG_StructInit                      0x08003155   Thumb Code    26  stm32f4xx_dma2d.o(.text)
    DMA2D_BGConfig                           0x0800316f   Thumb Code   174  stm32f4xx_dma2d.o(.text)
    DMA2D_BG_StructInit                      0x0800321d   Thumb Code    26  stm32f4xx_dma2d.o(.text)
    DMA2D_FGStart                            0x08003237   Thumb Code    30  stm32f4xx_dma2d.o(.text)
    DMA2D_BGStart                            0x08003255   Thumb Code    30  stm32f4xx_dma2d.o(.text)
    DMA2D_DeadTimeConfig                     0x08003273   Thumb Code    50  stm32f4xx_dma2d.o(.text)
    DMA2D_LineWatermarkConfig                0x080032a5   Thumb Code     6  stm32f4xx_dma2d.o(.text)
    DMA2D_ITConfig                           0x080032ab   Thumb Code    26  stm32f4xx_dma2d.o(.text)
    DMA2D_GetFlagStatus                      0x080032c5   Thumb Code    20  stm32f4xx_dma2d.o(.text)
    DMA2D_ClearFlag                          0x080032d9   Thumb Code     6  stm32f4xx_dma2d.o(.text)
    DMA2D_GetITStatus                        0x080032df   Thumb Code    38  stm32f4xx_dma2d.o(.text)
    DMA2D_ClearITPendingBit                  0x08003305   Thumb Code     8  stm32f4xx_dma2d.o(.text)
    FMC_NORSRAMDeInit                        0x08003319   Thumb Code    54  stm32f4xx_fmc.o(.text)
    FMC_NORSRAMInit                          0x0800334f   Thumb Code   296  stm32f4xx_fmc.o(.text)
    FMC_NORSRAMStructInit                    0x08003477   Thumb Code   120  stm32f4xx_fmc.o(.text)
    FMC_NORSRAMCmd                           0x080034ef   Thumb Code    46  stm32f4xx_fmc.o(.text)
    FMC_NANDDeInit                           0x0800351d   Thumb Code    62  stm32f4xx_fmc.o(.text)
    FMC_NANDInit                             0x0800355b   Thumb Code   132  stm32f4xx_fmc.o(.text)
    FMC_NANDStructInit                       0x080035df   Thumb Code    58  stm32f4xx_fmc.o(.text)
    FMC_NANDCmd                              0x08003619   Thumb Code    86  stm32f4xx_fmc.o(.text)
    FMC_NANDECCCmd                           0x0800366f   Thumb Code    86  stm32f4xx_fmc.o(.text)
    FMC_GetECC                               0x080036c5   Thumb Code    24  stm32f4xx_fmc.o(.text)
    FMC_PCCARDDeInit                         0x080036dd   Thumb Code    36  stm32f4xx_fmc.o(.text)
    FMC_PCCARDInit                           0x08003701   Thumb Code   130  stm32f4xx_fmc.o(.text)
    FMC_PCCARDStructInit                     0x08003783   Thumb Code    60  stm32f4xx_fmc.o(.text)
    FMC_PCCARDCmd                            0x080037bf   Thumb Code    44  stm32f4xx_fmc.o(.text)
    FMC_SDRAMDeInit                          0x080037eb   Thumb Code    48  stm32f4xx_fmc.o(.text)
    FMC_SDRAMInit                            0x0800381b   Thumb Code   254  stm32f4xx_fmc.o(.text)
    FMC_SDRAMStructInit                      0x08003919   Thumb Code    64  stm32f4xx_fmc.o(.text)
    FMC_SDRAMCmdConfig                       0x08003959   Thumb Code    28  stm32f4xx_fmc.o(.text)
    FMC_GetModeStatus                        0x08003975   Thumb Code    32  stm32f4xx_fmc.o(.text)
    FMC_SetRefreshCount                      0x08003995   Thumb Code    20  stm32f4xx_fmc.o(.text)
    FMC_SetAutoRefresh_Number                0x080039a9   Thumb Code    18  stm32f4xx_fmc.o(.text)
    FMC_SDRAMWriteProtectionConfig           0x080039bb   Thumb Code    56  stm32f4xx_fmc.o(.text)
    FMC_ITConfig                             0x080039f3   Thumb Code   176  stm32f4xx_fmc.o(.text)
    FMC_GetFlagStatus                        0x08003aa3   Thumb Code    70  stm32f4xx_fmc.o(.text)
    FMC_ClearFlag                            0x08003ae9   Thumb Code    86  stm32f4xx_fmc.o(.text)
    FMC_GetITStatus                          0x08003b3f   Thumb Code    98  stm32f4xx_fmc.o(.text)
    FMC_ClearITPendingBit                    0x08003ba1   Thumb Code    94  stm32f4xx_fmc.o(.text)
    GPIO_DeInit                              0x08003c05   Thumb Code   268  stm32f4xx_gpio.o(.text)
    GPIO_Init                                0x08003d11   Thumb Code   144  stm32f4xx_gpio.o(.text)
    GPIO_StructInit                          0x08003da1   Thumb Code    18  stm32f4xx_gpio.o(.text)
    GPIO_PinLockConfig                       0x08003db3   Thumb Code    34  stm32f4xx_gpio.o(.text)
    GPIO_ReadInputDataBit                    0x08003dd5   Thumb Code    18  stm32f4xx_gpio.o(.text)
    GPIO_ReadInputData                       0x08003de7   Thumb Code     8  stm32f4xx_gpio.o(.text)
    GPIO_ReadOutputDataBit                   0x08003def   Thumb Code    18  stm32f4xx_gpio.o(.text)
    GPIO_ReadOutputData                      0x08003e01   Thumb Code     8  stm32f4xx_gpio.o(.text)
    GPIO_SetBits                             0x08003e09   Thumb Code     4  stm32f4xx_gpio.o(.text)
    GPIO_ResetBits                           0x08003e0d   Thumb Code     4  stm32f4xx_gpio.o(.text)
    GPIO_WriteBit                            0x08003e11   Thumb Code    10  stm32f4xx_gpio.o(.text)
    GPIO_Write                               0x08003e1b   Thumb Code     4  stm32f4xx_gpio.o(.text)
    GPIO_ToggleBits                          0x08003e1f   Thumb Code     8  stm32f4xx_gpio.o(.text)
    GPIO_PinAFConfig                         0x08003e27   Thumb Code    70  stm32f4xx_gpio.o(.text)
    LTDC_DeInit                              0x08003e99   Thumb Code    22  stm32f4xx_ltdc.o(.text)
    LTDC_Init                                0x08003eaf   Thumb Code   378  stm32f4xx_ltdc.o(.text)
    LTDC_StructInit                          0x08004029   Thumb Code    34  stm32f4xx_ltdc.o(.text)
    LTDC_Cmd                                 0x0800404b   Thumb Code    38  stm32f4xx_ltdc.o(.text)
    LTDC_DitherCmd                           0x08004071   Thumb Code    38  stm32f4xx_ltdc.o(.text)
    LTDC_GetRGBWidth                         0x08004097   Thumb Code    58  stm32f4xx_ltdc.o(.text)
    LTDC_RGBStructInit                       0x080040d1   Thumb Code    10  stm32f4xx_ltdc.o(.text)
    LTDC_LIPConfig                           0x080040db   Thumb Code     8  stm32f4xx_ltdc.o(.text)
    LTDC_ReloadConfig                        0x080040e3   Thumb Code     8  stm32f4xx_ltdc.o(.text)
    LTDC_LayerInit                           0x080040eb   Thumb Code   276  stm32f4xx_ltdc.o(.text)
    LTDC_LayerStructInit                     0x080041ff   Thumb Code    48  stm32f4xx_ltdc.o(.text)
    LTDC_LayerCmd                            0x0800422f   Thumb Code    22  stm32f4xx_ltdc.o(.text)
    LTDC_GetPosStatus                        0x08004245   Thumb Code    42  stm32f4xx_ltdc.o(.text)
    LTDC_PosStructInit                       0x0800426f   Thumb Code     8  stm32f4xx_ltdc.o(.text)
    LTDC_GetCDStatus                         0x08004277   Thumb Code    20  stm32f4xx_ltdc.o(.text)
    LTDC_ColorKeyingConfig                   0x0800428b   Thumb Code    74  stm32f4xx_ltdc.o(.text)
    LTDC_ColorKeyingStructInit               0x080042d5   Thumb Code    10  stm32f4xx_ltdc.o(.text)
    LTDC_CLUTCmd                             0x080042df   Thumb Code    28  stm32f4xx_ltdc.o(.text)
    LTDC_CLUTInit                            0x080042fb   Thumb Code    32  stm32f4xx_ltdc.o(.text)
    LTDC_CLUTStructInit                      0x0800431b   Thumb Code    12  stm32f4xx_ltdc.o(.text)
    LTDC_LayerPosition                       0x08004327   Thumb Code   158  stm32f4xx_ltdc.o(.text)
    LTDC_LayerAlpha                          0x080043c5   Thumb Code     4  stm32f4xx_ltdc.o(.text)
    LTDC_LayerAddress                        0x080043c9   Thumb Code     4  stm32f4xx_ltdc.o(.text)
    LTDC_LayerSize                           0x080043cd   Thumb Code   116  stm32f4xx_ltdc.o(.text)
    LTDC_LayerPixelFormat                    0x08004441   Thumb Code   106  stm32f4xx_ltdc.o(.text)
    LTDC_ITConfig                            0x080044ab   Thumb Code    34  stm32f4xx_ltdc.o(.text)
    LTDC_GetFlagStatus                       0x080044cd   Thumb Code    22  stm32f4xx_ltdc.o(.text)
    LTDC_ClearFlag                           0x080044e3   Thumb Code     8  stm32f4xx_ltdc.o(.text)
    LTDC_GetITStatus                         0x080044eb   Thumb Code    40  stm32f4xx_ltdc.o(.text)
    LTDC_ClearITPendingBit                   0x08004513   Thumb Code     8  stm32f4xx_ltdc.o(.text)
    RCC_DeInit                               0x08004521   Thumb Code    82  stm32f4xx_rcc.o(.text)
    RCC_HSEConfig                            0x08004573   Thumb Code    14  stm32f4xx_rcc.o(.text)
    RCC_GetFlagStatus                        0x08004581   Thumb Code    60  stm32f4xx_rcc.o(.text)
    RCC_WaitForHSEStartUp                    0x080045bd   Thumb Code    56  stm32f4xx_rcc.o(.text)
    RCC_AdjustHSICalibrationValue            0x080045f5   Thumb Code    20  stm32f4xx_rcc.o(.text)
    RCC_HSICmd                               0x08004609   Thumb Code     6  stm32f4xx_rcc.o(.text)
    RCC_LSEConfig                            0x0800460f   Thumb Code    46  stm32f4xx_rcc.o(.text)
    RCC_LSICmd                               0x0800463d   Thumb Code     6  stm32f4xx_rcc.o(.text)
    RCC_PLLConfig                            0x08004643   Thumb Code    32  stm32f4xx_rcc.o(.text)
    RCC_PLLCmd                               0x08004663   Thumb Code     6  stm32f4xx_rcc.o(.text)
    RCC_PLLI2SConfig                         0x08004669   Thumb Code    20  stm32f4xx_rcc.o(.text)
    RCC_PLLI2SCmd                            0x0800467d   Thumb Code     6  stm32f4xx_rcc.o(.text)
    RCC_PLLSAIConfig                         0x08004683   Thumb Code    20  stm32f4xx_rcc.o(.text)
    RCC_PLLSAICmd                            0x08004697   Thumb Code     6  stm32f4xx_rcc.o(.text)
    RCC_ClockSecuritySystemCmd               0x0800469d   Thumb Code     6  stm32f4xx_rcc.o(.text)
    RCC_MCO1Config                           0x080046a3   Thumb Code    28  stm32f4xx_rcc.o(.text)
    RCC_MCO2Config                           0x080046bf   Thumb Code    28  stm32f4xx_rcc.o(.text)
    RCC_SYSCLKConfig                         0x080046db   Thumb Code    20  stm32f4xx_rcc.o(.text)
    RCC_GetSYSCLKSource                      0x080046ef   Thumb Code    12  stm32f4xx_rcc.o(.text)
    RCC_HCLKConfig                           0x080046fb   Thumb Code    20  stm32f4xx_rcc.o(.text)
    RCC_PCLK1Config                          0x0800470f   Thumb Code    20  stm32f4xx_rcc.o(.text)
    RCC_PCLK2Config                          0x08004723   Thumb Code    22  stm32f4xx_rcc.o(.text)
    RCC_GetClocksFreq                        0x08004739   Thumb Code   222  stm32f4xx_rcc.o(.text)
    RCC_RTCCLKConfig                         0x08004817   Thumb Code    54  stm32f4xx_rcc.o(.text)
    RCC_RTCCLKCmd                            0x0800484d   Thumb Code     8  stm32f4xx_rcc.o(.text)
    RCC_BackupResetCmd                       0x08004855   Thumb Code     8  stm32f4xx_rcc.o(.text)
    RCC_I2SCLKConfig                         0x0800485d   Thumb Code     6  stm32f4xx_rcc.o(.text)
    RCC_SAIPLLI2SClkDivConfig                0x08004863   Thumb Code    26  stm32f4xx_rcc.o(.text)
    RCC_SAIPLLSAIClkDivConfig                0x0800487d   Thumb Code    28  stm32f4xx_rcc.o(.text)
    RCC_SAIBlockACLKConfig                   0x08004899   Thumb Code    20  stm32f4xx_rcc.o(.text)
    RCC_SAIBlockBCLKConfig                   0x080048ad   Thumb Code    20  stm32f4xx_rcc.o(.text)
    RCC_LTDCCLKDivConfig                     0x080048c1   Thumb Code    20  stm32f4xx_rcc.o(.text)
    RCC_TIMCLKPresConfig                     0x080048d5   Thumb Code     6  stm32f4xx_rcc.o(.text)
    RCC_AHB1PeriphClockCmd                   0x080048db   Thumb Code    82  stm32f4xx_rcc.o(.text)
    RCC_AHB2PeriphClockCmd                   0x0800492d   Thumb Code    26  stm32f4xx_rcc.o(.text)
    RCC_AHB3PeriphClockCmd                   0x08004947   Thumb Code    34  stm32f4xx_rcc.o(.text)
    RCC_APB1PeriphClockCmd                   0x08004969   Thumb Code    34  stm32f4xx_rcc.o(.text)
    RCC_APB2PeriphClockCmd                   0x0800498b   Thumb Code    34  stm32f4xx_rcc.o(.text)
    RCC_AHB1PeriphResetCmd                   0x080049ad   Thumb Code    34  stm32f4xx_rcc.o(.text)
    RCC_AHB2PeriphResetCmd                   0x080049cf   Thumb Code    34  stm32f4xx_rcc.o(.text)
    RCC_AHB3PeriphResetCmd                   0x080049f1   Thumb Code    34  stm32f4xx_rcc.o(.text)
    RCC_APB1PeriphResetCmd                   0x08004a13   Thumb Code    34  stm32f4xx_rcc.o(.text)
    RCC_APB2PeriphResetCmd                   0x08004a35   Thumb Code    34  stm32f4xx_rcc.o(.text)
    RCC_AHB1PeriphClockLPModeCmd             0x08004a57   Thumb Code    34  stm32f4xx_rcc.o(.text)
    RCC_AHB2PeriphClockLPModeCmd             0x08004a79   Thumb Code    34  stm32f4xx_rcc.o(.text)
    RCC_AHB3PeriphClockLPModeCmd             0x08004a9b   Thumb Code    34  stm32f4xx_rcc.o(.text)
    RCC_APB1PeriphClockLPModeCmd             0x08004abd   Thumb Code    34  stm32f4xx_rcc.o(.text)
    RCC_APB2PeriphClockLPModeCmd             0x08004adf   Thumb Code    34  stm32f4xx_rcc.o(.text)
    RCC_ITConfig                             0x08004b01   Thumb Code    34  stm32f4xx_rcc.o(.text)
    RCC_ClearFlag                            0x08004b23   Thumb Code    18  stm32f4xx_rcc.o(.text)
    RCC_GetITStatus                          0x08004b35   Thumb Code    22  stm32f4xx_rcc.o(.text)
    RCC_ClearITPendingBit                    0x08004b4b   Thumb Code     8  stm32f4xx_rcc.o(.text)
    SPI_I2S_DeInit                           0x08004b59   Thumb Code   152  stm32f4xx_spi.o(.text)
    SPI_Init                                 0x08004bf1   Thumb Code    60  stm32f4xx_spi.o(.text)
    I2S_Init                                 0x08004c2d   Thumb Code   350  stm32f4xx_spi.o(.text)
    SPI_StructInit                           0x08004d8b   Thumb Code    24  stm32f4xx_spi.o(.text)
    I2S_StructInit                           0x08004da3   Thumb Code    20  stm32f4xx_spi.o(.text)
    SPI_Cmd                                  0x08004db7   Thumb Code    24  stm32f4xx_spi.o(.text)
    I2S_Cmd                                  0x08004dcf   Thumb Code    24  stm32f4xx_spi.o(.text)
    SPI_DataSizeConfig                       0x08004de7   Thumb Code    18  stm32f4xx_spi.o(.text)
    SPI_BiDirectionalLineConfig              0x08004df9   Thumb Code    28  stm32f4xx_spi.o(.text)
    SPI_NSSInternalSoftwareConfig            0x08004e15   Thumb Code    30  stm32f4xx_spi.o(.text)
    SPI_SSOutputCmd                          0x08004e33   Thumb Code    24  stm32f4xx_spi.o(.text)
    SPI_TIModeCmd                            0x08004e4b   Thumb Code    24  stm32f4xx_spi.o(.text)
    I2S_FullDuplexConfig                     0x08004e63   Thumb Code    80  stm32f4xx_spi.o(.text)
    SPI_I2S_ReceiveData                      0x08004eb3   Thumb Code     6  stm32f4xx_spi.o(.text)
    SPI_I2S_SendData                         0x08004eb9   Thumb Code     4  stm32f4xx_spi.o(.text)
    SPI_CalculateCRC                         0x08004ebd   Thumb Code    24  stm32f4xx_spi.o(.text)
    SPI_TransmitCRC                          0x08004ed5   Thumb Code    10  stm32f4xx_spi.o(.text)
    SPI_GetCRC                               0x08004edf   Thumb Code    16  stm32f4xx_spi.o(.text)
    SPI_GetCRCPolynomial                     0x08004eef   Thumb Code     6  stm32f4xx_spi.o(.text)
    SPI_I2S_DMACmd                           0x08004ef5   Thumb Code    18  stm32f4xx_spi.o(.text)
    SPI_I2S_ITConfig                         0x08004f07   Thumb Code    32  stm32f4xx_spi.o(.text)
    SPI_I2S_GetFlagStatus                    0x08004f27   Thumb Code    50  stm32f4xx_spi.o(.text)
    SPI_I2S_ClearFlag                        0x08004f59   Thumb Code     6  stm32f4xx_spi.o(.text)
    SPI_I2S_GetITStatus                      0x08004f5f   Thumb Code    52  stm32f4xx_spi.o(.text)
    SPI_I2S_ClearITPendingBit                0x08004f93   Thumb Code    20  stm32f4xx_spi.o(.text)
    TIM_DeInit                               0x08004fa9   Thumb Code   346  stm32f4xx_tim.o(.text)
    TIM_TimeBaseInit                         0x08005103   Thumb Code   104  stm32f4xx_tim.o(.text)
    TIM_TimeBaseStructInit                   0x0800516b   Thumb Code    18  stm32f4xx_tim.o(.text)
    TIM_PrescalerConfig                      0x0800517d   Thumb Code     6  stm32f4xx_tim.o(.text)
    TIM_CounterModeConfig                    0x08005183   Thumb Code    18  stm32f4xx_tim.o(.text)
    TIM_SetCounter                           0x08005195   Thumb Code     4  stm32f4xx_tim.o(.text)
    TIM_SetAutoreload                        0x08005199   Thumb Code     4  stm32f4xx_tim.o(.text)
    TIM_GetCounter                           0x0800519d   Thumb Code     6  stm32f4xx_tim.o(.text)
    TIM_GetPrescaler                         0x080051a3   Thumb Code     6  stm32f4xx_tim.o(.text)
    TIM_UpdateDisableConfig                  0x080051a9   Thumb Code    24  stm32f4xx_tim.o(.text)
    TIM_UpdateRequestConfig                  0x080051c1   Thumb Code    24  stm32f4xx_tim.o(.text)
    TIM_ARRPreloadConfig                     0x080051d9   Thumb Code    24  stm32f4xx_tim.o(.text)
    TIM_SelectOnePulseMode                   0x080051f1   Thumb Code    18  stm32f4xx_tim.o(.text)
    TIM_SetClockDivision                     0x08005203   Thumb Code    18  stm32f4xx_tim.o(.text)
    TIM_Cmd                                  0x08005215   Thumb Code    24  stm32f4xx_tim.o(.text)
    TIM_OC1Init                              0x0800522d   Thumb Code   114  stm32f4xx_tim.o(.text)
    TIM_OC2Init                              0x0800529f   Thumb Code   154  stm32f4xx_tim.o(.text)
    TIM_OC3Init                              0x08005339   Thumb Code   204  stm32f4xx_tim.o(.text)
    TIM_OC4Init                              0x08005405   Thumb Code   112  stm32f4xx_tim.o(.text)
    TIM_OCStructInit                         0x08005475   Thumb Code    20  stm32f4xx_tim.o(.text)
    TIM_SelectOCxM                           0x08005489   Thumb Code    86  stm32f4xx_tim.o(.text)
    TIM_SetCompare1                          0x080054df   Thumb Code     4  stm32f4xx_tim.o(.text)
    TIM_SetCompare2                          0x080054e3   Thumb Code     4  stm32f4xx_tim.o(.text)
    TIM_SetCompare3                          0x080054e7   Thumb Code     4  stm32f4xx_tim.o(.text)
    TIM_SetCompare4                          0x080054eb   Thumb Code     4  stm32f4xx_tim.o(.text)
    TIM_ForcedOC1Config                      0x080054ef   Thumb Code    18  stm32f4xx_tim.o(.text)
    TIM_ForcedOC2Config                      0x08005501   Thumb Code    26  stm32f4xx_tim.o(.text)
    TIM_ForcedOC3Config                      0x0800551b   Thumb Code    18  stm32f4xx_tim.o(.text)
    TIM_ForcedOC4Config                      0x0800552d   Thumb Code    26  stm32f4xx_tim.o(.text)
    TIM_OC1PreloadConfig                     0x08005547   Thumb Code    18  stm32f4xx_tim.o(.text)
    TIM_OC2PreloadConfig                     0x08005559   Thumb Code    26  stm32f4xx_tim.o(.text)
    TIM_OC3PreloadConfig                     0x08005573   Thumb Code    18  stm32f4xx_tim.o(.text)
    TIM_OC4PreloadConfig                     0x08005585   Thumb Code    26  stm32f4xx_tim.o(.text)
    TIM_OC1FastConfig                        0x0800559f   Thumb Code    18  stm32f4xx_tim.o(.text)
    TIM_OC2FastConfig                        0x080055b1   Thumb Code    26  stm32f4xx_tim.o(.text)
    TIM_OC3FastConfig                        0x080055cb   Thumb Code    18  stm32f4xx_tim.o(.text)
    TIM_OC4FastConfig                        0x080055dd   Thumb Code    26  stm32f4xx_tim.o(.text)
    TIM_ClearOC1Ref                          0x080055f7   Thumb Code    18  stm32f4xx_tim.o(.text)
    TIM_ClearOC2Ref                          0x08005609   Thumb Code    24  stm32f4xx_tim.o(.text)
    TIM_ClearOC3Ref                          0x08005621   Thumb Code    18  stm32f4xx_tim.o(.text)
    TIM_ClearOC4Ref                          0x08005633   Thumb Code    24  stm32f4xx_tim.o(.text)
    TIM_OC1PolarityConfig                    0x0800564b   Thumb Code    18  stm32f4xx_tim.o(.text)
    TIM_OC1NPolarityConfig                   0x0800565d   Thumb Code    18  stm32f4xx_tim.o(.text)
    TIM_OC2PolarityConfig                    0x0800566f   Thumb Code    26  stm32f4xx_tim.o(.text)
    TIM_OC2NPolarityConfig                   0x08005689   Thumb Code    26  stm32f4xx_tim.o(.text)
    TIM_OC3PolarityConfig                    0x080056a3   Thumb Code    26  stm32f4xx_tim.o(.text)
    TIM_OC3NPolarityConfig                   0x080056bd   Thumb Code    26  stm32f4xx_tim.o(.text)
    TIM_OC4PolarityConfig                    0x080056d7   Thumb Code    26  stm32f4xx_tim.o(.text)
    TIM_CCxCmd                               0x080056f1   Thumb Code    30  stm32f4xx_tim.o(.text)
    TIM_CCxNCmd                              0x0800570f   Thumb Code    30  stm32f4xx_tim.o(.text)
    TIM_SetIC4Prescaler                      0x0800572d   Thumb Code    26  stm32f4xx_tim.o(.text)
    TIM_SetIC3Prescaler                      0x08005797   Thumb Code    18  stm32f4xx_tim.o(.text)
    TIM_SetIC2Prescaler                      0x080057f1   Thumb Code    26  stm32f4xx_tim.o(.text)
    TIM_SetIC1Prescaler                      0x08005865   Thumb Code    18  stm32f4xx_tim.o(.text)
    TIM_ICInit                               0x080058b1   Thumb Code   110  stm32f4xx_tim.o(.text)
    TIM_ICStructInit                         0x0800591f   Thumb Code    18  stm32f4xx_tim.o(.text)
    TIM_PWMIConfig                           0x08005931   Thumb Code   124  stm32f4xx_tim.o(.text)
    TIM_GetCapture1                          0x080059ad   Thumb Code     6  stm32f4xx_tim.o(.text)
    TIM_GetCapture2                          0x080059b3   Thumb Code     6  stm32f4xx_tim.o(.text)
    TIM_GetCapture3                          0x080059b9   Thumb Code     6  stm32f4xx_tim.o(.text)
    TIM_GetCapture4                          0x080059bf   Thumb Code     6  stm32f4xx_tim.o(.text)
    TIM_BDTRConfig                           0x080059c5   Thumb Code    32  stm32f4xx_tim.o(.text)
    TIM_BDTRStructInit                       0x080059e5   Thumb Code    18  stm32f4xx_tim.o(.text)
    TIM_CtrlPWMOutputs                       0x080059f7   Thumb Code    30  stm32f4xx_tim.o(.text)
    TIM_SelectCOM                            0x08005a15   Thumb Code    24  stm32f4xx_tim.o(.text)
    TIM_CCPreloadControl                     0x08005a2d   Thumb Code    24  stm32f4xx_tim.o(.text)
    TIM_ITConfig                             0x08005a45   Thumb Code    18  stm32f4xx_tim.o(.text)
    TIM_GenerateEvent                        0x08005a57   Thumb Code     4  stm32f4xx_tim.o(.text)
    TIM_GetFlagStatus                        0x08005a5b   Thumb Code    18  stm32f4xx_tim.o(.text)
    TIM_ClearFlag                            0x08005a6d   Thumb Code     6  stm32f4xx_tim.o(.text)
    TIM_GetITStatus                          0x08005a73   Thumb Code    34  stm32f4xx_tim.o(.text)
    TIM_ClearITPendingBit                    0x08005a95   Thumb Code     6  stm32f4xx_tim.o(.text)
    TIM_DMAConfig                            0x08005a9b   Thumb Code    10  stm32f4xx_tim.o(.text)
    TIM_DMACmd                               0x08005aa5   Thumb Code    18  stm32f4xx_tim.o(.text)
    TIM_SelectCCDMA                          0x08005ab7   Thumb Code    24  stm32f4xx_tim.o(.text)
    TIM_InternalClockConfig                  0x08005acf   Thumb Code    12  stm32f4xx_tim.o(.text)
    TIM_SelectInputTrigger                   0x08005adb   Thumb Code    18  stm32f4xx_tim.o(.text)
    TIM_ITRxExternalClockConfig              0x08005aed   Thumb Code    24  stm32f4xx_tim.o(.text)
    TIM_TIxExternalClockConfig               0x08005b05   Thumb Code    62  stm32f4xx_tim.o(.text)
    TIM_ETRConfig                            0x08005b43   Thumb Code    28  stm32f4xx_tim.o(.text)
    TIM_ETRClockMode1Config                  0x08005b5f   Thumb Code    54  stm32f4xx_tim.o(.text)
    TIM_ETRClockMode2Config                  0x08005b95   Thumb Code    32  stm32f4xx_tim.o(.text)
    TIM_SelectOutputTrigger                  0x08005bb5   Thumb Code    18  stm32f4xx_tim.o(.text)
    TIM_SelectSlaveMode                      0x08005bc7   Thumb Code    18  stm32f4xx_tim.o(.text)
    TIM_SelectMasterSlaveMode                0x08005bd9   Thumb Code    18  stm32f4xx_tim.o(.text)
    TIM_EncoderInterfaceConfig               0x08005beb   Thumb Code    66  stm32f4xx_tim.o(.text)
    TIM_SelectHallSensor                     0x08005c2d   Thumb Code    24  stm32f4xx_tim.o(.text)
    TIM_RemapConfig                          0x08005c45   Thumb Code     6  stm32f4xx_tim.o(.text)
    Reset_Handler                            0x08005c4d   Thumb Code     8  startup_stm32f429_439xx.o(.text)
    NMI_Handler                              0x08005c55   Thumb Code     2  startup_stm32f429_439xx.o(.text)
    HardFault_Handler                        0x08005c57   Thumb Code     2  startup_stm32f429_439xx.o(.text)
    MemManage_Handler                        0x08005c59   Thumb Code     2  startup_stm32f429_439xx.o(.text)
    BusFault_Handler                         0x08005c5b   Thumb Code     2  startup_stm32f429_439xx.o(.text)
    UsageFault_Handler                       0x08005c5d   Thumb Code     2  startup_stm32f429_439xx.o(.text)
    DebugMon_Handler                         0x08005c61   Thumb Code     2  startup_stm32f429_439xx.o(.text)
    ADC_IRQHandler                           0x08005c67   Thumb Code     0  startup_stm32f429_439xx.o(.text)
    CAN1_RX0_IRQHandler                      0x08005c67   Thumb Code     0  startup_stm32f429_439xx.o(.text)
    CAN1_RX1_IRQHandler                      0x08005c67   Thumb Code     0  startup_stm32f429_439xx.o(.text)
    CAN1_SCE_IRQHandler                      0x08005c67   Thumb Code     0  startup_stm32f429_439xx.o(.text)
    CAN1_TX_IRQHandler                       0x08005c67   Thumb Code     0  startup_stm32f429_439xx.o(.text)
    CAN2_RX0_IRQHandler                      0x08005c67   Thumb Code     0  startup_stm32f429_439xx.o(.text)
    CAN2_RX1_IRQHandler                      0x08005c67   Thumb Code     0  startup_stm32f429_439xx.o(.text)
    CAN2_SCE_IRQHandler                      0x08005c67   Thumb Code     0  startup_stm32f429_439xx.o(.text)
    CAN2_TX_IRQHandler                       0x08005c67   Thumb Code     0  startup_stm32f429_439xx.o(.text)
    CRYP_IRQHandler                          0x08005c67   Thumb Code     0  startup_stm32f429_439xx.o(.text)
    DCMI_IRQHandler                          0x08005c67   Thumb Code     0  startup_stm32f429_439xx.o(.text)
    DMA1_Stream0_IRQHandler                  0x08005c67   Thumb Code     0  startup_stm32f429_439xx.o(.text)
    DMA1_Stream1_IRQHandler                  0x08005c67   Thumb Code     0  startup_stm32f429_439xx.o(.text)
    DMA1_Stream2_IRQHandler                  0x08005c67   Thumb Code     0  startup_stm32f429_439xx.o(.text)
    DMA1_Stream3_IRQHandler                  0x08005c67   Thumb Code     0  startup_stm32f429_439xx.o(.text)
    DMA1_Stream4_IRQHandler                  0x08005c67   Thumb Code     0  startup_stm32f429_439xx.o(.text)
    DMA1_Stream5_IRQHandler                  0x08005c67   Thumb Code     0  startup_stm32f429_439xx.o(.text)
    DMA1_Stream6_IRQHandler                  0x08005c67   Thumb Code     0  startup_stm32f429_439xx.o(.text)
    DMA1_Stream7_IRQHandler                  0x08005c67   Thumb Code     0  startup_stm32f429_439xx.o(.text)
    DMA2D_IRQHandler                         0x08005c67   Thumb Code     0  startup_stm32f429_439xx.o(.text)
    DMA2_Stream0_IRQHandler                  0x08005c67   Thumb Code     0  startup_stm32f429_439xx.o(.text)
    DMA2_Stream1_IRQHandler                  0x08005c67   Thumb Code     0  startup_stm32f429_439xx.o(.text)
    DMA2_Stream2_IRQHandler                  0x08005c67   Thumb Code     0  startup_stm32f429_439xx.o(.text)
    DMA2_Stream3_IRQHandler                  0x08005c67   Thumb Code     0  startup_stm32f429_439xx.o(.text)
    DMA2_Stream4_IRQHandler                  0x08005c67   Thumb Code     0  startup_stm32f429_439xx.o(.text)
    DMA2_Stream5_IRQHandler                  0x08005c67   Thumb Code     0  startup_stm32f429_439xx.o(.text)
    DMA2_Stream6_IRQHandler                  0x08005c67   Thumb Code     0  startup_stm32f429_439xx.o(.text)
    DMA2_Stream7_IRQHandler                  0x08005c67   Thumb Code     0  startup_stm32f429_439xx.o(.text)
    ETH_IRQHandler                           0x08005c67   Thumb Code     0  startup_stm32f429_439xx.o(.text)
    ETH_WKUP_IRQHandler                      0x08005c67   Thumb Code     0  startup_stm32f429_439xx.o(.text)
    EXTI0_IRQHandler                         0x08005c67   Thumb Code     0  startup_stm32f429_439xx.o(.text)
    EXTI15_10_IRQHandler                     0x08005c67   Thumb Code     0  startup_stm32f429_439xx.o(.text)
    EXTI1_IRQHandler                         0x08005c67   Thumb Code     0  startup_stm32f429_439xx.o(.text)
    EXTI2_IRQHandler                         0x08005c67   Thumb Code     0  startup_stm32f429_439xx.o(.text)
    EXTI3_IRQHandler                         0x08005c67   Thumb Code     0  startup_stm32f429_439xx.o(.text)
    EXTI4_IRQHandler                         0x08005c67   Thumb Code     0  startup_stm32f429_439xx.o(.text)
    EXTI9_5_IRQHandler                       0x08005c67   Thumb Code     0  startup_stm32f429_439xx.o(.text)
    FLASH_IRQHandler                         0x08005c67   Thumb Code     0  startup_stm32f429_439xx.o(.text)
    FMC_IRQHandler                           0x08005c67   Thumb Code     0  startup_stm32f429_439xx.o(.text)
    FPU_IRQHandler                           0x08005c67   Thumb Code     0  startup_stm32f429_439xx.o(.text)
    HASH_RNG_IRQHandler                      0x08005c67   Thumb Code     0  startup_stm32f429_439xx.o(.text)
    I2C1_ER_IRQHandler                       0x08005c67   Thumb Code     0  startup_stm32f429_439xx.o(.text)
    I2C1_EV_IRQHandler                       0x08005c67   Thumb Code     0  startup_stm32f429_439xx.o(.text)
    I2C2_ER_IRQHandler                       0x08005c67   Thumb Code     0  startup_stm32f429_439xx.o(.text)
    I2C2_EV_IRQHandler                       0x08005c67   Thumb Code     0  startup_stm32f429_439xx.o(.text)
    I2C3_ER_IRQHandler                       0x08005c67   Thumb Code     0  startup_stm32f429_439xx.o(.text)
    I2C3_EV_IRQHandler                       0x08005c67   Thumb Code     0  startup_stm32f429_439xx.o(.text)
    LTDC_ER_IRQHandler                       0x08005c67   Thumb Code     0  startup_stm32f429_439xx.o(.text)
    LTDC_IRQHandler                          0x08005c67   Thumb Code     0  startup_stm32f429_439xx.o(.text)
    OTG_FS_IRQHandler                        0x08005c67   Thumb Code     0  startup_stm32f429_439xx.o(.text)
    OTG_FS_WKUP_IRQHandler                   0x08005c67   Thumb Code     0  startup_stm32f429_439xx.o(.text)
    OTG_HS_EP1_IN_IRQHandler                 0x08005c67   Thumb Code     0  startup_stm32f429_439xx.o(.text)
    OTG_HS_EP1_OUT_IRQHandler                0x08005c67   Thumb Code     0  startup_stm32f429_439xx.o(.text)
    OTG_HS_IRQHandler                        0x08005c67   Thumb Code     0  startup_stm32f429_439xx.o(.text)
    OTG_HS_WKUP_IRQHandler                   0x08005c67   Thumb Code     0  startup_stm32f429_439xx.o(.text)
    PVD_IRQHandler                           0x08005c67   Thumb Code     0  startup_stm32f429_439xx.o(.text)
    RCC_IRQHandler                           0x08005c67   Thumb Code     0  startup_stm32f429_439xx.o(.text)
    RTC_Alarm_IRQHandler                     0x08005c67   Thumb Code     0  startup_stm32f429_439xx.o(.text)
    RTC_WKUP_IRQHandler                      0x08005c67   Thumb Code     0  startup_stm32f429_439xx.o(.text)
    SAI1_IRQHandler                          0x08005c67   Thumb Code     0  startup_stm32f429_439xx.o(.text)
    SDIO_IRQHandler                          0x08005c67   Thumb Code     0  startup_stm32f429_439xx.o(.text)
    SPI1_IRQHandler                          0x08005c67   Thumb Code     0  startup_stm32f429_439xx.o(.text)
    SPI2_IRQHandler                          0x08005c67   Thumb Code     0  startup_stm32f429_439xx.o(.text)
    SPI3_IRQHandler                          0x08005c67   Thumb Code     0  startup_stm32f429_439xx.o(.text)
    SPI4_IRQHandler                          0x08005c67   Thumb Code     0  startup_stm32f429_439xx.o(.text)
    SPI5_IRQHandler                          0x08005c67   Thumb Code     0  startup_stm32f429_439xx.o(.text)
    SPI6_IRQHandler                          0x08005c67   Thumb Code     0  startup_stm32f429_439xx.o(.text)
    TAMP_STAMP_IRQHandler                    0x08005c67   Thumb Code     0  startup_stm32f429_439xx.o(.text)
    TIM1_BRK_TIM9_IRQHandler                 0x08005c67   Thumb Code     0  startup_stm32f429_439xx.o(.text)
    TIM1_CC_IRQHandler                       0x08005c67   Thumb Code     0  startup_stm32f429_439xx.o(.text)
    TIM1_TRG_COM_TIM11_IRQHandler            0x08005c67   Thumb Code     0  startup_stm32f429_439xx.o(.text)
    TIM1_UP_TIM10_IRQHandler                 0x08005c67   Thumb Code     0  startup_stm32f429_439xx.o(.text)
    TIM2_IRQHandler                          0x08005c67   Thumb Code     0  startup_stm32f429_439xx.o(.text)
    TIM3_IRQHandler                          0x08005c67   Thumb Code     0  startup_stm32f429_439xx.o(.text)
    TIM4_IRQHandler                          0x08005c67   Thumb Code     0  startup_stm32f429_439xx.o(.text)
    TIM5_IRQHandler                          0x08005c67   Thumb Code     0  startup_stm32f429_439xx.o(.text)
    TIM6_DAC_IRQHandler                      0x08005c67   Thumb Code     0  startup_stm32f429_439xx.o(.text)
    TIM7_IRQHandler                          0x08005c67   Thumb Code     0  startup_stm32f429_439xx.o(.text)
    TIM8_BRK_TIM12_IRQHandler                0x08005c67   Thumb Code     0  startup_stm32f429_439xx.o(.text)
    TIM8_CC_IRQHandler                       0x08005c67   Thumb Code     0  startup_stm32f429_439xx.o(.text)
    TIM8_TRG_COM_TIM14_IRQHandler            0x08005c67   Thumb Code     0  startup_stm32f429_439xx.o(.text)
    TIM8_UP_TIM13_IRQHandler                 0x08005c67   Thumb Code     0  startup_stm32f429_439xx.o(.text)
    UART4_IRQHandler                         0x08005c67   Thumb Code     0  startup_stm32f429_439xx.o(.text)
    UART5_IRQHandler                         0x08005c67   Thumb Code     0  startup_stm32f429_439xx.o(.text)
    UART7_IRQHandler                         0x08005c67   Thumb Code     0  startup_stm32f429_439xx.o(.text)
    UART8_IRQHandler                         0x08005c67   Thumb Code     0  startup_stm32f429_439xx.o(.text)
    USART1_IRQHandler                        0x08005c67   Thumb Code     0  startup_stm32f429_439xx.o(.text)
    USART2_IRQHandler                        0x08005c67   Thumb Code     0  startup_stm32f429_439xx.o(.text)
    USART3_IRQHandler                        0x08005c67   Thumb Code     0  startup_stm32f429_439xx.o(.text)
    USART6_IRQHandler                        0x08005c67   Thumb Code     0  startup_stm32f429_439xx.o(.text)
    WWDG_IRQHandler                          0x08005c67   Thumb Code     0  startup_stm32f429_439xx.o(.text)
    SystemInit                               0x08005d81   Thumb Code    88  system_stm32f4xx.o(.text)
    SystemCoreClockUpdate                    0x08005dd9   Thumb Code   174  system_stm32f4xx.o(.text)
    __aeabi_dadd                             0x08005eb5   Thumb Code   322  dadd.o(.text)
    __aeabi_dsub                             0x08005ff7   Thumb Code     6  dadd.o(.text)
    __aeabi_drsub                            0x08005ffd   Thumb Code     6  dadd.o(.text)
    __aeabi_dmul                             0x08006003   Thumb Code   228  dmul.o(.text)
    __aeabi_ddiv                             0x080060e7   Thumb Code   222  ddiv.o(.text)
    __aeabi_ui2d                             0x080061c5   Thumb Code    26  dfltui.o(.text)
    __aeabi_f2d                              0x080061df   Thumb Code    38  f2d.o(.text)
    __aeabi_d2f                              0x08006205   Thumb Code    56  d2f.o(.text)
    __aeabi_uidiv                            0x0800623d   Thumb Code     0  uidiv.o(.text)
    __aeabi_uidivmod                         0x0800623d   Thumb Code    44  uidiv.o(.text)
    __aeabi_llsl                             0x08006269   Thumb Code    30  llshl.o(.text)
    _ll_shift_l                              0x08006269   Thumb Code     0  llshl.o(.text)
    __aeabi_lasr                             0x08006287   Thumb Code    36  llsshr.o(.text)
    _ll_sshift_r                             0x08006287   Thumb Code     0  llsshr.o(.text)
    __I$use$fp                               0x080062ab   Thumb Code     0  iusefp.o(.text)
    _float_round                             0x080062ab   Thumb Code    18  fepilogue.o(.text)
    _float_epilogue                          0x080062bd   Thumb Code    92  fepilogue.o(.text)
    _double_round                            0x08006319   Thumb Code    26  depilogue.o(.text)
    _double_epilogue                         0x08006333   Thumb Code   156  depilogue.o(.text)
    __ARM_scalbn                             0x080063cf   Thumb Code    46  dscalb.o(.text)
    scalbn                                   0x080063cf   Thumb Code     0  dscalb.o(.text)
    _dsqrt                                   0x080063fd   Thumb Code   162  dsqrt.o(.text)
    __aeabi_i2d                              0x0800649f   Thumb Code    34  dflti.o(.text)
    __aeabi_cdrcmple                         0x080064c1   Thumb Code    38  cdrcmple.o(.text)
    __scatterload                            0x080064e9   Thumb Code    28  init.o(.text)
    __scatterload_rt2                        0x080064e9   Thumb Code     0  init.o(.text)
    __aeabi_llsr                             0x0800650d   Thumb Code    32  llushr.o(.text)
    _ll_ushift_r                             0x0800650d   Thumb Code     0  llushr.o(.text)
    __aeabi_d2iz                             0x0800652d   Thumb Code    62  dfixi.o(.text)
    SVC_Count                                0x0800656c   Data           4  svc_table.o(SVC_TABLE)
    SVC_Table                                0x08006570   Data           0  svc_table.o(SVC_TABLE)
    __0printf$1                              0x08006571   Thumb Code    22  printf1.o(i.__0printf$1)
    __1printf$1                              0x08006571   Thumb Code     0  printf1.o(i.__0printf$1)
    __2printf                                0x08006571   Thumb Code     0  printf1.o(i.__0printf$1)
    __ARM_fpclassify                         0x08006591   Thumb Code    48  fpclassify.o(i.__ARM_fpclassify)
    __hardfp_cos                             0x080065c1   Thumb Code   200  cos.o(i.__hardfp_cos)
    __hardfp_pow                             0x08006699   Thumb Code  3048  pow.o(i.__hardfp_pow)
    __hardfp_sin                             0x080072d1   Thumb Code   200  sin.o(i.__hardfp_sin)
    __hardfp_sqrt                            0x080073a9   Thumb Code   122  sqrt.o(i.__hardfp_sqrt)
    __ieee754_rem_pio2                       0x08007429   Thumb Code   938  rred.o(i.__ieee754_rem_pio2)
    __kernel_cos                             0x08007861   Thumb Code   322  cos_i.o(i.__kernel_cos)
    __kernel_poly                            0x080079d1   Thumb Code   248  poly.o(i.__kernel_poly)
    __kernel_sin                             0x08007ac9   Thumb Code   280  sin_i.o(i.__kernel_sin)
    __mathlib_dbl_underflow                  0x08007bf9   Thumb Code    24  dunder.o(i.__mathlib_dbl_underflow)
    __scatterload_copy                       0x08007c19   Thumb Code    14  handlers.o(i.__scatterload_copy)
    __scatterload_null                       0x08007c27   Thumb Code     2  handlers.o(i.__scatterload_null)
    __scatterload_zeroinit                   0x08007c29   Thumb Code    14  handlers.o(i.__scatterload_zeroinit)
    __set_errno                              0x08007c39   Thumb Code     6  errno.o(i.__set_errno)
    _init_box                                0x08007c45   Thumb Code    70  rt_membox.o(i._init_box)
    dbg_init                                 0x08007de1   Thumb Code    34  hal_cm.o(i.dbg_init)
    dbg_task_notify                          0x08007e11   Thumb Code    32  hal_cm.o(i.dbg_task_notify)
    dbg_task_switch                          0x08007e31   Thumb Code    16  hal_cm.o(i.dbg_task_switch)
    fabs                                     0x08007e41   Thumb Code    24  fabs.o(i.fabs)
    isr_evt_set                              0x08007e85   Thumb Code    34  rt_event.o(i.isr_evt_set)
    isr_mbx_receive                          0x08007ead   Thumb Code    80  rt_mailbox.o(i.isr_mbx_receive)
    isr_mbx_send                             0x08007efd   Thumb Code    14  rt_mailbox.o(i.isr_mbx_send)
    osDelay                                  0x08007f0d   Thumb Code    18  rt_cmsis.o(i.osDelay)
    osKernelInitialize                       0x08007f25   Thumb Code    30  rt_cmsis.o(i.osKernelInitialize)
    osKernelStart                            0x08007f49   Thumb Code    98  rt_cmsis.o(i.osKernelStart)
    osMessageGet                             0x08007fb5   Thumb Code    62  rt_cmsis.o(i.osMessageGet)
    osMutexCreate                            0x08007ff9   Thumb Code    38  rt_cmsis.o(i.osMutexCreate)
    osMutexRelease                           0x08008029   Thumb Code    18  rt_cmsis.o(i.osMutexRelease)
    osMutexWait                              0x08008041   Thumb Code    18  rt_cmsis.o(i.osMutexWait)
    osSignalSet                              0x08008059   Thumb Code    48  rt_cmsis.o(i.osSignalSet)
    osSignalWait                             0x0800808d   Thumb Code    18  rt_cmsis.o(i.osSignalWait)
    osThreadCreate                           0x080080a5   Thumb Code    38  rt_cmsis.o(i.osThreadCreate)
    osThreadExit                             0x080080d5   Thumb Code    14  rt_cmsis.o(i.osThreadExit)
    osTimerCall                              0x080080ed   Thumb Code     8  rt_cmsis.o(i.osTimerCall)
    osTimerCreate                            0x080080f9   Thumb Code    44  rt_cmsis.o(i.osTimerCreate)
    osTimerStart                             0x0800812d   Thumb Code    18  rt_cmsis.o(i.osTimerStart)
    osTimerThread                            0x08008145   Thumb Code    38  rt_cmsis.o(i.osTimerThread)
    os_tick_init                             0x08008171   Thumb Code    32  rt_system.o(i.os_tick_init)
    os_tick_irqack                           0x08008199   Thumb Code     2  rt_system.o(i.os_tick_irqack)
    rt_alloc_box                             0x0800819b   Thumb Code    26  rt_membox.o(i.rt_alloc_box)
    rt_alloc_mem                             0x080081b5   Thumb Code    60  rt_memory.o(i.rt_alloc_mem)
    rt_block                                 0x080081f1   Thumb Code    48  rt_task.o(i.rt_block)
    rt_chk_robin                             0x08008229   Thumb Code    60  rt_robin.o(i.rt_chk_robin)
    rt_dec_dly                               0x08008271   Thumb Code   102  rt_list.o(i.rt_dec_dly)
    rt_dispatch                              0x080082e1   Thumb Code    60  rt_task.o(i.rt_dispatch)
    rt_dly_wait                              0x08008325   Thumb Code     6  rt_time.o(i.rt_dly_wait)
    rt_evt_psh                               0x0800832d   Thumb Code    76  rt_event.o(i.rt_evt_psh)
    rt_evt_set                               0x0800837d   Thumb Code    88  rt_event.o(i.rt_evt_set)
    rt_evt_wait                              0x080083d9   Thumb Code    56  rt_event.o(i.rt_evt_wait)
    rt_free_box                              0x08008415   Thumb Code    32  rt_membox.o(i.rt_free_box)
    rt_free_mem                              0x08008435   Thumb Code    40  rt_memory.o(i.rt_free_mem)
    rt_get_first                             0x0800845d   Thumb Code    40  rt_list.o(i.rt_get_first)
    rt_init_mem                              0x080084d5   Thumb Code    26  rt_memory.o(i.rt_init_mem)
    rt_init_robin                            0x080084f1   Thumb Code    14  rt_robin.o(i.rt_init_robin)
    rt_init_stack                            0x08008509   Thumb Code    70  hal_cm.o(i.rt_init_stack)
    rt_mbx_check                             0x08008559   Thumb Code     8  rt_mailbox.o(i.rt_mbx_check)
    rt_mbx_init                              0x08008561   Thumb Code    28  rt_mailbox.o(i.rt_mbx_init)
    rt_mbx_psh                               0x0800857d   Thumb Code   234  rt_mailbox.o(i.rt_mbx_psh)
    rt_mbx_wait                              0x0800866d   Thumb Code   172  rt_mailbox.o(i.rt_mbx_wait)
    rt_mut_init                              0x08008759   Thumb Code    16  rt_mutex.o(i.rt_mut_init)
    rt_mut_release                           0x08008769   Thumb Code   208  rt_mutex.o(i.rt_mut_release)
    rt_mut_wait                              0x08008841   Thumb Code   100  rt_mutex.o(i.rt_mut_wait)
    rt_pop_req                               0x080088a9   Thumb Code   110  rt_system.o(i.rt_pop_req)
    rt_psh_req                               0x08008925   Thumb Code    22  rt_system.o(i.rt_psh_req)
    rt_psq_enq                               0x08008945   Thumb Code    82  rt_list.o(i.rt_psq_enq)
    rt_put_dly                               0x0800899d   Thumb Code    68  rt_list.o(i.rt_put_dly)
    rt_put_prio                              0x080089e5   Thumb Code    54  rt_list.o(i.rt_put_prio)
    rt_put_rdy_first                         0x08008a1d   Thumb Code    14  rt_list.o(i.rt_put_rdy_first)
    rt_resort_prio                           0x08008a31   Thumb Code    46  rt_list.o(i.rt_resort_prio)
    rt_ret_val                               0x08008a75   Thumb Code    12  hal_cm.o(i.rt_ret_val)
    rt_ret_val2                              0x08008a81   Thumb Code    16  hal_cm.o(i.rt_ret_val2)
    rt_rmv_dly                               0x08008a91   Thumb Code    40  rt_list.o(i.rt_rmv_dly)
    rt_rmv_list                              0x08008ab9   Thumb Code    44  rt_list.o(i.rt_rmv_list)
    rt_sem_psh                               0x08008ae9   Thumb Code    48  rt_semaphore.o(i.rt_sem_psh)
    rt_stk_check                             0x08008b1d   Thumb Code    28  rt_system.o(i.rt_stk_check)
    rt_switch_req                            0x08008b41   Thumb Code    30  rt_task.o(i.rt_switch_req)
    rt_sys_init                              0x08008b69   Thumb Code   200  rt_task.o(i.rt_sys_init)
    rt_sys_start                             0x08008c75   Thumb Code    44  rt_task.o(i.rt_sys_start)
    rt_systick                               0x08008ca9   Thumb Code    50  rt_system.o(i.rt_systick)
    rt_tsk_create                            0x08008d71   Thumb Code   116  rt_task.o(i.rt_tsk_create)
    rt_tsk_delete                            0x08008df5   Thumb Code   342  rt_task.o(i.rt_tsk_delete)
    rt_tsk_prio                              0x08008f69   Thumb Code   108  rt_task.o(i.rt_tsk_prio)
    rt_tsk_self                              0x08008fe5   Thumb Code    12  rt_task.o(i.rt_tsk_self)
    sqrt                                     0x08008ff5   Thumb Code   110  sqrt.o(i.sqrt)
    svcDelay                                 0x08009063   Thumb Code    20  rt_cmsis.o(i.svcDelay)
    svcKernelInitialize                      0x08009079   Thumb Code    80  rt_cmsis.o(i.svcKernelInitialize)
    svcKernelStart                           0x080090e9   Thumb Code    62  rt_cmsis.o(i.svcKernelStart)
    svcMessageCreate                         0x08009131   Thumb Code    36  rt_cmsis.o(i.svcMessageCreate)
    svcMessageGet                            0x08009155   Thumb Code    58  rt_cmsis.o(i.svcMessageGet)
    svcMutexCreate                           0x0800918f   Thumb Code    28  rt_cmsis.o(i.svcMutexCreate)
    svcMutexRelease                          0x080091ab   Thumb Code    34  rt_cmsis.o(i.svcMutexRelease)
    svcMutexWait                             0x080091cd   Thumb Code    54  rt_cmsis.o(i.svcMutexWait)
    svcSignalSet                             0x08009203   Thumb Code    36  rt_cmsis.o(i.svcSignalSet)
    svcSignalWait                            0x08009229   Thumb Code    80  rt_cmsis.o(i.svcSignalWait)
    svcThreadCreate                          0x0800927d   Thumb Code   100  rt_cmsis.o(i.svcThreadCreate)
    svcThreadGetId                           0x080092ed   Thumb Code    22  rt_cmsis.o(i.svcThreadGetId)
    svcThreadTerminate                       0x08009309   Thumb Code    50  rt_cmsis.o(i.svcThreadTerminate)
    svcTimerCall                             0x08009341   Thumb Code    24  rt_cmsis.o(i.svcTimerCall)
    svcTimerCreate                           0x08009359   Thumb Code    52  rt_cmsis.o(i.svcTimerCreate)
    svcTimerStart                            0x08009391   Thumb Code    72  rt_cmsis.o(i.svcTimerStart)
    sysTimerTick                             0x080093d9   Thumb Code    76  rt_cmsis.o(i.sysTimerTick)
    background                               0x0800942c   Data       153600  main.o(.constdata)
    os_thread_def_lcd                        0x0802ec2c   Data          16  main.o(.constdata)
    os_thread_def_proximitySensor            0x0802ec3c   Data          16  main.o(.constdata)
    os_thread_def_wireless                   0x0802ec4c   Data          16  main.o(.constdata)
    os_mutex_def_sensorCoordinates           0x0802ec5c   Data           4  main.o(.constdata)
    os_mutex_def_wirelessCoordinates         0x0802ec60   Data           4  main.o(.constdata)
    os_timer_def_displayTimer                0x0802ec64   Data           8  main.o(.constdata)
    os_timer_def_proximitySensorTimer        0x0802ec6c   Data           8  main.o(.constdata)
    ASCII16x24_Table                         0x0802ec74   Data        4560  stm32f429i_discovery_lcd.o(.constdata)
    ASCII12x12_Table                         0x0802fe44   Data        2304  stm32f429i_discovery_lcd.o(.constdata)
    ASCII8x12_Table                          0x08030744   Data        2304  stm32f429i_discovery_lcd.o(.constdata)
    ASCII8x8_Table                           0x08031044   Data        1536  stm32f429i_discovery_lcd.o(.constdata)
    os_maxtaskrun                            0x08031644   Data           2  rtx_conf_cm.o(.constdata)
    os_stackinfo                             0x08031648   Data           4  rtx_conf_cm.o(.constdata)
    os_rrobin                                0x0803164c   Data           4  rtx_conf_cm.o(.constdata)
    os_tickfreq                              0x08031650   Data           4  rtx_conf_cm.o(.constdata)
    os_tickus_i                              0x08031654   Data           2  rtx_conf_cm.o(.constdata)
    os_tickus_f                              0x08031656   Data           2  rtx_conf_cm.o(.constdata)
    os_trv                                   0x08031658   Data           4  rtx_conf_cm.o(.constdata)
    os_flags                                 0x0803165c   Data           1  rtx_conf_cm.o(.constdata)
    CMSIS_RTOS_API_Version                   0x08031660   Data           4  rtx_conf_cm.o(.constdata)
    CMSIS_RTOS_RTX_Version                   0x08031664   Data           4  rtx_conf_cm.o(.constdata)
    os_clockrate                             0x08031668   Data           4  rtx_conf_cm.o(.constdata)
    os_timernum                              0x0803166c   Data           4  rtx_conf_cm.o(.constdata)
    mp_tcb_size                              0x08031670   Data           2  rtx_conf_cm.o(.constdata)
    mp_stk_size                              0x08031674   Data           4  rtx_conf_cm.o(.constdata)
    os_stack_sz                              0x08031678   Data           4  rtx_conf_cm.o(.constdata)
    os_fifo_size                             0x0803167c   Data           1  rtx_conf_cm.o(.constdata)
    os_thread_def_osTimerThread              0x08031680   Data          16  rtx_conf_cm.o(.constdata)
    os_messageQ_def_osTimerMessageQ          0x08031690   Data           8  rtx_conf_cm.o(.constdata)
    mp_tmr_size                              0x08031698   Data           2  rtx_conf_cm.o(.constdata)
    __mathlib_zero                           0x08031758   Data           8  qnan.o(.constdata)
    Region$$Table$$Base                      0x08031850   Number         0  anon$$obj.o(Region$$Table)
    Region$$Table$$Limit                     0x08031870   Number         0  anon$$obj.o(Region$$Table)
    lcd_thread                               0x20000000   Data           4  main.o(.data)
    proximity_sensor_thread                  0x20000004   Data           4  main.o(.data)
    wireless_thread                          0x20000008   Data           4  main.o(.data)
    sensorCoordinatesId                      0x2000000c   Data           4  main.o(.data)
    wirelessCoordinatesId                    0x20000010   Data           4  main.o(.data)
    sensorCoordinates                        0x20000014   Data           8  main.o(.data)
    wirelessCoordinates                      0x2000001c   Data           8  main.o(.data)
    Font16x24                                0x20000024   Data           8  stm32f429i_discovery_lcd.o(.data)
    Font12x12                                0x2000002c   Data           8  stm32f429i_discovery_lcd.o(.data)
    Font8x12                                 0x20000034   Data           8  stm32f429i_discovery_lcd.o(.data)
    Font8x8                                  0x2000003c   Data           8  stm32f429i_discovery_lcd.o(.data)
    pulseLength                              0x20000054   Data           2  motor.o(.data)
    increasingAngle                          0x20000058   Data           4  motor.o(.data)
    osThreadId_osTimerThread                 0x2000005c   Data           4  rtx_conf_cm.o(.data)
    osMessageQId_osTimerMessageQ             0x20000060   Data           4  rtx_conf_cm.o(.data)
    os_tmr                                   0x20000064   Data           4  rtx_conf_cm.o(.data)
    m_tmr                                    0x20000068   Data           4  rtx_conf_cm.o(.data)
    os_thread_def_main                       0x2000006c   Data          16  rtx_conf_cm.o(.data)
    SystemCoreClock                          0x2000008c   Data           4  system_stm32f4xx.o(.data)
    AHBPrescTable                            0x20000090   Data          16  system_stm32f4xx.o(.data)
    os_initialized                           0x200000a0   Data           1  rt_cmsis.o(.data)
    os_running                               0x200000a1   Data           1  rt_cmsis.o(.data)
    os_timer_head                            0x200000a4   Data           4  rt_cmsis.o(.data)
    os_tsk                                   0x200000a8   Data           8  rt_task.o(.data)
    os_tick_irqn                             0x200000b4   Data           4  rt_system.o(.data)
    os_time                                  0x200000b8   Data           4  rt_time.o(.data)
    dbg_msg                                  0x200000bc   Data           1  hal_cm.o(.data)
    os_robin                                 0x200000c0   Data           8  rt_robin.o(.data)
    __stdout                                 0x200000c8   Data           4  stdout.o(.data)
    os_mutex_cb_sensorCoordinates            0x200000d0   Data          16  main.o(.bss)
    os_mutex_cb_wirelessCoordinates          0x200000e0   Data          16  main.o(.bss)
    os_timer_cb_displayTimer                 0x200000f0   Data          20  main.o(.bss)
    os_timer_cb_proximitySensorTimer         0x20000104   Data          20  main.o(.bss)
    mp_tcb                                   0x20000118   Data         376  rtx_conf_cm.o(.bss)
    mp_stk                                   0x20000290   Data        4816  rtx_conf_cm.o(.bss)
    os_stack_mem                             0x20001560   Data        1032  rtx_conf_cm.o(.bss)
    os_fifo                                  0x20001968   Data         132  rtx_conf_cm.o(.bss)
    os_active_TCB                            0x200019ec   Data          28  rtx_conf_cm.o(.bss)
    os_messageQ_q_osTimerMessageQ            0x20001a08   Data          32  rtx_conf_cm.o(.bss)
    os_idle_TCB                              0x20001a28   Data          52  rt_task.o(.bss)
    os_rdy                                   0x20001a5c   Data          24  rt_list.o(.bss)
    os_dly                                   0x20001a74   Data          24  rt_list.o(.bss)
    __initial_sp                             0x20001e90   Data           0  startup_stm32f429_439xx.o(STACK)



==============================================================================

Memory Map of the image

  Image Entry point : 0x080001ad

  Load Region LR_IROM1 (Base: 0x08000000, Size: 0x00031940, Max: 0x00200000, ABSOLUTE)

    Execution Region ER_IROM1 (Base: 0x08000000, Size: 0x00031870, Max: 0x00200000, ABSOLUTE)

    Base Addr    Size         Type   Attr      Idx    E Section Name        Object

    0x08000000   0x000001ac   Data   RO         1095    RESET               startup_stm32f429_439xx.o
    0x080001ac   0x00000000   Code   RO         2367  * .ARM.Collect$$$$00000000  mc_w.l(entry.o)
    0x080001ac   0x00000004   Code   RO         2670    .ARM.Collect$$$$00000001  mc_w.l(entry2.o)
    0x080001b0   0x00000004   Code   RO         2673    .ARM.Collect$$$$00000004  mc_w.l(entry5.o)
    0x080001b4   0x00000000   Code   RO         2675    .ARM.Collect$$$$00000008  mc_w.l(entry7b.o)
    0x080001b4   0x00000000   Code   RO         2677    .ARM.Collect$$$$0000000A  mc_w.l(entry8b.o)
    0x080001b4   0x00000000   Code   RO         2678    .ARM.Collect$$$$0000000D  mc_w.l(entry10a.o)
    0x080001b4   0x00000000   Code   RO         2680    .ARM.Collect$$$$0000000F  mc_w.l(entry11a.o)
    0x080001b4   0x00000018   Code   RO          382    .ARM.Collect$$$$000000FF  rtx_conf_cm.o
    0x080001cc   0x00000004   Code   RO         2671    .ARM.Collect$$$$00002712  mc_w.l(entry2.o)
    0x080001d0   0x00000180   Code   RO         2304    .emb_text           RTX_CM4.lib(hal_cm4.o)
    0x08000350   0x0000040c   Code   RO            3    .text               main.o
    0x0800075c   0x00001b3c   Code   RO          190    .text               stm32f429i_discovery_lcd.o
    0x08002298   0x000003c4   Code   RO          220    .text               stm32f429i_discovery_sdram.o
    0x0800265c   0x00000038   Code   RO          240    .text               fputc_debug.o
    0x08002694   0x00000284   Code   RO          268    .text               proximitysensor.o
    0x08002918   0x00000120   Code   RO          288    .text               motor.o
    0x08002a38   0x000000a8   Code   RO          311    .text               filter.o
    0x08002ae0   0x0000001e   Code   RO          383    .text               rtx_conf_cm.o
    0x08002afe   0x00000002   PAD
    0x08002b00   0x00000464   Code   RO          433    .text               stm32f4xx_adc.o
    0x08002f64   0x000003b4   Code   RO          653    .text               stm32f4xx_dma2d.o
    0x08003318   0x000008ec   Code   RO          713    .text               stm32f4xx_fmc.o
    0x08003c04   0x00000294   Code   RO          733    .text               stm32f4xx_gpio.o
    0x08003e98   0x00000688   Code   RO          853    .text               stm32f4xx_ltdc.o
    0x08004520   0x00000638   Code   RO          893    .text               stm32f4xx_rcc.o
    0x08004b58   0x0000044e   Code   RO          995    .text               stm32f4xx_spi.o
    0x08004fa6   0x00000002   PAD
    0x08004fa8   0x00000ca2   Code   RO         1035    .text               stm32f4xx_tim.o
    0x08005c4a   0x00000002   PAD
    0x08005c4c   0x00000024   Code   RO         1096    .text               startup_stm32f429_439xx.o
    0x08005c70   0x00000244   Code   RO         1102    .text               system_stm32f4xx.o
    0x08005eb4   0x0000014e   Code   RO         2631    .text               mf_w.l(dadd.o)
    0x08006002   0x000000e4   Code   RO         2633    .text               mf_w.l(dmul.o)
    0x080060e6   0x000000de   Code   RO         2635    .text               mf_w.l(ddiv.o)
    0x080061c4   0x0000001a   Code   RO         2637    .text               mf_w.l(dfltui.o)
    0x080061de   0x00000026   Code   RO         2639    .text               mf_w.l(f2d.o)
    0x08006204   0x00000038   Code   RO         2641    .text               mf_w.l(d2f.o)
    0x0800623c   0x0000002c   Code   RO         2683    .text               mc_w.l(uidiv.o)
    0x08006268   0x0000001e   Code   RO         2687    .text               mc_w.l(llshl.o)
    0x08006286   0x00000024   Code   RO         2689    .text               mc_w.l(llsshr.o)
    0x080062aa   0x00000000   Code   RO         2698    .text               mc_w.l(iusefp.o)
    0x080062aa   0x0000006e   Code   RO         2699    .text               mf_w.l(fepilogue.o)
    0x08006318   0x000000b6   Code   RO         2701    .text               mf_w.l(depilogue.o)
    0x080063ce   0x0000002e   Code   RO         2705    .text               mf_w.l(dscalb.o)
    0x080063fc   0x000000a2   Code   RO         2707    .text               mf_w.l(dsqrt.o)
    0x0800649e   0x00000022   Code   RO         2709    .text               mf_w.l(dflti.o)
    0x080064c0   0x00000028   Code   RO         2715    .text               mf_w.l(cdrcmple.o)
    0x080064e8   0x00000024   Code   RO         2717    .text               mc_w.l(init.o)
    0x0800650c   0x00000020   Code   RO         2719    .text               mc_w.l(llushr.o)
    0x0800652c   0x0000003e   Code   RO         2721    .text               mf_w.l(dfixi.o)
    0x0800656a   0x00000002   PAD
    0x0800656c   0x00000004   Code   RO         2314    SVC_TABLE           RTX_CM4.lib(svc_table.o)
    0x08006570   0x00000020   Code   RO         2415    i.__0printf$1       mc_w.l(printf1.o)
    0x08006590   0x00000030   Code   RO         2654    i.__ARM_fpclassify  m_wm.l(fpclassify.o)
    0x080065c0   0x000000d8   Code   RO         2317    i.__hardfp_cos      m_wm.l(cos.o)
    0x08006698   0x00000c38   Code   RO         2329    i.__hardfp_pow      m_wm.l(pow.o)
    0x080072d0   0x000000d8   Code   RO         2343    i.__hardfp_sin      m_wm.l(sin.o)
    0x080073a8   0x0000007a   Code   RO         2355    i.__hardfp_sqrt     m_wm.l(sqrt.o)
    0x08007422   0x00000006   PAD
    0x08007428   0x00000438   Code   RO         2659    i.__ieee754_rem_pio2  m_wm.l(rred.o)
    0x08007860   0x00000170   Code   RO         2643    i.__kernel_cos      m_wm.l(cos_i.o)
    0x080079d0   0x000000f8   Code   RO         2656    i.__kernel_poly     m_wm.l(poly.o)
    0x08007ac8   0x00000130   Code   RO         2664    i.__kernel_sin      m_wm.l(sin_i.o)
    0x08007bf8   0x00000020   Code   RO         2646    i.__mathlib_dbl_underflow  m_wm.l(dunder.o)
    0x08007c18   0x0000000e   Code   RO         2725    i.__scatterload_copy  mc_w.l(handlers.o)
    0x08007c26   0x00000002   Code   RO         2726    i.__scatterload_null  mc_w.l(handlers.o)
    0x08007c28   0x0000000e   Code   RO         2727    i.__scatterload_zeroinit  mc_w.l(handlers.o)
    0x08007c36   0x00000002   PAD
    0x08007c38   0x0000000c   Code   RO         2693    i.__set_errno       mc_w.l(errno.o)
    0x08007c44   0x00000046   Code   RO         2177    i._init_box         RTX_CM4.lib(rt_membox.o)
    0x08007c8a   0x00000002   PAD
    0x08007c8c   0x00000154   Code   RO         2422    i._printf_core      mc_w.l(printf1.o)
    0x08007de0   0x00000030   Code   RO         2230    i.dbg_init          RTX_CM4.lib(hal_cm.o)
    0x08007e10   0x00000020   Code   RO         2231    i.dbg_task_notify   RTX_CM4.lib(hal_cm.o)
    0x08007e30   0x00000010   Code   RO         2232    i.dbg_task_switch   RTX_CM4.lib(hal_cm.o)
    0x08007e40   0x00000018   Code   RO         2650    i.fabs              m_wm.l(fabs.o)
    0x08007e58   0x0000002c   Code   RO         1128    i.isrMessagePut     RTX_CM4.lib(rt_cmsis.o)
    0x08007e84   0x00000028   Code   RO         1905    i.isr_evt_set       RTX_CM4.lib(rt_event.o)
    0x08007eac   0x00000050   Code   RO         2023    i.isr_mbx_receive   RTX_CM4.lib(rt_mailbox.o)
    0x08007efc   0x0000000e   Code   RO         2024    i.isr_mbx_send      RTX_CM4.lib(rt_mailbox.o)
    0x08007f0a   0x00000002   PAD
    0x08007f0c   0x00000018   Code   RO         1129    i.osDelay           RTX_CM4.lib(rt_cmsis.o)
    0x08007f24   0x00000024   Code   RO         1130    i.osKernelInitialize  RTX_CM4.lib(rt_cmsis.o)
    0x08007f48   0x0000006c   Code   RO         1132    i.osKernelStart     RTX_CM4.lib(rt_cmsis.o)
    0x08007fb4   0x00000044   Code   RO         1141    i.osMessageGet      RTX_CM4.lib(rt_cmsis.o)
    0x08007ff8   0x00000030   Code   RO         1143    i.osMutexCreate     RTX_CM4.lib(rt_cmsis.o)
    0x08008028   0x00000018   Code   RO         1145    i.osMutexRelease    RTX_CM4.lib(rt_cmsis.o)
    0x08008040   0x00000018   Code   RO         1146    i.osMutexWait       RTX_CM4.lib(rt_cmsis.o)
    0x08008058   0x00000034   Code   RO         1156    i.osSignalSet       RTX_CM4.lib(rt_cmsis.o)
    0x0800808c   0x00000018   Code   RO         1157    i.osSignalWait      RTX_CM4.lib(rt_cmsis.o)
    0x080080a4   0x00000030   Code   RO         1158    i.osThreadCreate    RTX_CM4.lib(rt_cmsis.o)
    0x080080d4   0x00000018   Code   RO         1159    i.osThreadExit      RTX_CM4.lib(rt_cmsis.o)
    0x080080ec   0x0000000c   Code   RO         1165    i.osTimerCall       RTX_CM4.lib(rt_cmsis.o)
    0x080080f8   0x00000034   Code   RO         1166    i.osTimerCreate     RTX_CM4.lib(rt_cmsis.o)
    0x0800812c   0x00000018   Code   RO         1168    i.osTimerStart      RTX_CM4.lib(rt_cmsis.o)
    0x08008144   0x0000002c   Code   RO         1170    i.osTimerThread     RTX_CM4.lib(rt_cmsis.o)
    0x08008170   0x00000028   Code   RO         1815    i.os_tick_init      RTX_CM4.lib(rt_system.o)
    0x08008198   0x00000002   Code   RO         1816    i.os_tick_irqack    RTX_CM4.lib(rt_system.o)
    0x0800819a   0x0000001a   Code   RO         2178    i.rt_alloc_box      RTX_CM4.lib(rt_membox.o)
    0x080081b4   0x0000003c   Code   RO         2206    i.rt_alloc_mem      RTX_CM4.lib(rt_memory.o)
    0x080081f0   0x00000038   Code   RO         1730    i.rt_block          RTX_CM4.lib(rt_task.o)
    0x08008228   0x00000048   Code   RO         2283    i.rt_chk_robin      RTX_CM4.lib(rt_robin.o)
    0x08008270   0x00000070   Code   RO         1947    i.rt_dec_dly        RTX_CM4.lib(rt_list.o)
    0x080082e0   0x00000044   Code   RO         1731    i.rt_dispatch       RTX_CM4.lib(rt_task.o)
    0x08008324   0x00000006   Code   RO         2113    i.rt_dly_wait       RTX_CM4.lib(rt_time.o)
    0x0800832a   0x00000002   PAD
    0x0800832c   0x00000050   Code   RO         1908    i.rt_evt_psh        RTX_CM4.lib(rt_event.o)
    0x0800837c   0x0000005c   Code   RO         1909    i.rt_evt_set        RTX_CM4.lib(rt_event.o)
    0x080083d8   0x0000003c   Code   RO         1910    i.rt_evt_wait       RTX_CM4.lib(rt_event.o)
    0x08008414   0x00000020   Code   RO         2179    i.rt_free_box       RTX_CM4.lib(rt_membox.o)
    0x08008434   0x00000028   Code   RO         2207    i.rt_free_mem       RTX_CM4.lib(rt_memory.o)
    0x0800845c   0x00000028   Code   RO         1948    i.rt_get_first      RTX_CM4.lib(rt_list.o)
    0x08008484   0x00000008   Code   RO         1175    i.rt_id2obj         RTX_CM4.lib(rt_cmsis.o)
    0x0800848c   0x00000048   Code   RO         1732    i.rt_init_context   RTX_CM4.lib(rt_task.o)
    0x080084d4   0x0000001a   Code   RO         2208    i.rt_init_mem       RTX_CM4.lib(rt_memory.o)
    0x080084ee   0x00000002   PAD
    0x080084f0   0x00000018   Code   RO         2284    i.rt_init_robin     RTX_CM4.lib(rt_robin.o)
    0x08008508   0x00000050   Code   RO         2233    i.rt_init_stack     RTX_CM4.lib(hal_cm.o)
    0x08008558   0x00000008   Code   RO         2025    i.rt_mbx_check      RTX_CM4.lib(rt_mailbox.o)
    0x08008560   0x0000001c   Code   RO         2026    i.rt_mbx_init       RTX_CM4.lib(rt_mailbox.o)
    0x0800857c   0x000000f0   Code   RO         2027    i.rt_mbx_psh        RTX_CM4.lib(rt_mailbox.o)
    0x0800866c   0x000000b0   Code   RO         2029    i.rt_mbx_wait       RTX_CM4.lib(rt_mailbox.o)
    0x0800871c   0x0000003c   Code   RO         1176    i.rt_ms2tick        RTX_CM4.lib(rt_cmsis.o)
    0x08008758   0x00000010   Code   RO         2147    i.rt_mut_init       RTX_CM4.lib(rt_mutex.o)
    0x08008768   0x000000d8   Code   RO         2148    i.rt_mut_release    RTX_CM4.lib(rt_mutex.o)
    0x08008840   0x00000068   Code   RO         2149    i.rt_mut_wait       RTX_CM4.lib(rt_mutex.o)
    0x080088a8   0x0000007c   Code   RO         1819    i.rt_pop_req        RTX_CM4.lib(rt_system.o)
    0x08008924   0x00000020   Code   RO         1820    i.rt_psh_req        RTX_CM4.lib(rt_system.o)
    0x08008944   0x00000058   Code   RO         1950    i.rt_psq_enq        RTX_CM4.lib(rt_list.o)
    0x0800899c   0x00000048   Code   RO         1951    i.rt_put_dly        RTX_CM4.lib(rt_list.o)
    0x080089e4   0x00000036   Code   RO         1952    i.rt_put_prio       RTX_CM4.lib(rt_list.o)
    0x08008a1a   0x00000002   PAD
    0x08008a1c   0x00000014   Code   RO         1953    i.rt_put_rdy_first  RTX_CM4.lib(rt_list.o)
    0x08008a30   0x00000034   Code   RO         1954    i.rt_resort_prio    RTX_CM4.lib(rt_list.o)
    0x08008a64   0x00000010   Code   RO         2234    i.rt_ret_regs       RTX_CM4.lib(hal_cm.o)
    0x08008a74   0x0000000c   Code   RO         2235    i.rt_ret_val        RTX_CM4.lib(hal_cm.o)
    0x08008a80   0x00000010   Code   RO         2236    i.rt_ret_val2       RTX_CM4.lib(hal_cm.o)
    0x08008a90   0x00000028   Code   RO         1955    i.rt_rmv_dly        RTX_CM4.lib(rt_list.o)
    0x08008ab8   0x00000030   Code   RO         1956    i.rt_rmv_list       RTX_CM4.lib(rt_list.o)
    0x08008ae8   0x00000034   Code   RO         2074    i.rt_sem_psh        RTX_CM4.lib(rt_semaphore.o)
    0x08008b1c   0x00000024   Code   RO         1822    i.rt_stk_check      RTX_CM4.lib(rt_system.o)
    0x08008b40   0x00000028   Code   RO         1733    i.rt_switch_req     RTX_CM4.lib(rt_task.o)
    0x08008b68   0x0000010c   Code   RO         1734    i.rt_sys_init       RTX_CM4.lib(rt_task.o)
    0x08008c74   0x00000034   Code   RO         1735    i.rt_sys_start      RTX_CM4.lib(rt_task.o)
    0x08008ca8   0x00000040   Code   RO         1824    i.rt_systick        RTX_CM4.lib(rt_system.o)
    0x08008ce8   0x00000012   Code   RO         1177    i.rt_tid2ptcb       RTX_CM4.lib(rt_cmsis.o)
    0x08008cfa   0x00000002   PAD
    0x08008cfc   0x00000038   Code   RO         1178    i.rt_timer_insert   RTX_CM4.lib(rt_cmsis.o)
    0x08008d34   0x0000003c   Code   RO         1179    i.rt_timer_remove   RTX_CM4.lib(rt_cmsis.o)
    0x08008d70   0x00000084   Code   RO         1736    i.rt_tsk_create     RTX_CM4.lib(rt_task.o)
    0x08008df4   0x00000174   Code   RO         1737    i.rt_tsk_delete     RTX_CM4.lib(rt_task.o)
    0x08008f68   0x0000007c   Code   RO         1739    i.rt_tsk_prio       RTX_CM4.lib(rt_task.o)
    0x08008fe4   0x00000010   Code   RO         1740    i.rt_tsk_self       RTX_CM4.lib(rt_task.o)
    0x08008ff4   0x0000006e   Code   RO         2357    i.sqrt              m_wm.l(sqrt.o)
    0x08009062   0x00000014   Code   RO         1180    i.svcDelay          RTX_CM4.lib(rt_cmsis.o)
    0x08009076   0x00000002   PAD
    0x08009078   0x00000070   Code   RO         1181    i.svcKernelInitialize  RTX_CM4.lib(rt_cmsis.o)
    0x080090e8   0x00000048   Code   RO         1183    i.svcKernelStart    RTX_CM4.lib(rt_cmsis.o)
    0x08009130   0x00000024   Code   RO         1186    i.svcMessageCreate  RTX_CM4.lib(rt_cmsis.o)
    0x08009154   0x0000003a   Code   RO         1187    i.svcMessageGet     RTX_CM4.lib(rt_cmsis.o)
    0x0800918e   0x0000001c   Code   RO         1189    i.svcMutexCreate    RTX_CM4.lib(rt_cmsis.o)
    0x080091aa   0x00000022   Code   RO         1191    i.svcMutexRelease   RTX_CM4.lib(rt_cmsis.o)
    0x080091cc   0x00000036   Code   RO         1192    i.svcMutexWait      RTX_CM4.lib(rt_cmsis.o)
    0x08009202   0x00000024   Code   RO         1199    i.svcSignalSet      RTX_CM4.lib(rt_cmsis.o)
    0x08009226   0x00000002   PAD
    0x08009228   0x00000054   Code   RO         1200    i.svcSignalWait     RTX_CM4.lib(rt_cmsis.o)
    0x0800927c   0x00000070   Code   RO         1201    i.svcThreadCreate   RTX_CM4.lib(rt_cmsis.o)
    0x080092ec   0x0000001c   Code   RO         1202    i.svcThreadGetId    RTX_CM4.lib(rt_cmsis.o)
    0x08009308   0x00000038   Code   RO         1205    i.svcThreadTerminate  RTX_CM4.lib(rt_cmsis.o)
    0x08009340   0x00000018   Code   RO         1207    i.svcTimerCall      RTX_CM4.lib(rt_cmsis.o)
    0x08009358   0x00000038   Code   RO         1208    i.svcTimerCreate    RTX_CM4.lib(rt_cmsis.o)
    0x08009390   0x00000048   Code   RO         1210    i.svcTimerStart     RTX_CM4.lib(rt_cmsis.o)
    0x080093d8   0x00000054   Code   RO         1216    i.sysTimerTick      RTX_CM4.lib(rt_cmsis.o)
    0x0800942c   0x00025848   Data   RO            5    .constdata          main.o
    0x0802ec74   0x000029d0   Data   RO          191    .constdata          stm32f429i_discovery_lcd.o
    0x08031644   0x00000056   Data   RO          385    .constdata          rtx_conf_cm.o
    0x0803169a   0x00000006   PAD
    0x080316a0   0x00000088   Data   RO         2332    .constdata          m_wm.l(pow.o)
    0x08031728   0x00000030   Data   RO         2644    .constdata          m_wm.l(cos_i.o)
    0x08031758   0x00000008   Data   RO         2658    .constdata          m_wm.l(qnan.o)
    0x08031760   0x000000c8   Data   RO         2661    .constdata          m_wm.l(rred.o)
    0x08031828   0x00000028   Data   RO         2665    .constdata          m_wm.l(sin_i.o)
    0x08031850   0x00000020   Data   RO         2723    Region$$Table       anon$$obj.o


    Execution Region RW_IRAM1 (Base: 0x20000000, Size: 0x00001e90, Max: 0x00030000, ABSOLUTE)

    Base Addr    Size         Type   Attr      Idx    E Section Name        Object

    0x20000000   0x00000024   Data   RW            6    .data               main.o
    0x20000024   0x00000030   Data   RW          192    .data               stm32f429i_discovery_lcd.o
    0x20000054   0x00000008   Data   RW          289    .data               motor.o
    0x2000005c   0x00000020   Data   RW          386    .data               rtx_conf_cm.o
    0x2000007c   0x00000010   Data   RW          894    .data               stm32f4xx_rcc.o
    0x2000008c   0x00000014   Data   RW         1103    .data               system_stm32f4xx.o
    0x200000a0   0x00000008   Data   RW         1219    .data               RTX_CM4.lib(rt_cmsis.o)
    0x200000a8   0x00000008   Data   RW         1742    .data               RTX_CM4.lib(rt_task.o)
    0x200000b0   0x00000008   Data   RW         1827    .data               RTX_CM4.lib(rt_system.o)
    0x200000b8   0x00000004   Data   RW         2117    .data               RTX_CM4.lib(rt_time.o)
    0x200000bc   0x00000001   Data   RW         2237    .data               RTX_CM4.lib(hal_cm.o)
    0x200000bd   0x00000003   PAD
    0x200000c0   0x00000008   Data   RW         2285    .data               RTX_CM4.lib(rt_robin.o)
    0x200000c8   0x00000004   Data   RW         2682    .data               mc_w.l(stdout.o)
    0x200000cc   0x00000004   Data   RW         2694    .data               mc_w.l(errno.o)
    0x200000d0   0x00000048   Zero   RW            4    .bss                main.o
    0x20000118   0x00001910   Zero   RW          384    .bss                rtx_conf_cm.o
    0x20001a28   0x00000034   Zero   RW         1741    .bss                RTX_CM4.lib(rt_task.o)
    0x20001a5c   0x00000030   Zero   RW         1957    .bss                RTX_CM4.lib(rt_list.o)
    0x20001a8c   0x00000004   PAD
    0x20001a90   0x00000400   Zero   RW         1093    STACK               startup_stm32f429_439xx.o


==============================================================================

Image component sizes


      Code (inc. data)   RO Data    RW Data    ZI Data      Debug   Object Name

       168         10          0          0          0       1326   filter.o
        56          6          0          0          0      28367   fputc_debug.o
      1036        116     153672         36         72     359627   main.o
       288         16          0          8          0       1485   motor.o
       644         32          0          0          0       1586   proximitysensor.o
        54          6         86         32       6416       7362   rtx_conf_cm.o
        36          8        428          0       1024        876   startup_stm32f429_439xx.o
      6972        122      10704         48          0      18953   stm32f429i_discovery_lcd.o
       964         28          0          0          0       2620   stm32f429i_discovery_sdram.o
      1124         24          0          0          0      10698   stm32f4xx_adc.o
       948         12          0          0          0       5131   stm32f4xx_dma2d.o
      2284         14          0          0          0       7612   stm32f4xx_fmc.o
       660         44          0          0          0       4301   stm32f4xx_gpio.o
      1672         18          0          0          0       8032   stm32f4xx_ltdc.o
      1592         54          0         16          0      13010   stm32f4xx_rcc.o
      1102         32          0          0          0       7069   stm32f4xx_spi.o
      3234         60          0          0          0      22504   stm32f4xx_tim.o
       580         46          0         20          0       2027   system_stm32f4xx.o

    ----------------------------------------------------------------------
     23420        648     164928        160       7512     502586   Object Totals
         0          0         32          0          0          0   (incl. Generated)
         6          0          6          0          0          0   (incl. Padding)

    ----------------------------------------------------------------------

      Code (inc. data)   RO Data    RW Data    ZI Data      Debug   Library Member Name

       220         24          0          1          0       3528   hal_cm.o
       384         28          0          0          0        728   hal_cm4.o
      1824        206          0          8          0      37359   rt_cmsis.o
       272         18          0          0          0       2230   rt_event.o
       526         36          0          0         48       7069   rt_list.o
       546         10          0          0          0       3285   rt_mailbox.o
       128          0          0          0          0       1621   rt_membox.o
       126          0          0          0          0       1935   rt_memory.o
       336         12          0          0          0       1789   rt_mutex.o
        96         22          0          8          0       1050   rt_robin.o
        52          4          0          0          0        497   rt_semaphore.o
       298         54          0          8          0       5667   rt_system.o
      1200        174          0          8         52       8409   rt_task.o
         6          0          0          4          0        548   rt_time.o
         4          4          0          0          0        132   svc_table.o
       216         16          0          0          0        152   cos.o
       368         46         48          0          0        200   cos_i.o
        32          8          0          0          0        124   dunder.o
        24          0          0          0          0        124   fabs.o
        48          0          0          0          0        124   fpclassify.o
       248          0          0          0          0        152   poly.o
      3128        304        136          0          0        216   pow.o
         0          0          8          0          0          0   qnan.o
      1080        142        200          0          0        188   rred.o
       216         16          0          0          0        152   sin.o
       304         24         40          0          0        208   sin_i.o
       232          0          0          0          0        296   sqrt.o
         0          0          0          0          0          0   entry.o
         0          0          0          0          0          0   entry10a.o
         0          0          0          0          0          0   entry11a.o
         8          4          0          0          0          0   entry2.o
         4          0          0          0          0          0   entry5.o
         0          0          0          0          0          0   entry7b.o
         0          0          0          0          0          0   entry8b.o
        12          6          0          4          0         68   errno.o
        30          0          0          0          0          0   handlers.o
        36          8          0          0          0         68   init.o
         0          0          0          0          0          0   iusefp.o
        30          0          0          0          0         68   llshl.o
        36          0          0          0          0         68   llsshr.o
        32          0          0          0          0         68   llushr.o
       372         14          0          0          0        184   printf1.o
         0          0          0          4          0          0   stdout.o
        44          0          0          0          0         80   uidiv.o
        40          2          0          0          0         68   cdrcmple.o
        56          0          0          0          0         88   d2f.o
       334          0          0          0          0        148   dadd.o
       222          0          0          0          0        100   ddiv.o
       182          0          0          0          0        176   depilogue.o
        62          0          0          0          0         80   dfixi.o
        34          0          0          0          0         76   dflti.o
        26          0          0          0          0         76   dfltui.o
       228          0          0          0          0         96   dmul.o
        46          0          0          0          0         80   dscalb.o
       162          0          0          0          0        100   dsqrt.o
        38          0          0          0          0         68   f2d.o
       110          0          0          0          0        168   fepilogue.o

    ----------------------------------------------------------------------
     14084       1182        432         48        104      79711   Library Totals
        26          0          0          3          4          0   (incl. Padding)

    ----------------------------------------------------------------------

      Code (inc. data)   RO Data    RW Data    ZI Data      Debug   Library Name

      6018        592          0         37        100      75847   RTX_CM4.lib
      5896        556        432          0          0       1936   m_wm.l
       604         32          0          8          0        604   mc_w.l
      1540          2          0          0          0       1324   mf_w.l

    ----------------------------------------------------------------------
     14084       1182        432         48        104      79711   Library Totals

    ----------------------------------------------------------------------

==============================================================================


      Code (inc. data)   RO Data    RW Data    ZI Data      Debug   

     37504       1830     165360        208       7616     566965   Grand Totals
     37504       1830     165360        208       7616     566965   ELF Image Totals
     37504       1830     165360        208          0          0   ROM Totals

==============================================================================

    Total RO  Size (Code + RO Data)               202864 ( 198.11kB)
    Total RW  Size (RW Data + ZI Data)              7824 (   7.64kB)
    Total ROM Size (Code + RO Data + RW Data)     203072 ( 198.31kB)

==============================================================================

